ASxxxx Linker V03.00 + NoICE + sdld,  page 1.
Hexadecimal  [32-Bits]

Area                                    Addr        Size        Decimal Bytes (Attributes)
--------------------------------        ----        ----        ------- ----- ------------
.  .ABS.                            00000000    00000000 =           0. bytes (ABS,CON)

      Value  Global                              Global Defined In Module
      -----  --------------------------------   ------------------------
     00000000  .__.ABS.                           
     00000000  _rRAMG                             
     00000000  l__BASE                         
     00000000  l__BSS                          
     00000000  l__CABS                         
     00000000  l__CODE_0                       
     00000000  l__CRASH_HEADER                 
     00000000  l__CRASH_SCRATCH                
     00000000  l__DABS                         
     00000000  l__EHL_TRAMPOLINE               
     00000000  l__HEADER                       
     00000000  l__HEADER_LCD                   
     00000000  l__HEADER_SIO                   
     00000000  l__HEADER_TIMER                 
     00000000  l__HEAP                         
     00000000  l__HRAM                         
     00000000  l__LIT                          
     00000000  s__CABS                         
     00000000  s__CRASH_HEADER                 
     00000000  s__CRASH_HEADER0                
     00000000  s__CRASH_HEADER1                
     00000000  s__CRASH_SCRATCH                
     00000000  s__CRASH_SCRATCH2               
     00000000  s__DABS                         
     00000000  s__EHL_TRAMPOLINE               
     00000000  s__EHL_TRAMPOLINE0              
     00000000  s__HEADER                       
     00000000  s__HEADER0                      
     00000000  s__HEADER1                      
     00000000  s__HEADER10                     
     00000000  s__HEADER11                     
     00000000  s__HEADER2                      
     00000000  s__HEADER3                      
     00000000  s__HEADER4                      
     00000000  s__HEADER5                      
     00000000  s__HEADER6                      
     00000000  s__HEADER7                      
     00000000  s__HEADER8                      
     00000000  s__HEADER9                      
     00000000  s__HEADER_LCD                   
     00000000  s__HEADER_LCD0                  
     00000000  s__HEADER_SIO                   
     00000000  s__HEADER_SIO0                  
     00000000  s__HEADER_TIMER                 
     00000000  s__HEADER_TIMER0                
     00000000  s__HEADERa                      
     00000000  s__HEADERb                      
     00000000  s__HEADERc                      
     00000000  s__HEADERd                      
     00000000  s__HEADERe                      
ASxxxx Linker V03.00 + NoICE + sdld,  page 2.
Hexadecimal  [32-Bits]

Area                                    Addr        Size        Decimal Bytes (Attributes)
--------------------------------        ----        ----        ------- ----- ------------
.  .ABS.                            00000000    00000000 =           0. bytes (ABS,CON)

      Value  Global                              Global Defined In Module
      -----  --------------------------------   ------------------------
     00000000  s__HEADERf                      
     00000000  s__HRAM                         
     00000000  s__HRAM12                       
     00000001  ___bank_ACTOR                      actor
     00000001  ___bank_VM_ACTOR                   vm_actor
     00000001  ___bank_VM_SGB                     vm_sgb
     00000001  ___bank_scene_14_sprites           scene_14_sprites
     00000001  ___bank_scene_20_actors            scene_20_actors
     00000001  ___bank_script_input_0             script_input_0
     00000001  b_activate_actor                   actor
     00000001  b_activate_actors_in_col           actor
     00000001  b_activate_actors_in_row           actor
     00000001  b_actor_at_tile                    actor
     00000001  b_actor_get_frame_offset           actor
     00000001  b_actor_in_front_of_player         actor
     00000001  b_actor_overlapping_bb             actor
     00000001  b_actor_overlapping_player         actor
     00000001  b_actor_set_anim_idle              actor
     00000001  b_actor_set_anim_moving            actor
     00000001  b_actor_set_dir                    actor
     00000001  b_actor_set_frame_offset           actor
     00000001  b_actor_set_frames                 actor
     00000001  b_actors_handle_player_collision   actor
     00000001  b_actors_init                      actor
     00000001  b_check_collision_in_direction     actor
     00000001  b_deactivate_actor                 actor
     00000001  b_player_init                      actor
     00000001  b_ui_draw_frame                    ui
     00000001  b_ui_draw_text_buffer_char         ui
     00000001  b_ui_init                          ui
     00000001  b_ui_load_tiles                    ui
     00000001  b_ui_run_menu                      ui
     00000001  b_ui_run_modal                     ui
     00000001  b_ui_set_start_tile                ui
     00000001  b_vm_actor_activate                vm_actor
     00000001  b_vm_actor_deactivate              vm_actor
     00000001  b_vm_actor_emote                   vm_actor
     00000001  b_vm_actor_get_angle               vm_actor
     00000001  b_vm_actor_get_anim_frame          vm_actor
     00000001  b_vm_actor_get_dir                 vm_actor
     00000001  b_vm_actor_get_pos                 vm_actor
     00000001  b_vm_actor_move_cancel             vm_actor
     00000001  b_vm_actor_move_to                 vm_actor
     00000001  b_vm_actor_replace_tile            vm_actor
     00000001  b_vm_actor_set_anim                vm_actor
     00000001  b_vm_actor_set_anim_frame          vm_actor
     00000001  b_vm_actor_set_anim_set            vm_actor
     00000001  b_vm_actor_set_anim_tick           vm_actor
     00000001  b_vm_actor_set_bounds              vm_actor
     00000001  b_vm_actor_set_dir                 vm_actor
     00000001  b_vm_actor_set_flags               vm_actor
ASxxxx Linker V03.00 + NoICE + sdld,  page 3.
Hexadecimal  [32-Bits]

Area                                    Addr        Size        Decimal Bytes (Attributes)
--------------------------------        ----        ----        ------- ----- ------------
.  .ABS.                            00000000    00000000 =           0. bytes (ABS,CON)

      Value  Global                              Global Defined In Module
      -----  --------------------------------   ------------------------
     00000001  b_vm_actor_set_move_speed          vm_actor
     00000001  b_vm_actor_set_pos                 vm_actor
     00000001  b_vm_actor_set_spritesheet         vm_actor
     00000001  b_vm_actor_set_spritesheet_by_re   vm_actor
     00000001  b_vm_actor_terminate_update        vm_actor
     00000001  l__GSFINAL                      
     00000001  l__HEADER0                      
     00000001  l__HEADER11                     
     00000001  l__HEADER9                      
     00000001  l__HEADERa                      
     00000001  l__HEADERb                      
     00000001  l__HEADERd                      
     00000001  l__HEADERe                      
     00000002  ___bank_VM_MAIN                    vm
     00000002  ___bank_font_gbs_mono              font_gbs_mono
     00000002  ___bank_script_input_10            script_input_10
     00000002  ___bank_script_input_11            script_input_11
     00000002  ___bank_song_admin_rights_full_D   song_admin_rights_full_Data
     00000002  ___bank_song_curiosity_black__Da   song_curiosity_black__Data
     00000002  ___mute_mask_sound_cat_meow_vgm    sound_cat_meow_vgm
     00000002  ___mute_mask_sound_hurt_vgm        sound_hurt_vgm
     00000002  ___mute_mask_sound_notso_confirm   sound_notso_confirm_vgm
     00000002  ___mute_mask_sound_powerup_vgm     sound_powerup_vgm
     00000002  ___mute_mask_sound_press_start_v   sound_press_start_vgm
     00000002  b_logo_init                        logo
     00000002  b_logo_update                      logo
     00000002  b_script_detach_hthread            vm
     00000002  b_script_execute                   vm
     00000002  b_script_runner_init               vm
     00000002  b_script_terminate                 vm
     00000002  b_trigger_activate_at              trigger
     00000002  b_trigger_activate_at_intersecti   trigger
     00000002  b_trigger_at_intersection          trigger
     00000002  b_trigger_at_tile                  trigger
     00000002  b_trigger_interact                 trigger
     00000002  b_trigger_reset                    trigger
     00000002  b_vm_call                          vm
     00000002  b_vm_call_far                      vm
     00000002  b_vm_get_indirect                  vm
     00000002  b_vm_get_int16                     vm
     00000002  b_vm_get_int8                      vm
     00000002  b_vm_get_tlocal                    vm
     00000002  b_vm_get_uint8                     vm
     00000002  b_vm_idle                          vm
     00000002  b_vm_if                            vm
     00000002  b_vm_if_const                      vm
     00000002  b_vm_init_rng                      vm
     00000002  b_vm_invoke                        vm
     00000002  b_vm_join                          vm
     00000002  b_vm_jump                          vm
     00000002  b_vm_lock                          vm
ASxxxx Linker V03.00 + NoICE + sdld,  page 4.
Hexadecimal  [32-Bits]

Area                                    Addr        Size        Decimal Bytes (Attributes)
--------------------------------        ----        ----        ------- ----- ------------
.  .ABS.                            00000000    00000000 =           0. bytes (ABS,CON)

      Value  Global                              Global Defined In Module
      -----  --------------------------------   ------------------------
     00000002  b_vm_loop                          vm
     00000002  b_vm_memcpy                        vm
     00000002  b_vm_memset                        vm
     00000002  b_vm_poll_loaded                   vm
     00000002  b_vm_pop                           vm
     00000002  b_vm_push                          vm
     00000002  b_vm_push_reference                vm
     00000002  b_vm_push_value                    vm
     00000002  b_vm_push_value_ind                vm
     00000002  b_vm_raise                         vm
     00000002  b_vm_rand                          vm
     00000002  b_vm_reserve                       vm
     00000002  b_vm_ret                           vm
     00000002  b_vm_ret_far                       vm
     00000002  b_vm_set                           vm
     00000002  b_vm_set_const                     vm
     00000002  b_vm_set_const_int16               vm
     00000002  b_vm_set_const_int8                vm
     00000002  b_vm_set_indirect                  vm
     00000002  b_vm_set_int16                     vm
     00000002  b_vm_set_int8                      vm
     00000002  b_vm_set_uint8                     vm
     00000002  b_vm_terminate                     vm
     00000002  b_vm_test_terminate                vm
     00000002  b_vm_unlock                        vm
     00000002  b_wait_frames                      vm
     00000002  l__HEADER5                      
     00000002  l__HEADERc                      
     00000002  l__HEADERf                      
     00000003  ___bank_VM_UI                      vm_ui
     00000003  ___bank_sound_powerup_vgm          sound_powerup_vgm
     00000003  b_acceleration                     platform
     00000003  b_basic_anim                       platform
     00000003  b_basic_x_col                      platform
     00000003  b_basic_y_col                      platform
     00000003  b_deceleration                     platform
     00000003  b_ladder_check                     platform
     00000003  b_platform_init                    platform
     00000003  b_platform_update                  platform
     00000003  b_vm_choice                        vm_ui
     00000003  b_vm_display_text                  vm_ui
     00000003  b_vm_overlay_clear                 vm_ui
     00000003  b_vm_overlay_move_to               vm_ui
     00000003  b_vm_overlay_scroll                vm_ui
     00000003  b_vm_overlay_set_map               vm_ui
     00000003  b_vm_overlay_set_scroll            vm_ui
     00000003  b_vm_overlay_set_submap            vm_ui
     00000003  b_vm_overlay_set_submap_ex         vm_ui
     00000003  b_vm_overlay_setpos                vm_ui
     00000003  b_vm_overlay_show                  vm_ui
     00000003  b_vm_overlay_wait                  vm_ui
ASxxxx Linker V03.00 + NoICE + sdld,  page 5.
Hexadecimal  [32-Bits]

Area                                    Addr        Size        Decimal Bytes (Attributes)
--------------------------------        ----        ----        ------- ----- ------------
.  .ABS.                            00000000    00000000 =           0. bytes (ABS,CON)

      Value  Global                              Global Defined In Module
      -----  --------------------------------   ------------------------
     00000003  b_vm_set_font                      vm_ui
     00000003  b_vm_set_text_sound                vm_ui
     00000003  b_vm_switch_text_layer             vm_ui
     00000003  b_wall_check                       platform
     00000003  l__HEADER8                      
     00000003  l__HEADER_LCD0                  
     00000003  l__HRAM12                       
     00000004  ___bank_VM_GAMEBOY                 vm_gameboy
     00000004  ___bank_bg_game_over_tilemap_att   bg_game_over_tilemap_attr
     00000004  ___bank_bg_info_screen_tileset     bg_info_screen_tileset
     00000004  ___bank_bg_logotipo_tileset        bg_logotipo_tileset
     00000004  ___bank_bg_no_support_tileset      bg_no_support_tileset
     00000004  ___bank_cursor_image               cursor_image
     00000004  b_adventure_init                   adventure
     00000004  b_adventure_update                 adventure
     00000004  b_do_load_palette                  data_manager
     00000004  b_load_background                  data_manager
     00000004  b_load_bkg_tileset                 data_manager
     00000004  b_load_bounds                      data_manager
     00000004  b_load_emote                       data_manager
     00000004  b_load_init                        data_manager
     00000004  b_load_player                      data_manager
     00000004  b_load_scene                       data_manager
     00000004  b_load_sprite                      data_manager
     00000004  b_scroll_init                      scroll
     00000004  b_scroll_repaint                   scroll
     00000004  b_scroll_reset                     scroll
     00000004  b_scroll_update                    scroll
     00000004  b_shmup_init                       shmup
     00000004  b_shmup_update                     shmup
     00000004  b_topdown_init                     topdown
     00000004  b_topdown_update                   topdown
     00000004  b_vm_context_prepare               vm_gameboy
     00000004  b_vm_fade                          vm_gameboy
     00000004  b_vm_get_tile_xy                   vm_gameboy
     00000004  b_vm_input_attach                  vm_gameboy
     00000004  b_vm_input_detach                  vm_gameboy
     00000004  b_vm_input_get                     vm_gameboy
     00000004  b_vm_input_wait                    vm_gameboy
     00000004  b_vm_load_tiles                    vm_gameboy
     00000004  b_vm_load_tileset                  vm_gameboy
     00000004  b_vm_poll                          vm_gameboy
     00000004  b_vm_replace_tile                  vm_gameboy
     00000004  b_vm_replace_tile_xy               vm_gameboy
     00000004  b_vm_rumble                        vm_gameboy
     00000004  b_vm_set_sprite_mode               vm_gameboy
     00000004  b_vm_set_sprites_visible           vm_gameboy
     00000004  b_vm_timer_prepare                 vm_gameboy
     00000004  b_vm_timer_reset                   vm_gameboy
     00000004  b_vm_timer_set                     vm_gameboy
     00000004  b_vm_timer_stop                    vm_gameboy
ASxxxx Linker V03.00 + NoICE + sdld,  page 6.
Hexadecimal  [32-Bits]

Area                                    Addr        Size        Decimal Bytes (Attributes)
--------------------------------        ----        ----        ------- ----- ------------
.  .ABS.                            00000000    00000000 =           0. bytes (ABS,CON)

      Value  Global                              Global Defined In Module
      -----  --------------------------------   ------------------------
     00000004  l__CRASH_HEADER1                
     00000004  l__HEADER_SIO0                  
     00000004  l__HEADER_TIMER0                
     00000005  ___bank_VM_CAMERA                  vm_camera
     00000005  ___bank_VM_MUSIC                   vm_music
     00000005  ___bank_VM_PALETTE                 vm_palette
     00000005  ___bank_VM_SIO                     vm_sio
     00000005  ___bank_bg_game_over_tilemap       bg_game_over_tilemap
     00000005  ___bank_bg_info_screen_tilemap     bg_info_screen_tilemap
     00000005  ___bank_bg_level_01_tilemap        bg_level_01_tilemap
     00000005  ___bank_bg_level_01_tilemap_attr   bg_level_01_tilemap_attr
     00000005  ___bank_bg_level_02_tilemap        bg_level_02_tilemap
     00000005  ___bank_bg_level_02_tilemap_attr   bg_level_02_tilemap_attr
     00000005  ___bank_bg_level_03_tilemap        bg_level_03_tilemap
     00000005  ___bank_bg_level_03_tilemap_attr   bg_level_03_tilemap_attr
     00000005  ___bank_bg_level_04_tilemap        bg_level_04_tilemap
     00000005  ___bank_bg_level_04_tilemap_attr   bg_level_04_tilemap_attr
     00000005  ___bank_bg_level_05_tilemap        bg_level_05_tilemap
     00000005  ___bank_bg_level_05_tilemap_attr   bg_level_05_tilemap_attr
     00000005  ___bank_bg_level_06_tilemap        bg_level_06_tilemap
     00000005  ___bank_bg_level_06_tilemap_attr   bg_level_06_tilemap_attr
     00000005  ___bank_bg_level_07_tilemap        bg_level_07_tilemap
     00000005  ___bank_bg_level_07_tilemap_attr   bg_level_07_tilemap_attr
     00000005  ___bank_bg_level_08_tilemap_attr   bg_level_08_tilemap_attr
     00000005  ___bank_bg_title_screen_tileset    bg_title_screen_tileset
     00000005  ___bank_bg_win_tileset             bg_win_tileset
     00000005  ___bank_scene_16_sprites           scene_16_sprites
     00000005  b___HandleCrash_banked             
     00000005  b_camera_shake_frames              vm_camera
     00000005  b_core_reset                       core
     00000005  b_core_run                         core
     00000005  b_data_clear                       load_save
     00000005  b_data_init                        load_save
     00000005  b_data_load                        load_save
     00000005  b_data_peek                        load_save
     00000005  b_data_save                        load_save
     00000005  b_fade_applypalettechange          fade_manager
     00000005  b_fade_in                          fade_manager
     00000005  b_fade_in_modal                    fade_manager
     00000005  b_fade_init                        fade_manager
     00000005  b_fade_out                         fade_manager
     00000005  b_fade_out_modal                   fade_manager
     00000005  b_fade_setspeed                    fade_manager
     00000005  b_fade_update                      fade_manager
     00000005  b_gbprinter_detect                 gbprinter
     00000005  b_gbprinter_print_overlay          gbprinter
     00000005  b_pointnclick_init                 pointnclick
     00000005  b_pointnclick_update               pointnclick
     00000005  b_projectile_launch                projectiles
     00000005  b_projectiles_init                 projectiles
     00000005  b_set_sgb_border                   sgb_border
ASxxxx Linker V03.00 + NoICE + sdld,  page 7.
Hexadecimal  [32-Bits]

Area                                    Addr        Size        Decimal Bytes (Attributes)
--------------------------------        ----        ----        ------- ----- ------------
.  .ABS.                            00000000    00000000 =           0. bytes (ABS,CON)

      Value  Global                              Global Defined In Module
      -----  --------------------------------   ------------------------
     00000005  b_vm_camera_move_to                vm_camera
     00000005  b_vm_camera_set_pos                vm_camera
     00000005  b_vm_load_palette                  vm_palette
     00000005  b_vm_music_mute                    vm_music
     00000005  b_vm_music_play                    vm_music
     00000005  b_vm_music_routine                 vm_music
     00000005  b_vm_music_setpos                  vm_music
     00000005  b_vm_music_stop                    vm_music
     00000005  b_vm_sfx_play                      vm_music
     00000005  b_vm_sio_exchange                  vm_sio
     00000005  b_vm_sio_set_mode                  vm_sio
     00000005  b_vm_sound_mastervol               vm_music
     00000005  l__CRASH_HEADER0                
     00000005  l__HEADER1                      
     00000006  ___bank_bg_level_08_tilemap        bg_level_08_tilemap
     00000006  ___bank_bg_level_09_tilemap        bg_level_09_tilemap
     00000006  ___bank_bg_level_09_tilemap_attr   bg_level_09_tilemap_attr
     00000006  ___bank_bg_level_10_tilemap        bg_level_10_tilemap
     00000006  ___bank_bg_level_10_tilemap_attr   bg_level_10_tilemap_attr
     00000006  ___bank_bg_level_11_tilemap        bg_level_11_tilemap
     00000006  ___bank_bg_level_11_tilemap_attr   bg_level_11_tilemap_attr
     00000006  ___bank_bg_level_12_tilemap        bg_level_12_tilemap
     00000006  ___bank_bg_level_12_tilemap_attr   bg_level_12_tilemap_attr
     00000006  ___bank_bg_level_13_tilemap        bg_level_13_tilemap
     00000006  ___bank_bg_level_13_tilemap_attr   bg_level_13_tilemap_attr
     00000006  ___bank_bg_level_14_tilemap        bg_level_14_tilemap
     00000006  ___bank_bg_level_14_tilemap_attr   bg_level_14_tilemap_attr
     00000006  ___bank_bg_level_15_tilemap        bg_level_15_tilemap
     00000006  ___bank_bg_level_15_tilemap_attr   bg_level_15_tilemap_attr
     00000006  ___bank_bg_level_16_tilemap        bg_level_16_tilemap
     00000006  ___bank_bg_level_16_tilemap_attr   bg_level_16_tilemap_attr
     00000006  ___bank_bg_level_17_tilemap        bg_level_17_tilemap
     00000006  ___bank_bg_level_17_tilemap_attr   bg_level_17_tilemap_attr
     00000006  ___bank_bg_level_19_tilemap        bg_level_19_tilemap
     00000006  ___bank_bg_level_19_tilemap_attr   bg_level_19_tilemap_attr
     00000006  ___bank_bg_level_20_tilemap        bg_level_20_tilemap
     00000006  ___bank_bg_level_20_tilemap_attr   bg_level_20_tilemap_attr
     00000006  ___bank_bg_level_21_tilemap        bg_level_21_tilemap
     00000006  ___bank_bg_level_21_tilemap_attr   bg_level_21_tilemap_attr
     00000006  ___bank_bg_level_22_tilemap        bg_level_22_tilemap
     00000006  ___bank_bg_level_22_tilemap_attr   bg_level_22_tilemap_attr
     00000006  ___bank_bg_level_23_tilemap        bg_level_23_tilemap
     00000006  ___bank_bg_level_23_tilemap_attr   bg_level_23_tilemap_attr
     00000006  ___bank_bg_level_24_tilemap        bg_level_24_tilemap
     00000006  ___bank_bg_level_24_tilemap_attr   bg_level_24_tilemap_attr
     00000006  ___bank_bg_level_25_tilemap        bg_level_25_tilemap
     00000006  ___bank_bg_level_25_tilemap_attr   bg_level_25_tilemap_attr
     00000006  ___bank_bg_logotipo_tilemap        bg_logotipo_tilemap
     00000006  ___bank_bg_mapas_tilemap           bg_mapas_tilemap
     00000006  ___bank_bg_mapas_tilemap_attr      bg_mapas_tilemap_attr
     00000006  ___bank_bg_no_support_tilemap      bg_no_support_tilemap
ASxxxx Linker V03.00 + NoICE + sdld,  page 8.
Hexadecimal  [32-Bits]

Area                                    Addr        Size        Decimal Bytes (Attributes)
--------------------------------        ----        ----        ------- ----- ------------
.  .ABS.                            00000000    00000000 =           0. bytes (ABS,CON)

      Value  Global                              Global Defined In Module
      -----  --------------------------------   ------------------------
     00000006  ___bank_bg_title_screen_tilemap    bg_title_screen_tilemap
     00000006  ___bank_bg_win_tilemap             bg_win_tilemap
     00000006  ___bank_scene_10_collisions        scene_10_collisions
     00000006  ___bank_scene_11_collisions        scene_11_collisions
     00000006  ___bank_scene_12_collisions        scene_12_collisions
     00000006  ___bank_scene_13_collisions        scene_13_collisions
     00000006  ___bank_scene_14_collisions        scene_14_collisions
     00000006  ___bank_scene_17_sprites           scene_17_sprites
     00000006  ___bank_scene_1_collisions         scene_1_collisions
     00000006  ___bank_sound_notso_confirm_vgm    sound_notso_confirm_vgm
     00000006  l__HEADER7                      
     00000007  ___bank_VM_GBPRINTER               vm_gbprinter
     00000007  ___bank_VM_MATH                    vm_math
     00000007  ___bank_VM_PROJECTILE              vm_projectiles
     00000007  ___bank_VM_RTC                     vm_rtc
     00000007  ___bank_VM_SCENE                   vm_scene
     00000007  ___bank_actor_23_update            actor_23_update
     00000007  ___bank_actor_50_update            actor_50_update
     00000007  ___bank_actor_65_update            actor_65_update
     00000007  ___bank_scene_14_actors            scene_14_actors
     00000007  ___bank_scene_15_collisions        scene_15_collisions
     00000007  ___bank_scene_16_actors            scene_16_actors
     00000007  ___bank_scene_16_collisions        scene_16_collisions
     00000007  ___bank_scene_17_actors            scene_17_actors
     00000007  ___bank_scene_17_collisions        scene_17_collisions
     00000007  ___bank_scene_18_actors            scene_18_actors
     00000007  ___bank_scene_18_collisions        scene_18_collisions
     00000007  ___bank_scene_19_collisions        scene_19_collisions
     00000007  ___bank_scene_20_collisions        scene_20_collisions
     00000007  ___bank_scene_21_actors            scene_21_actors
     00000007  ___bank_scene_21_collisions        scene_21_collisions
     00000007  ___bank_scene_22_actors            scene_22_actors
     00000007  ___bank_scene_22_collisions        scene_22_collisions
     00000007  ___bank_scene_23_actors            scene_23_actors
     00000007  ___bank_scene_23_collisions        scene_23_collisions
     00000007  ___bank_scene_24_actors            scene_24_actors
     00000007  ___bank_scene_24_collisions        scene_24_collisions
     00000007  ___bank_scene_25_actors            scene_25_actors
     00000007  ___bank_scene_25_collisions        scene_25_collisions
     00000007  ___bank_scene_26_actors            scene_26_actors
     00000007  ___bank_scene_26_collisions        scene_26_collisions
     00000007  ___bank_scene_27_actors            scene_27_actors
     00000007  ___bank_scene_27_collisions        scene_27_collisions
     00000007  ___bank_scene_28_actors            scene_28_actors
     00000007  ___bank_scene_28_collisions        scene_28_collisions
     00000007  ___bank_scene_29_actors            scene_29_actors
     00000007  ___bank_scene_29_collisions        scene_29_collisions
     00000007  ___bank_scene_2_collisions         scene_2_collisions
     00000007  ___bank_scene_30_actors            scene_30_actors
     00000007  ___bank_scene_30_collisions        scene_30_collisions
     00000007  ___bank_scene_31_actors            scene_31_actors
ASxxxx Linker V03.00 + NoICE + sdld,  page 9.
Hexadecimal  [32-Bits]

Area                                    Addr        Size        Decimal Bytes (Attributes)
--------------------------------        ----        ----        ------- ----- ------------
.  .ABS.                            00000000    00000000 =           0. bytes (ABS,CON)

      Value  Global                              Global Defined In Module
      -----  --------------------------------   ------------------------
     00000007  ___bank_scene_31_collisions        scene_31_collisions
     00000007  ___bank_scene_3_collisions         scene_3_collisions
     00000007  ___bank_scene_4_collisions         scene_4_collisions
     00000007  ___bank_scene_5_collisions         scene_5_collisions
     00000007  ___bank_scene_6_collisions         scene_6_collisions
     00000007  ___bank_scene_7_collisions         scene_7_collisions
     00000007  ___bank_scene_8_collisions         scene_8_collisions
     00000007  ___bank_scene_9_collisions         scene_9_collisions
     00000007  ___bank_script_engine_init         
     00000007  ___bank_script_input_12            script_input_12
     00000007  ___bank_sprite_press_start         sprite_press_start
     00000007  ___bank_sprite_press_start_tiles   sprite_press_start_tileset
     00000007  ___bank_sprite_static_tileset      sprite_static_tileset
     00000007  b_erase_flash                      
     00000007  b_itoa_fmt                         vm_ui_a
     00000007  b_music_events_poll                music_manager
     00000007  b_music_init_driver                music_manager
     00000007  b_music_init_events                music_manager
     00000007  b_parallax_init                    parallax
     00000007  b_save_sram_banks                  
     00000007  b_vm_cos_scale                     vm_math
     00000007  b_vm_print_detect                  vm_gbprinter
     00000007  b_vm_print_overlay                 vm_gbprinter
     00000007  b_vm_projectile_launch             vm_projectiles
     00000007  b_vm_projectile_load_type          vm_projectiles
     00000007  b_vm_rtc_get                       vm_rtc
     00000007  b_vm_rtc_latch                     vm_rtc
     00000007  b_vm_rtc_set                       vm_rtc
     00000007  b_vm_rtc_start                     vm_rtc
     00000007  b_vm_scene_pop                     vm_scene
     00000007  b_vm_scene_pop_all                 vm_scene
     00000007  b_vm_scene_push                    vm_scene
     00000007  b_vm_scene_stack_reset             vm_scene
     00000007  b_vm_sin_scale                     vm_math
     00000007  l__HEADER2                      
     00000008  ___bank_VM_LOAD_SAVE               vm_load_save
     00000008  ___bank_actor_100_interact         actor_100_interact
     00000008  ___bank_actor_101_interact         actor_101_interact
     00000008  ___bank_actor_104_interact         actor_104_interact
     00000008  ___bank_actor_107_interact         actor_107_interact
     00000008  ___bank_actor_11_interact          actor_11_interact
     00000008  ___bank_actor_12_interact          actor_12_interact
     00000008  ___bank_actor_17_interact          actor_17_interact
     00000008  ___bank_actor_22_interact          actor_22_interact
     00000008  ___bank_actor_24_interact          actor_24_interact
     00000008  ___bank_actor_28_interact          actor_28_interact
     00000008  ___bank_actor_2_interact           actor_2_interact
     00000008  ___bank_actor_33_interact          actor_33_interact
     00000008  ___bank_actor_37_update            actor_37_update
     00000008  ___bank_actor_38_interact          actor_38_interact
     00000008  ___bank_actor_39_interact          actor_39_interact
ASxxxx Linker V03.00 + NoICE + sdld,  page 10.
Hexadecimal  [32-Bits]

Area                                    Addr        Size        Decimal Bytes (Attributes)
--------------------------------        ----        ----        ------- ----- ------------
.  .ABS.                            00000000    00000000 =           0. bytes (ABS,CON)

      Value  Global                              Global Defined In Module
      -----  --------------------------------   ------------------------
     00000008  ___bank_actor_44_interact          actor_44_interact
     00000008  ___bank_actor_45_interact          actor_45_interact
     00000008  ___bank_actor_49_interact          actor_49_interact
     00000008  ___bank_actor_51_interact          actor_51_interact
     00000008  ___bank_actor_55_interact          actor_55_interact
     00000008  ___bank_actor_60_update            actor_60_update
     00000008  ___bank_actor_63_interact          actor_63_interact
     00000008  ___bank_actor_66_interact          actor_66_interact
     00000008  ___bank_actor_69_interact          actor_69_interact
     00000008  ___bank_actor_70_interact          actor_70_interact
     00000008  ___bank_actor_71_interact          actor_71_interact
     00000008  ___bank_actor_76_update            actor_76_update
     00000008  ___bank_actor_78_interact          actor_78_interact
     00000008  ___bank_actor_7_update             actor_7_update
     00000008  ___bank_actor_81_interact          actor_81_interact
     00000008  ___bank_actor_82_update            actor_82_update
     00000008  ___bank_actor_83_interact          actor_83_interact
     00000008  ___bank_actor_86_interact          actor_86_interact
     00000008  ___bank_actor_87_interact          actor_87_interact
     00000008  ___bank_actor_89_interact          actor_89_interact
     00000008  ___bank_actor_8_interact           actor_8_interact
     00000008  ___bank_actor_91_interact          actor_91_interact
     00000008  ___bank_actor_92_interact          actor_92_interact
     00000008  ___bank_actor_94_interact          actor_94_interact
     00000008  ___bank_actor_95_interact          actor_95_interact
     00000008  ___bank_actor_96_interact          actor_96_interact
     00000008  ___bank_actor_99_interact          actor_99_interact
     00000008  ___bank_bg_game_over_tileset       bg_game_over_tileset
     00000008  ___bank_bg_level_21_tileset        bg_level_21_tileset
     00000008  ___bank_frame_image                frame_image
     00000008  ___bank_scene_11_actors            scene_11_actors
     00000008  ___bank_scene_11_init              scene_11_init
     00000008  ___bank_scene_12_actors            scene_12_actors
     00000008  ___bank_scene_12_init              scene_12_init
     00000008  ___bank_scene_13_actors            scene_13_actors
     00000008  ___bank_scene_13_init              scene_13_init
     00000008  ___bank_scene_14_init              scene_14_init
     00000008  ___bank_scene_15_actors            scene_15_actors
     00000008  ___bank_scene_15_init              scene_15_init
     00000008  ___bank_scene_16_init              scene_16_init
     00000008  ___bank_scene_17_init              scene_17_init
     00000008  ___bank_scene_18_init              scene_18_init
     00000008  ___bank_scene_1_actors             scene_1_actors
     00000008  ___bank_scene_1_init               scene_1_init
     00000008  ___bank_scene_20_init              scene_20_init
     00000008  ___bank_scene_21_init              scene_21_init
     00000008  ___bank_scene_22_init              scene_22_init
     00000008  ___bank_scene_23_init              scene_23_init
     00000008  ___bank_scene_24_init              scene_24_init
     00000008  ___bank_scene_25_init              scene_25_init
     00000008  ___bank_scene_26_init              scene_26_init
ASxxxx Linker V03.00 + NoICE + sdld,  page 11.
Hexadecimal  [32-Bits]

Area                                    Addr        Size        Decimal Bytes (Attributes)
--------------------------------        ----        ----        ------- ----- ------------
.  .ABS.                            00000000    00000000 =           0. bytes (ABS,CON)

      Value  Global                              Global Defined In Module
      -----  --------------------------------   ------------------------
     00000008  ___bank_scene_27_init              scene_27_init
     00000008  ___bank_scene_28_init              scene_28_init
     00000008  ___bank_scene_29_init              scene_29_init
     00000008  ___bank_scene_2_init               scene_2_init
     00000008  ___bank_scene_30_init              scene_30_init
     00000008  ___bank_scene_31_init              scene_31_init
     00000008  ___bank_scene_3_init               scene_3_init
     00000008  ___bank_scene_4_actors             scene_4_actors
     00000008  ___bank_scene_4_init               scene_4_init
     00000008  ___bank_scene_5_actors             scene_5_actors
     00000008  ___bank_scene_5_init               scene_5_init
     00000008  ___bank_scene_6_actors             scene_6_actors
     00000008  ___bank_scene_6_init               scene_6_init
     00000008  ___bank_scene_7_init               scene_7_init
     00000008  ___bank_scene_8_actors             scene_8_actors
     00000008  ___bank_scene_8_init               scene_8_init
     00000008  ___bank_scene_9_actors             scene_9_actors
     00000008  ___bank_scene_9_init               scene_9_init
     00000008  ___bank_script_1                   script_1
     00000008  ___bank_sound_cat_meow_vgm         sound_cat_meow_vgm
     00000008  ___bank_sound_press_start_vgm      sound_press_start_vgm
     00000008  ___bank_sprite_blocks_copia        sprite_blocks_copia
     00000008  ___bank_sprite_blocks_copia_tile   sprite_blocks_copia_tileset
     00000008  ___bank_sprite_static              sprite_static
     00000008  ___bank_trigger_0_interact         trigger_0_interact
     00000008  ___bank_trigger_10_interact        trigger_10_interact
     00000008  ___bank_trigger_11_interact        trigger_11_interact
     00000008  ___bank_trigger_12_interact        trigger_12_interact
     00000008  ___bank_trigger_13_interact        trigger_13_interact
     00000008  ___bank_trigger_14_interact        trigger_14_interact
     00000008  ___bank_trigger_15_interact        trigger_15_interact
     00000008  ___bank_trigger_16_interact        trigger_16_interact
     00000008  ___bank_trigger_17_interact        trigger_17_interact
     00000008  ___bank_trigger_18_interact        trigger_18_interact
     00000008  ___bank_trigger_19_interact        trigger_19_interact
     00000008  ___bank_trigger_1_interact         trigger_1_interact
     00000008  ___bank_trigger_20_interact        trigger_20_interact
     00000008  ___bank_trigger_21_interact        trigger_21_interact
     00000008  ___bank_trigger_22_interact        trigger_22_interact
     00000008  ___bank_trigger_23_interact        trigger_23_interact
     00000008  ___bank_trigger_24_interact        trigger_24_interact
     00000008  ___bank_trigger_25_interact        trigger_25_interact
     00000008  ___bank_trigger_26_interact        trigger_26_interact
     00000008  ___bank_trigger_27_interact        trigger_27_interact
     00000008  ___bank_trigger_28_interact        trigger_28_interact
     00000008  ___bank_trigger_29_interact        trigger_29_interact
     00000008  ___bank_trigger_2_interact         trigger_2_interact
     00000008  ___bank_trigger_30_interact        trigger_30_interact
     00000008  ___bank_trigger_31_interact        trigger_31_interact
     00000008  ___bank_trigger_32_interact        trigger_32_interact
     00000008  ___bank_trigger_33_interact        trigger_33_interact
ASxxxx Linker V03.00 + NoICE + sdld,  page 12.
Hexadecimal  [32-Bits]

Area                                    Addr        Size        Decimal Bytes (Attributes)
--------------------------------        ----        ----        ------- ----- ------------
.  .ABS.                            00000000    00000000 =           0. bytes (ABS,CON)

      Value  Global                              Global Defined In Module
      -----  --------------------------------   ------------------------
     00000008  ___bank_trigger_34_interact        trigger_34_interact
     00000008  ___bank_trigger_35_interact        trigger_35_interact
     00000008  ___bank_trigger_36_interact        trigger_36_interact
     00000008  ___bank_trigger_37_interact        trigger_37_interact
     00000008  ___bank_trigger_38_interact        trigger_38_interact
     00000008  ___bank_trigger_39_interact        trigger_39_interact
     00000008  ___bank_trigger_3_interact         trigger_3_interact
     00000008  ___bank_trigger_40_interact        trigger_40_interact
     00000008  ___bank_trigger_41_interact        trigger_41_interact
     00000008  ___bank_trigger_42_interact        trigger_42_interact
     00000008  ___bank_trigger_43_interact        trigger_43_interact
     00000008  ___bank_trigger_44_interact        trigger_44_interact
     00000008  ___bank_trigger_45_interact        trigger_45_interact
     00000008  ___bank_trigger_46_interact        trigger_46_interact
     00000008  ___bank_trigger_47_interact        trigger_47_interact
     00000008  ___bank_trigger_48_interact        trigger_48_interact
     00000008  ___bank_trigger_49_interact        trigger_49_interact
     00000008  ___bank_trigger_4_interact         trigger_4_interact
     00000008  ___bank_trigger_50_interact        trigger_50_interact
     00000008  ___bank_trigger_51_interact        trigger_51_interact
     00000008  ___bank_trigger_52_interact        trigger_52_interact
     00000008  ___bank_trigger_53_interact        trigger_53_interact
     00000008  ___bank_trigger_54_interact        trigger_54_interact
     00000008  ___bank_trigger_55_interact        trigger_55_interact
     00000008  ___bank_trigger_56_interact        trigger_56_interact
     00000008  ___bank_trigger_57_interact        trigger_57_interact
     00000008  ___bank_trigger_58_interact        trigger_58_interact
     00000008  ___bank_trigger_59_interact        trigger_59_interact
     00000008  ___bank_trigger_5_interact         trigger_5_interact
     00000008  ___bank_trigger_60_interact        trigger_60_interact
     00000008  ___bank_trigger_61_interact        trigger_61_interact
     00000008  ___bank_trigger_62_interact        trigger_62_interact
     00000008  ___bank_trigger_6_interact         trigger_6_interact
     00000008  ___bank_trigger_7_interact         trigger_7_interact
     00000008  ___bank_trigger_8_interact         trigger_8_interact
     00000008  ___bank_trigger_9_interact         trigger_9_interact
     00000008  b_CGBZeroPalette                   palette
     00000008  b_events_init                      events
     00000008  b_palette_init                     palette
     00000008  b_restore_sram                     flasher
     00000008  b_restore_sram_bank                flasher
     00000008  b_save_sram                        flasher
     00000008  b_timers_init                      events
     00000008  b_vm_save_clear                    vm_load_save
     00000008  b_vm_save_peek                     vm_load_save
     00000008  l__HEADER3                      
     00000009  ___bank_actor_0_update             actor_0_update
     00000009  ___bank_actor_102_update           actor_102_update
     00000009  ___bank_actor_103_update           actor_103_update
     00000009  ___bank_actor_105_interact         actor_105_interact
     00000009  ___bank_actor_108_interact         actor_108_interact
ASxxxx Linker V03.00 + NoICE + sdld,  page 13.
Hexadecimal  [32-Bits]

Area                                    Addr        Size        Decimal Bytes (Attributes)
--------------------------------        ----        ----        ------- ----- ------------
.  .ABS.                            00000000    00000000 =           0. bytes (ABS,CON)

      Value  Global                              Global Defined In Module
      -----  --------------------------------   ------------------------
     00000009  ___bank_actor_10_update            actor_10_update
     00000009  ___bank_actor_112_interact         actor_112_interact
     00000009  ___bank_actor_113_interact         actor_113_interact
     00000009  ___bank_actor_13_interact          actor_13_interact
     00000009  ___bank_actor_14_update            actor_14_update
     00000009  ___bank_actor_15_update            actor_15_update
     00000009  ___bank_actor_16_interact          actor_16_interact
     00000009  ___bank_actor_18_interact          actor_18_interact
     00000009  ___bank_actor_18_update            actor_18_update
     00000009  ___bank_actor_19_update            actor_19_update
     00000009  ___bank_actor_20_update            actor_20_update
     00000009  ___bank_actor_21_update            actor_21_update
     00000009  ___bank_actor_25_update            actor_25_update
     00000009  ___bank_actor_26_update            actor_26_update
     00000009  ___bank_actor_27_interact          actor_27_interact
     00000009  ___bank_actor_29_interact          actor_29_interact
     00000009  ___bank_actor_30_update            actor_30_update
     00000009  ___bank_actor_31_update            actor_31_update
     00000009  ___bank_actor_32_interact          actor_32_interact
     00000009  ___bank_actor_34_update            actor_34_update
     00000009  ___bank_actor_35_update            actor_35_update
     00000009  ___bank_actor_36_update            actor_36_update
     00000009  ___bank_actor_3_update             actor_3_update
     00000009  ___bank_actor_40_interact          actor_40_interact
     00000009  ___bank_actor_41_update            actor_41_update
     00000009  ___bank_actor_42_update            actor_42_update
     00000009  ___bank_actor_43_interact          actor_43_interact
     00000009  ___bank_actor_46_update            actor_46_update
     00000009  ___bank_actor_47_update            actor_47_update
     00000009  ___bank_actor_48_update            actor_48_update
     00000009  ___bank_actor_4_update             actor_4_update
     00000009  ___bank_actor_52_interact          actor_52_interact
     00000009  ___bank_actor_53_update            actor_53_update
     00000009  ___bank_actor_54_update            actor_54_update
     00000009  ___bank_actor_56_interact          actor_56_interact
     00000009  ___bank_actor_57_interact          actor_57_interact
     00000009  ___bank_actor_58_update            actor_58_update
     00000009  ___bank_actor_59_interact          actor_59_interact
     00000009  ___bank_actor_59_update            actor_59_update
     00000009  ___bank_actor_5_update             actor_5_update
     00000009  ___bank_actor_61_update            actor_61_update
     00000009  ___bank_actor_62_update            actor_62_update
     00000009  ___bank_actor_64_update            actor_64_update
     00000009  ___bank_actor_67_update            actor_67_update
     00000009  ___bank_actor_68_update            actor_68_update
     00000009  ___bank_actor_6_update             actor_6_update
     00000009  ___bank_actor_72_interact          actor_72_interact
     00000009  ___bank_actor_73_update            actor_73_update
     00000009  ___bank_actor_74_interact          actor_74_interact
     00000009  ___bank_actor_75_interact          actor_75_interact
     00000009  ___bank_actor_77_interact          actor_77_interact
ASxxxx Linker V03.00 + NoICE + sdld,  page 14.
Hexadecimal  [32-Bits]

Area                                    Addr        Size        Decimal Bytes (Attributes)
--------------------------------        ----        ----        ------- ----- ------------
.  .ABS.                            00000000    00000000 =           0. bytes (ABS,CON)

      Value  Global                              Global Defined In Module
      -----  --------------------------------   ------------------------
     00000009  ___bank_actor_79_update            actor_79_update
     00000009  ___bank_actor_80_interact          actor_80_interact
     00000009  ___bank_actor_84_interact          actor_84_interact
     00000009  ___bank_actor_85_update            actor_85_update
     00000009  ___bank_actor_88_update            actor_88_update
     00000009  ___bank_actor_90_update            actor_90_update
     00000009  ___bank_actor_93_update            actor_93_update
     00000009  ___bank_actor_97_update            actor_97_update
     00000009  ___bank_actor_98_update            actor_98_update
     00000009  ___bank_actor_9_update             actor_9_update
     00000009  ___bank_bg_game_over               bg_game_over
     00000009  ___bank_bg_info_screen             bg_info_screen
     00000009  ___bank_bg_level_01                bg_level_01
     00000009  ___bank_bg_level_02                bg_level_02
     00000009  ___bank_bg_level_03                bg_level_03
     00000009  ___bank_bg_level_04                bg_level_04
     00000009  ___bank_bg_level_05                bg_level_05
     00000009  ___bank_bg_level_06                bg_level_06
     00000009  ___bank_bg_level_07                bg_level_07
     00000009  ___bank_bg_level_08                bg_level_08
     00000009  ___bank_bg_level_09                bg_level_09
     00000009  ___bank_bg_level_10                bg_level_10
     00000009  ___bank_bg_level_11                bg_level_11
     00000009  ___bank_bg_level_12                bg_level_12
     00000009  ___bank_bg_level_13                bg_level_13
     00000009  ___bank_bg_level_14                bg_level_14
     00000009  ___bank_bg_level_15                bg_level_15
     00000009  ___bank_bg_level_16                bg_level_16
     00000009  ___bank_bg_level_17                bg_level_17
     00000009  ___bank_bg_level_19                bg_level_19
     00000009  ___bank_bg_level_20                bg_level_20
     00000009  ___bank_bg_level_20_tileset        bg_level_20_tileset
     00000009  ___bank_bg_level_21                bg_level_21
     00000009  ___bank_bg_level_22                bg_level_22
     00000009  ___bank_bg_level_23                bg_level_23
     00000009  ___bank_bg_level_23_tileset        bg_level_23_tileset
     00000009  ___bank_bg_level_24                bg_level_24
     00000009  ___bank_bg_level_25                bg_level_25
     00000009  ___bank_bg_level_25_tileset        bg_level_25_tileset
     00000009  ___bank_bg_logotipo                bg_logotipo
     00000009  ___bank_bg_mapas                   bg_mapas
     00000009  ___bank_bg_no_support              bg_no_support
     00000009  ___bank_bg_title_screen            bg_title_screen
     00000009  ___bank_bg_win                     bg_win
     00000009  ___bank_bootstrap_script           
     00000009  ___bank_palette_0                  palette_0
     00000009  ___bank_palette_1                  palette_1
     00000009  ___bank_palette_2                  palette_2
     00000009  ___bank_palette_3                  palette_3
     00000009  ___bank_palette_4                  palette_4
     00000009  ___bank_palette_5                  palette_5
ASxxxx Linker V03.00 + NoICE + sdld,  page 15.
Hexadecimal  [32-Bits]

Area                                    Addr        Size        Decimal Bytes (Attributes)
--------------------------------        ----        ----        ------- ----- ------------
.  .ABS.                            00000000    00000000 =           0. bytes (ABS,CON)

      Value  Global                              Global Defined In Module
      -----  --------------------------------   ------------------------
     00000009  ___bank_palette_6                  palette_6
     00000009  ___bank_palette_7                  palette_7
     00000009  ___bank_palette_8                  palette_8
     00000009  ___bank_palette_9                  palette_9
     00000009  ___bank_scene_1                    scene_1
     00000009  ___bank_scene_10                   scene_10
     00000009  ___bank_scene_10_init              scene_10_init
     00000009  ___bank_scene_11                   scene_11
     00000009  ___bank_scene_11_sprites           scene_11_sprites
     00000009  ___bank_scene_11_triggers          scene_11_triggers
     00000009  ___bank_scene_12                   scene_12
     00000009  ___bank_scene_12_sprites           scene_12_sprites
     00000009  ___bank_scene_12_triggers          scene_12_triggers
     00000009  ___bank_scene_13                   scene_13
     00000009  ___bank_scene_13_sprites           scene_13_sprites
     00000009  ___bank_scene_13_triggers          scene_13_triggers
     00000009  ___bank_scene_14                   scene_14
     00000009  ___bank_scene_14_triggers          scene_14_triggers
     00000009  ___bank_scene_15                   scene_15
     00000009  ___bank_scene_15_p_hit1            scene_15_p_hit1
     00000009  ___bank_scene_15_sprites           scene_15_sprites
     00000009  ___bank_scene_15_triggers          scene_15_triggers
     00000009  ___bank_scene_16                   scene_16
     00000009  ___bank_scene_16_p_hit1            scene_16_p_hit1
     00000009  ___bank_scene_16_triggers          scene_16_triggers
     00000009  ___bank_scene_17                   scene_17
     00000009  ___bank_scene_17_p_hit1            scene_17_p_hit1
     00000009  ___bank_scene_17_triggers          scene_17_triggers
     00000009  ___bank_scene_18                   scene_18
     00000009  ___bank_scene_18_p_hit1            scene_18_p_hit1
     00000009  ___bank_scene_18_sprites           scene_18_sprites
     00000009  ___bank_scene_18_triggers          scene_18_triggers
     00000009  ___bank_scene_19                   scene_19
     00000009  ___bank_scene_19_init              scene_19_init
     00000009  ___bank_scene_1_sprites            scene_1_sprites
     00000009  ___bank_scene_1_triggers           scene_1_triggers
     00000009  ___bank_scene_2                    scene_2
     00000009  ___bank_scene_20                   scene_20
     00000009  ___bank_scene_20_p_hit1            scene_20_p_hit1
     00000009  ___bank_scene_20_sprites           scene_20_sprites
     00000009  ___bank_scene_20_triggers          scene_20_triggers
     00000009  ___bank_scene_21                   scene_21
     00000009  ___bank_scene_21_p_hit1            scene_21_p_hit1
     00000009  ___bank_scene_21_sprites           scene_21_sprites
     00000009  ___bank_scene_21_triggers          scene_21_triggers
     00000009  ___bank_scene_22                   scene_22
     00000009  ___bank_scene_22_p_hit1            scene_22_p_hit1
     00000009  ___bank_scene_22_sprites           scene_22_sprites
     00000009  ___bank_scene_22_triggers          scene_22_triggers
     00000009  ___bank_scene_23                   scene_23
     00000009  ___bank_scene_23_p_hit1            scene_23_p_hit1
ASxxxx Linker V03.00 + NoICE + sdld,  page 16.
Hexadecimal  [32-Bits]

Area                                    Addr        Size        Decimal Bytes (Attributes)
--------------------------------        ----        ----        ------- ----- ------------
.  .ABS.                            00000000    00000000 =           0. bytes (ABS,CON)

      Value  Global                              Global Defined In Module
      -----  --------------------------------   ------------------------
     00000009  ___bank_scene_23_sprites           scene_23_sprites
     00000009  ___bank_scene_23_triggers          scene_23_triggers
     00000009  ___bank_scene_24                   scene_24
     00000009  ___bank_scene_24_p_hit1            scene_24_p_hit1
     00000009  ___bank_scene_24_sprites           scene_24_sprites
     00000009  ___bank_scene_24_triggers          scene_24_triggers
     00000009  ___bank_scene_25                   scene_25
     00000009  ___bank_scene_25_p_hit1            scene_25_p_hit1
     00000009  ___bank_scene_25_sprites           scene_25_sprites
     00000009  ___bank_scene_25_triggers          scene_25_triggers
     00000009  ___bank_scene_26                   scene_26
     00000009  ___bank_scene_26_p_hit1            scene_26_p_hit1
     00000009  ___bank_scene_26_sprites           scene_26_sprites
     00000009  ___bank_scene_26_triggers          scene_26_triggers
     00000009  ___bank_scene_27                   scene_27
     00000009  ___bank_scene_27_p_hit1            scene_27_p_hit1
     00000009  ___bank_scene_27_sprites           scene_27_sprites
     00000009  ___bank_scene_27_triggers          scene_27_triggers
     00000009  ___bank_scene_28                   scene_28
     00000009  ___bank_scene_28_p_hit1            scene_28_p_hit1
     00000009  ___bank_scene_28_sprites           scene_28_sprites
     00000009  ___bank_scene_28_triggers          scene_28_triggers
     00000009  ___bank_scene_29                   scene_29
     00000009  ___bank_scene_29_p_hit1            scene_29_p_hit1
     00000009  ___bank_scene_29_sprites           scene_29_sprites
     00000009  ___bank_scene_29_triggers          scene_29_triggers
     00000009  ___bank_scene_3                    scene_3
     00000009  ___bank_scene_30                   scene_30
     00000009  ___bank_scene_30_p_hit1            scene_30_p_hit1
     00000009  ___bank_scene_30_sprites           scene_30_sprites
     00000009  ___bank_scene_30_triggers          scene_30_triggers
     00000009  ___bank_scene_31                   scene_31
     00000009  ___bank_scene_31_sprites           scene_31_sprites
     00000009  ___bank_scene_3_actors             scene_3_actors
     00000009  ___bank_scene_3_sprites            scene_3_sprites
     00000009  ___bank_scene_4                    scene_4
     00000009  ___bank_scene_4_sprites            scene_4_sprites
     00000009  ___bank_scene_4_triggers           scene_4_triggers
     00000009  ___bank_scene_5                    scene_5
     00000009  ___bank_scene_5_sprites            scene_5_sprites
     00000009  ___bank_scene_5_triggers           scene_5_triggers
     00000009  ___bank_scene_6                    scene_6
     00000009  ___bank_scene_6_sprites            scene_6_sprites
     00000009  ___bank_scene_6_triggers           scene_6_triggers
     00000009  ___bank_scene_7                    scene_7
     00000009  ___bank_scene_8                    scene_8
     00000009  ___bank_scene_8_sprites            scene_8_sprites
     00000009  ___bank_scene_8_triggers           scene_8_triggers
     00000009  ___bank_scene_9                    scene_9
     00000009  ___bank_scene_9_sprites            scene_9_sprites
     00000009  ___bank_scene_9_triggers           scene_9_triggers
ASxxxx Linker V03.00 + NoICE + sdld,  page 17.
Hexadecimal  [32-Bits]

Area                                    Addr        Size        Decimal Bytes (Attributes)
--------------------------------        ----        ----        ------- ----- ------------
.  .ABS.                            00000000    00000000 =           0. bytes (ABS,CON)

      Value  Global                              Global Defined In Module
      -----  --------------------------------   ------------------------
     00000009  ___bank_script_input_1             script_input_1
     00000009  ___bank_script_input_13            script_input_13
     00000009  ___bank_script_input_14            script_input_14
     00000009  ___bank_script_input_15            script_input_15
     00000009  ___bank_script_input_16            script_input_16
     00000009  ___bank_script_input_17            script_input_17
     00000009  ___bank_script_input_18            script_input_18
     00000009  ___bank_script_input_19            script_input_19
     00000009  ___bank_script_input_2             script_input_2
     00000009  ___bank_script_input_20            script_input_20
     00000009  ___bank_script_input_21            script_input_21
     00000009  ___bank_script_input_22            script_input_22
     00000009  ___bank_script_input_23            script_input_23
     00000009  ___bank_script_input_24            script_input_24
     00000009  ___bank_script_input_25            script_input_25
     00000009  ___bank_script_input_3             script_input_3
     00000009  ___bank_script_input_4             script_input_4
     00000009  ___bank_script_input_5             script_input_5
     00000009  ___bank_script_input_6             script_input_6
     00000009  ___bank_script_input_7             script_input_7
     00000009  ___bank_script_input_8             script_input_8
     00000009  ___bank_script_input_9             script_input_9
     00000009  ___bank_sound_hurt_vgm             sound_hurt_vgm
     00000009  ___bank_sprite_blocks              sprite_blocks
     00000009  ___bank_sprite_blocks_tileset      sprite_blocks_tileset
     00000009  ___bank_sprite_collectible_03_co   sprite_collectible_03_copia
     00000009  ___bank_sprite_collectible_03_co   sprite_collectible_03_copia_
     00000009  ___bank_sprite_double_blocks       sprite_double_blocks
     00000009  ___bank_sprite_flag_copia          sprite_flag_copia
     00000009  ___bank_sprite_flag_copia_tilese   sprite_flag_copia_tileset
     00000009  ___bank_sprite_player_copia        sprite_player_copia
     00000009  ___bank_sprite_player_copia_0      sprite_player_copia_0
     00000009  ___bank_sprite_player_copia_0_ti   sprite_player_copia_0_tilese
     00000009  ___bank_sprite_player_copia_tile   sprite_player_copia_tileset
     00000009  ___bank_spritesheet_none           spritesheet_none
     00000009  b_SIO_init                         sio
     00000009  b_camera_init                      camera
     00000009  b_camera_reset                     camera
     00000009  b_input_init                       input
     00000009  b_remove_LCD_ISRs                  interrupts
     00000009  b_scroll_rect                      
     0000000C  __start_save                    
     00000011  l__EHL_TRAMPOLINE0              
     00000019  l__INITIALIZED                  
     00000019  l__INITIALIZER                  
     0000002D  l__GSINIT                       
     00000030  l__HEADER6                      
     0000004E  l__HEADER4                      
     00000082  l__HEADER10                     
     000001CB  l__CRASH_SCRATCH2               
     00000200  s__CODE                         
ASxxxx Linker V03.00 + NoICE + sdld,  page 18.
Hexadecimal  [32-Bits]

Area                                    Addr        Size        Decimal Bytes (Attributes)
--------------------------------        ----        ----        ------- ----- ------------
.  .ABS.                            00000000    00000000 =           0. bytes (ABS,CON)

      Value  Global                              Global Defined In Module
      -----  --------------------------------   ------------------------
     000007A4  l__CODE                         
     000009A4  s__HOME                         
     000019C9  l__DATA                         
     00002000  _rROMB0                            
     000021CB  l__CODE_9                       
     00002C7E  l__HOME                         
     00003000  _rROMB1                            
     00003622  s__BASE                         
     00003622  s__CODE_0                       
     00003622  s__INITIALIZER                  
     00003622  s__LIT                          
     0000363B  s__GSINIT                       
     00003668  s__GSFINAL                      
     00003FF3  l__CODE_1                       
     00004000  _RTC_SELECT_REG                    vm_rtc
     00004000  _rRAMB                             
     00004000  l__CODE_2                       
     00004000  l__CODE_3                       
     00004000  l__CODE_4                       
     00004000  l__CODE_5                       
     00004000  l__CODE_6                       
     00004000  l__CODE_7                       
     00004000  l__CODE_8                       
     00006000  _RTC_LATCH_REG                     vm_rtc
     00008000  __VRAM                             
     00008000  __VRAM8000                         
     00008800  __VRAM8800                         
     00009000  __VRAM9000                         
     00009800  __SCRN0                            
     00009C00  __SCRN1                            
     0000A000  _RTC_VALUE_REG                     vm_rtc
     0000A000  __SRAM                             
     0000C000  __RAM                              
     0000C000  _shadow_OAM                     
     0000C0A0  s__DATA                         
     0000D000  __RAMBANK                          
     0000DA69  s__BSS                          
     0000DA69  s__INITIALIZED                  
     0000DA82  s__HEAP                         
     0000DF00  .STACK                          
     0000DF00  _shadow_OAM2                       absolute
     0000DFA0  _BkgPalette                        absolute
     0000DFE0  _vwf_tile_data                     absolute
     0000FE00  __OAMRAM                           
     0000FF00  _P1_REG                            
     0000FF00  __IO                               
     0000FF01  _SB_REG                            
     0000FF02  _SC_REG                            
     0000FF04  _DIV_REG                           
     0000FF05  _TIMA_REG                          
     0000FF06  _TMA_REG                           
ASxxxx Linker V03.00 + NoICE + sdld,  page 19.
Hexadecimal  [32-Bits]

Area                                    Addr        Size        Decimal Bytes (Attributes)
--------------------------------        ----        ----        ------- ----- ------------
.  .ABS.                            00000000    00000000 =           0. bytes (ABS,CON)

      Value  Global                              Global Defined In Module
      -----  --------------------------------   ------------------------
     0000FF07  _TAC_REG                           
     0000FF0F  _IF_REG                            
     0000FF10  _NR10_REG                          
     0000FF11  _NR11_REG                          
     0000FF12  _NR12_REG                          
     0000FF13  _NR13_REG                          
     0000FF14  _NR14_REG                          
     0000FF16  _NR21_REG                          
     0000FF17  _NR22_REG                          
     0000FF18  _NR23_REG                          
     0000FF19  _NR24_REG                          
     0000FF1A  _NR30_REG                          
     0000FF1B  _NR31_REG                          
     0000FF1C  _NR32_REG                          
     0000FF1D  _NR33_REG                          
     0000FF1E  _NR34_REG                          
     0000FF20  _NR41_REG                          
     0000FF21  _NR42_REG                          
     0000FF22  _NR43_REG                          
     0000FF23  _NR44_REG                          
     0000FF24  _NR50_REG                          
     0000FF25  _NR51_REG                          
     0000FF26  _NR52_REG                          
     0000FF30  _AUD3WAVE                          
     0000FF30  _PCM_SAMPLE                        
     0000FF30  __AUD3WAVERAM                      
     0000FF40  _LCDC_REG                          
     0000FF41  _STAT_REG                          
     0000FF42  _SCY_REG                           
     0000FF43  _SCX_REG                           
     0000FF44  _LY_REG                            
     0000FF45  _LYC_REG                           
     0000FF46  _DMA_REG                           
     0000FF47  _BGP_REG                           
     0000FF48  _OBP0_REG                          
     0000FF49  _OBP1_REG                          
     0000FF4A  _WY_REG                            
     0000FF4B  _WX_REG                            
     0000FF4D  _KEY1_REG                          
     0000FF4F  _VBK_REG                           
     0000FF51  _HDMA1_REG                         
     0000FF52  _HDMA2_REG                         
     0000FF53  _HDMA3_REG                         
     0000FF54  _HDMA4_REG                         
     0000FF55  _HDMA5_REG                         
     0000FF56  _RP_REG                            
     0000FF68  _BCPS_REG                          
     0000FF69  _BCPD_REG                          
     0000FF6A  _OCPS_REG                          
     0000FF6B  _OCPD_REG                          
     0000FF70  _SVBK_REG                          
ASxxxx Linker V03.00 + NoICE + sdld,  page 20.
Hexadecimal  [32-Bits]

Area                                    Addr        Size        Decimal Bytes (Attributes)
--------------------------------        ----        ----        ------- ----- ------------
.  .ABS.                            00000000    00000000 =           0. bytes (ABS,CON)

      Value  Global                              Global Defined In Module
      -----  --------------------------------   ------------------------
     0000FF76  _PCM12_REG                         
     0000FF77  _PCM34_REG                         
     0000FF80  .refresh_OAM                    
     0000FF80  __HRAM                             
     0000FFFF  _IE_REG                            
     00014000  s__CODE_1                       
     00024000  s__CODE_2                       
     00034000  s__CODE_3                       
     00044000  s__CODE_4                       
     00054000  s__CODE_5                       
     00064000  s__CODE_6                       
     00074000  s__CODE_7                       
     00084000  s__CODE_8                       
     00094000  s__CODE_9                       

ASxxxx Linker V03.00 + NoICE + sdld,  page 21.
Hexadecimal  [32-Bits]

Area                                    Addr        Size        Decimal Bytes (Attributes)
--------------------------------        ----        ----        ------- ----- ------------
_CODE                               00000200    000007A4 =        1956. bytes (REL,CON)

      Value  Global                              Global Defined In Module
      -----  --------------------------------   ------------------------
     00000200  ___HandleCrash                     
     0000020A  _SIO_send_byte                     
     0000021D  _SIO_receive                       
     0000022E  _SetTile                           
     0000023D  _set_win_tile_xy                   
     00000242  _set_bkg_tile_xy                   
     00000265  _GetWinAddr                        
     0000026D  _GetBkgAddr                        
     0000027B  _state_init                        
     00000280  _state_update                      
     000002A2  _ui_time_masks                     
     000002AA  _ui_print_shift_char               
     0000032D  _ui_draw_frame_row                 
     00000336  .ui_draw_frame_row                 
     0000035F  _script_cmds                       vm_instructions
     00000593  _save_signature                    game_signature
     00000597  _start_scene_x                     
     00000599  _start_scene_y                     
     0000059B  _start_scene_dir                   
     0000059C  _start_scene                       
     0000059F  _start_player_move_speed           
     000005A0  _start_player_anim_tick            
     000005A1  _ui_fonts                          
     000005A4  _core_reset_hook                   main
     000005AC  _main                              main
     000005B4  _state_start_fns                   
     000005C6  _state_update_fns                  
     000005D8  _get_vram_byte                     
     000005E5  _get_win_tile_xy                   
     000005ED  _get_bkg_tile_xy                   
     00000614  _set_sprite_palette                CGB
     00000619  _set_bkg_palette                   CGB
     0000061C  .set_palette                       CGB
     0000063B  _set_sprite_palette_entry          CGB
     00000640  _set_bkg_palette_entry             CGB
     00000643  .set_palette_entry                 CGB
     0000067C  gbt_get_pattern_ptr_banked         
     0000069B  _gbt_play                          
     00000756  _gbt_pause                         
     00000767  _gbt_loop                          
     0000076E  _gbt_stop                          
     00000779  _gbt_enable_channels               
     00000780  _gbt_update                        
     00000885  _hide_sprites_range                Metasprites
     000008B5  .sgb_check                         
     000008B5  _sgb_check                         
     000008FD  _sgb_transfer                      
     00000902  .sgb_transfer                      
     00000943  ___move_metasprite                 Metasprites
     00000982  _cpu_slow                          CGB
ASxxxx Linker V03.00 + NoICE + sdld,  page 22.
Hexadecimal  [32-Bits]

Area                                    Addr        Size        Decimal Bytes (Attributes)
--------------------------------        ----        ----        ------- ----- ------------
_CODE                               00000200    000007A4 =        1956. bytes (REL,CON)

      Value  Global                              Global Defined In Module
      -----  --------------------------------   ------------------------
     0000099D  _cpu_fast                          CGB
ASxxxx Linker V03.00 + NoICE + sdld,  page 23.
Hexadecimal  [32-Bits]

Area                                    Addr        Size        Decimal Bytes (Attributes)
--------------------------------        ----        ----        ------- ----- ------------
_HEADER0                            00000000    00000001 =           1. bytes (ABS,CON)

      Value  Global                              Global Defined In Module
      -----  --------------------------------   ------------------------
     00000020  .call_hl                           Runtime

ASxxxx Linker V03.00 + NoICE + sdld,  page 24.
Hexadecimal  [32-Bits]

Area                                    Addr        Size        Decimal Bytes (Attributes)
--------------------------------        ----        ----        ------- ----- ------------
_HEADER1                            00000000    00000005 =           5. bytes (ABS,CON)

      Value  Global                              Global Defined In Module
      -----  --------------------------------   ------------------------
     00000028  .MemsetSmall                       Runtime

ASxxxx Linker V03.00 + NoICE + sdld,  page 25.
Hexadecimal  [32-Bits]

Area                                    Addr        Size        Decimal Bytes (Attributes)
--------------------------------        ----        ----        ------- ----- ------------
_HEADER2                            00000000    00000007 =           7. bytes (ABS,CON)

      Value  Global                              Global Defined In Module
      -----  --------------------------------   ------------------------
     00000030  .MemcpySmall                       Runtime

ASxxxx Linker V03.00 + NoICE + sdld,  page 26.
Hexadecimal  [32-Bits]

Area                                    Addr        Size        Decimal Bytes (Attributes)
--------------------------------        ----        ----        ------- ----- ------------
_HEADER3                            00000000    00000008 =           8. bytes (ABS,CON)

      Value  Global                              Global Defined In Module
      -----  --------------------------------   ------------------------
ASxxxx Linker V03.00 + NoICE + sdld,  page 27.
Hexadecimal  [32-Bits]

Area                                    Addr        Size        Decimal Bytes (Attributes)
--------------------------------        ----        ----        ------- ----- ------------
_HEADER4                            00000000    0000004E =          78. bytes (ABS,CON)

      Value  Global                              Global Defined In Module
      -----  --------------------------------   ------------------------
     00000080  .int                               Runtime
     0000008F  _wait_int_handler                  Runtime
     0000009C  __standard_VBL_handler             Runtime
     000000AC  _refresh_OAM                       Runtime

ASxxxx Linker V03.00 + NoICE + sdld,  page 28.
Hexadecimal  [32-Bits]

Area                                    Addr        Size        Decimal Bytes (Attributes)
--------------------------------        ----        ----        ------- ----- ------------
_HEADER5                            00000000    00000002 =           2. bytes (ABS,CON)

      Value  Global                              Global Defined In Module
      -----  --------------------------------   ------------------------
ASxxxx Linker V03.00 + NoICE + sdld,  page 29.
Hexadecimal  [32-Bits]

Area                                    Addr        Size        Decimal Bytes (Attributes)
--------------------------------        ----        ----        ------- ----- ------------
_HEADER6                            00000000    00000030 =          48. bytes (ABS,CON)

      Value  Global                              Global Defined In Module
      -----  --------------------------------   ------------------------
ASxxxx Linker V03.00 + NoICE + sdld,  page 30.
Hexadecimal  [32-Bits]

Area                                    Addr        Size        Decimal Bytes (Attributes)
--------------------------------        ----        ----        ------- ----- ------------
_HEADER7                            00000000    00000006 =           6. bytes (ABS,CON)

      Value  Global                              Global Defined In Module
      -----  --------------------------------   ------------------------
ASxxxx Linker V03.00 + NoICE + sdld,  page 31.
Hexadecimal  [32-Bits]

Area                                    Addr        Size        Decimal Bytes (Attributes)
--------------------------------        ----        ----        ------- ----- ------------
_HEADER8                            00000000    00000003 =           3. bytes (ABS,CON)

      Value  Global                              Global Defined In Module
      -----  --------------------------------   ------------------------
ASxxxx Linker V03.00 + NoICE + sdld,  page 32.
Hexadecimal  [32-Bits]

Area                                    Addr        Size        Decimal Bytes (Attributes)
--------------------------------        ----        ----        ------- ----- ------------
_HEADER9                            00000000    00000001 =           1. bytes (ABS,CON)

      Value  Global                              Global Defined In Module
      -----  --------------------------------   ------------------------
ASxxxx Linker V03.00 + NoICE + sdld,  page 33.
Hexadecimal  [32-Bits]

Area                                    Addr        Size        Decimal Bytes (Attributes)
--------------------------------        ----        ----        ------- ----- ------------
_HEADERa                            00000000    00000001 =           1. bytes (ABS,CON)

      Value  Global                              Global Defined In Module
      -----  --------------------------------   ------------------------
ASxxxx Linker V03.00 + NoICE + sdld,  page 34.
Hexadecimal  [32-Bits]

Area                                    Addr        Size        Decimal Bytes (Attributes)
--------------------------------        ----        ----        ------- ----- ------------
_HEADERb                            00000000    00000001 =           1. bytes (ABS,CON)

      Value  Global                              Global Defined In Module
      -----  --------------------------------   ------------------------
ASxxxx Linker V03.00 + NoICE + sdld,  page 35.
Hexadecimal  [32-Bits]

Area                                    Addr        Size        Decimal Bytes (Attributes)
--------------------------------        ----        ----        ------- ----- ------------
[...]
                                          [ script_input_10 ]
C:/Users/luisc/AppData/Local/Temp/_gbsbuild/obj/script_input_11.rel
                                          [ script_input_11 ]
C:/Users/luisc/AppData/Local/Temp/_gbsbuild/obj/script_input_12.rel
                                          [ script_input_12 ]
C:/Users/luisc/AppData/Local/Temp/_gbsbuild/obj/script_input_13.rel
                                          [ script_input_13 ]
C:/Users/luisc/AppData/Local/Temp/_gbsbuild/obj/script_input_14.rel
                                          [ script_input_14 ]
C:/Users/luisc/AppData/Local/Temp/_gbsbuild/obj/script_input_15.rel
                                          [ script_input_15 ]
C:/Users/luisc/AppData/Local/Temp/_gbsbuild/obj/script_input_16.rel
                                          [ script_input_16 ]
C:/Users/luisc/AppData/Local/Temp/_gbsbuild/obj/script_input_17.rel
                                          [ script_input_17 ]
C:/Users/luisc/AppData/Local/Temp/_gbsbuild/obj/script_input_18.rel
                                          [ script_input_18 ]
C:/Users/luisc/AppData/Local/Temp/_gbsbuild/obj/script_input_19.rel
                                          [ script_input_19 ]
C:/Users/luisc/AppData/Local/Temp/_gbsbuild/obj/script_input_2.rel
                                          [ script_input_2 ]
C:/Users/luisc/AppData/Local/Temp/_gbsbuild/obj/script_input_20.rel
                                          [ script_input_20 ]
C:/Users/luisc/AppData/Local/Temp/_gbsbuild/obj/script_input_21.rel
                                          [ script_input_21 ]
C:/Users/luisc/AppData/Local/Temp/_gbsbuild/obj/script_input_22.rel
                                          [ script_input_22 ]
C:/Users/luisc/AppData/Local/Temp/_gbsbuild/obj/script_input_23.rel
                                          [ script_input_23 ]
C:/Users/luisc/AppData/Local/Temp/_gbsbuild/obj/script_input_24.rel
                                          [ script_input_24 ]
C:/Users/luisc/AppData/Local/Temp/_gbsbuild/obj/script_input_25.rel
                                          [ script_input_25 ]
C:/Users/luisc/AppData/Local/Temp/_gbsbuild/obj/script_input_3.rel
                                          [ script_input_3 ]
C:/Users/luisc/AppData/Local/Temp/_gbsbuild/obj/script_input_4.rel
                                          [ script_input_4 ]
C:/Users/luisc/AppData/Local/Temp/_gbsbuild/obj/script_input_5.rel
                                          [ script_input_5 ]
C:/Users/luisc/AppData/Local/Temp/_gbsbuild/obj/script_input_6.rel
                                          [ script_input_6 ]
C:/Users/luisc/AppData/Local/Temp/_gbsbuild/obj/script_input_7.rel
                                          [ script_input_7 ]
C:/Users/luisc/AppData/Local/Temp/_gbsbuild/obj/script_input_8.rel
                                          [ script_input_8 ]
C:/Users/luisc/AppData/Local/Temp/_gbsbuild/obj/script_input_9.rel
                                          [ script_input_9 ]
C:/Users/luisc/AppData/Local/Temp/_gbsbuild/obj/sound_cat_meow_vgm.rel
                                          [ sound_cat_meow_vgm ]
C:/Users/luisc/AppData/Local/Temp/_gbsbuild/obj/sound_hurt_vgm.rel
                                          [ sound_hurt_vgm ]
C:/Users/luisc/AppData/Local/Temp/_gbsbuild/obj/sound_notso_confirm_vgm.rel
                                          [ sound_notso_confirm_vgm ]
C:/Users/luisc/AppData/Local/Temp/_gbsbuild/obj/sound_powerup_vgm.rel
                                          [ sound_powerup_vgm ]
C:/Users/luisc/AppData/Local/Temp/_gbsbuild/obj/sound_press_start_vgm.rel
                                          [ sound_press_start_vgm ]
C:/Users/luisc/AppData/Local/Temp/_gbsbuild/obj/sprite_blocks_copia_tileset.rel
                                          [ sprite_blocks_copia_tileset ]
C:/Users/luisc/AppData/Local/Temp/_gbsbuild/obj/sprite_blocks_copia.rel
                                          [ sprite_blocks_copia ]
C:/Users/luisc/AppData/Local/Temp/_gbsbuild/obj/sprite_blocks_tileset.rel
                                          [ sprite_blocks_tileset ]
C:/Users/luisc/AppData/Local/Temp/_gbsbuild/obj/sprite_blocks.rel
                                          [ sprite_blocks ]
C:/Users/luisc/AppData/Local/Temp/_gbsbuild/obj/sprite_collectible_03_copia_tileset.rel
                                          [ sprite_collectible_03_copia_tile ]
C:/Users/luisc/AppData/Local/Temp/_gbsbuild/obj/sprite_collectible_03_copia.rel
                                          [ sprite_collectible_03_copia ]
C:/Users/luisc/AppData/Local/Temp/_gbsbuild/obj/sprite_double_blocks.rel
                                          [ sprite_double_blocks ]
C:/Users/luisc/AppData/Local/Temp/_gbsbuild/obj/sprite_flag_copia_tileset.rel
                                          [ sprite_flag_copia_tileset ]
C:/Users/luisc/AppData/Local/Temp/_gbsbuild/obj/sprite_flag_copia.rel
                                          [ sprite_flag_copia ]
C:/Users/luisc/AppData/Local/Temp/_gbsbuild/obj/sprite_player_copia_0_tileset.rel
                                          [ sprite_player_copia_0_tileset ]
C:/Users/luisc/AppData/Local/Temp/_gbsbuild/obj/sprite_player_copia_0.rel
                                          [ sprite_player_copia_0 ]
C:/Users/luisc/AppData/Local/Temp/_gbsbuild/obj/sprite_player_copia_tileset.rel
                                          [ sprite_player_copia_tileset ]
C:/Users/luisc/AppData/Local/Temp/_gbsbuild/obj/sprite_player_copia.rel
                                          [ sprite_player_copia ]
C:/Users/luisc/AppData/Local/Temp/_gbsbuild/obj/sprite_press_start_tileset.rel
                                          [ sprite_press_start_tileset ]
C:/Users/luisc/AppData/Local/Temp/_gbsbuild/obj/sprite_press_start.rel
                                          [ sprite_press_start ]
C:/Users/luisc/AppData/Local/Temp/_gbsbuild/obj/sprite_static_tileset.rel
                                          [ sprite_static_tileset ]
C:/Users/luisc/AppData/Local/Temp/_gbsbuild/obj/sprite_static.rel
                                          [ sprite_static ]
C:/Users/luisc/AppData/Local/Temp/_gbsbuild/obj/spritesheet_none.rel
                                          [ spritesheet_none ]
C:/Users/luisc/AppData/Local/Temp/_gbsbuild/obj/trigger_0_interact.rel
                                          [ trigger_0_interact ]
C:/Users/luisc/AppData/Local/Temp/_gbsbuild/obj/trigger_1_interact.rel
                                          [ trigger_1_interact ]
C:/Users/luisc/AppData/Local/Temp/_gbsbuild/obj/trigger_10_interact.rel
                                          [ trigger_10_interact ]
C:/Users/luisc/AppData/Local/Temp/_gbsbuild/obj/trigger_11_interact.rel
                                          [ trigger_11_interact ]
C:/Users/luisc/AppData/Local/Temp/_gbsbuild/obj/trigger_12_interact.rel
                                          [ trigger_12_interact ]
C:/Users/luisc/AppData/Local/Temp/_gbsbuild/obj/trigger_13_interact.rel
                                          [ trigger_13_interact ]
C:/Users/luisc/AppData/Local/Temp/_gbsbuild/obj/trigger_14_interact.rel
                                          [ trigger_14_interact ]
C:/Users/luisc/AppData/Local/Temp/_gbsbuild/obj/trigger_15_interact.rel
                                          [ trigger_15_interact ]
C:/Users/luisc/AppData/Local/Temp/_gbsbuild/obj/trigger_16_interact.rel
                                          [ trigger_16_interact ]
C:/Users/luisc/AppData/Local/Temp/_gbsbuild/obj/trigger_17_interact.rel
                                          [ trigger_17_interact ]
C:/Users/luisc/AppData/Local/Temp/_gbsbuild/obj/trigger_18_interact.rel
                                          [ trigger_18_interact ]
C:/Users/luisc/AppData/Local/Temp/_gbsbuild/obj/trigger_19_interact.rel
                                          [ trigger_19_interact ]
C:/Users/luisc/AppData/Local/Temp/_gbsbuild/obj/trigger_2_interact.rel
                                          [ trigger_2_interact ]
C:/Users/luisc/AppData/Local/Temp/_gbsbuild/obj/trigger_20_interact.rel
                                          [ trigger_20_interact ]
C:/Users/luisc/AppData/Local/Temp/_gbsbuild/obj/trigger_21_interact.rel
                                          [ trigger_21_interact ]
C:/Users/luisc/AppData/Local/Temp/_gbsbuild/obj/trigger_22_interact.rel
                                          [ trigger_22_interact ]
C:/Users/luisc/AppData/Local/Temp/_gbsbuild/obj/trigger_23_interact.rel
                                          [ trigger_23_interact ]
C:/Users/luisc/AppData/Local/Temp/_gbsbuild/obj/trigger_24_interact.rel
                                          [ trigger_24_interact ]
C:/Users/luisc/AppData/Local/Temp/_gbsbuild/obj/trigger_25_interact.rel
                                          [ trigger_25_interact ]
C:/Users/luisc/AppData/Local/Temp/_gbsbuild/obj/trigger_26_interact.rel
                                          [ trigger_26_interact ]
C:/Users/luisc/AppData/Local/Temp/_gbsbuild/obj/trigger_27_interact.rel
                                          [ trigger_27_interact ]
C:/Users/luisc/AppData/Local/Temp/_gbsbuild/obj/trigger_28_interact.rel
                                          [ trigger_28_interact ]
C:/Users/luisc/AppData/Local/Temp/_gbsbuild/obj/trigger_29_interact.rel
                                          [ trigger_29_interact ]
C:/Users/luisc/AppData/Local/Temp/_gbsbuild/obj/trigger_3_interact.rel
                                          [ trigger_3_interact ]
C:/Users/luisc/AppData/Local/Temp/_gbsbuild/obj/trigger_30_interact.rel
                                          [ trigger_30_interact ]
C:/Users/luisc/AppData/Local/Temp/_gbsbuild/obj/trigger_31_interact.rel
                                          [ trigger_31_interact ]
C:/Users/luisc/AppData/Local/Temp/_gbsbuild/obj/trigger_32_interact.rel
                                          [ trigger_32_interact ]
C:/Users/luisc/AppData/Local/Temp/_gbsbuild/obj/trigger_33_interact.rel
                                          [ trigger_33_interact ]
C:/Users/luisc/AppData/Local/Temp/_gbsbuild/obj/trigger_34_interact.rel
                                          [ trigger_34_interact ]
C:/Users/luisc/AppData/Local/Temp/_gbsbuild/obj/trigger_35_interact.rel
                                          [ trigger_35_interact ]
C:/Users/luisc/AppData/Local/Temp/_gbsbuild/obj/trigger_36_interact.rel
                                          [ trigger_36_interact ]
C:/Users/luisc/AppData/Local/Temp/_gbsbuild/obj/trigger_37_interact.rel
                                          [ trigger_37_interact ]
C:/Users/luisc/AppData/Local/Temp/_gbsbuild/obj/trigger_38_interact.rel
                                          [ trigger_38_interact ]
C:/Users/luisc/AppData/Local/Temp/_gbsbuild/obj/trigger_39_interact.rel
                                          [ trigger_39_interact ]
C:/Users/luisc/AppData/Local/Temp/_gbsbuild/obj/trigger_4_interact.rel
                                          [ trigger_4_interact ]
C:/Users/luisc/AppData/Local/Temp/_gbsbuild/obj/trigger_40_interact.rel
                                          [ trigger_40_interact ]
C:/Users/luisc/AppData/Local/Temp/_gbsbuild/obj/trigger_41_interact.rel
                                          [ trigger_41_interact ]
C:/Users/luisc/AppData/Local/Temp/_gbsbuild/obj/trigger_42_interact.rel
                                          [ trigger_42_interact ]
C:/Users/luisc/AppData/Local/Temp/_gbsbuild/obj/trigger_43_interact.rel
                                          [ trigger_43_interact ]
C:/Users/luisc/AppData/Local/Temp/_gbsbuild/obj/trigger_44_interact.rel
                                          [ trigger_44_interact ]
C:/Users/luisc/AppData/Local/Temp/_gbsbuild/obj/trigger_45_interact.rel
                                          [ trigger_45_interact ]
C:/Users/luisc/AppData/Local/Temp/_gbsbuild/obj/trigger_46_interact.rel
                                          [ trigger_46_interact ]
C:/Users/luisc/AppData/Local/Temp/_gbsbuild/obj/trigger_47_interact.rel
                                          [ trigger_47_interact ]
C:/Users/luisc/AppData/Local/Temp/_gbsbuild/obj/trigger_48_interact.rel
                                          [ trigger_48_interact ]
C:/Users/luisc/AppData/Local/Temp/_gbsbuild/obj/trigger_49_interact.rel
                                          [ trigger_49_interact ]
C:/Users/luisc/AppData/Local/Temp/_gbsbuild/obj/trigger_5_interact.rel
                                          [ trigger_5_interact ]
C:/Users/luisc/AppData/Local/Temp/_gbsbuild/obj/trigger_50_interact.rel
                                          [ trigger_50_interact ]
C:/Users/luisc/AppData/Local/Temp/_gbsbuild/obj/trigger_51_interact.rel
                                          [ trigger_51_interact ]
C:/Users/luisc/AppData/Local/Temp/_gbsbuild/obj/trigger_52_interact.rel
                                          [ trigger_52_interact ]
C:/Users/luisc/AppData/Local/Temp/_gbsbuild/obj/trigger_53_interact.rel
                                          [ trigger_53_interact ]
C:/Users/luisc/AppData/Local/Temp/_gbsbuild/obj/trigger_54_interact.rel
                                          [ trigger_54_interact ]
C:/Users/luisc/AppData/Local/Temp/_gbsbuild/obj/trigger_55_interact.rel
                                          [ trigger_55_interact ]
C:/Users/luisc/AppData/Local/Temp/_gbsbuild/obj/trigger_56_interact.rel
                                          [ trigger_56_interact ]
C:/Users/luisc/AppData/Local/Temp/_gbsbuild/obj/trigger_57_interact.rel
                                          [ trigger_57_interact ]
C:/Users/luisc/AppData/Local/Temp/_gbsbuild/obj/trigger_58_interact.rel
                                          [ trigger_58_interact ]
C:/Users/luisc/AppData/Local/Temp/_gbsbuild/obj/trigger_59_interact.rel
                                          [ trigger_59_interact ]
C:/Users/luisc/AppData/Local/Temp/_gbsbuild/obj/trigger_6_interact.rel
                                          [ trigger_6_interact ]
C:/Users/luisc/AppData/Local/Temp/_gbsbuild/obj/trigger_60_interact.rel
                                          [ trigger_60_interact ]
C:/Users/luisc/AppData/Local/Temp/_gbsbuild/obj/trigger_61_interact.rel
                                          [ trigger_61_interact ]
C:/Users/luisc/AppData/Local/Temp/_gbsbuild/obj/trigger_62_interact.rel
                                          [ trigger_62_interact ]
C:/Users/luisc/AppData/Local/Temp/_gbsbuild/obj/trigger_7_interact.rel
                                          [ trigger_7_interact ]
C:/Users/luisc/AppData/Local/Temp/_gbsbuild/obj/trigger_8_interact.rel
                                          [ trigger_8_interact ]
C:/Users/luisc/AppData/Local/Temp/_gbsbuild/obj/trigger_9_interact.rel
                                          [ trigger_9_interact ]
C:/Users/luisc/AppData/Local/Temp/_gbsbuild/obj/main.rel
                                          [ main ]
C:/Users/luisc/AppData/Local/Temp/_gbsbuild/obj/adventure.rel
                                          [ adventure ]
C:/Users/luisc/AppData/Local/Temp/_gbsbuild/obj/logo.rel
                                          [ logo ]
C:/Users/luisc/AppData/Local/Temp/_gbsbuild/obj/platform.rel
                                          [ platform ]
C:/Users/luisc/AppData/Local/Temp/_gbsbuild/obj/pointnclick.rel
                                          [ pointnclick ]
C:/Users/luisc/AppData/Local/Temp/_gbsbuild/obj/shmup.rel
                                          [ shmup ]
C:/Users/luisc/AppData/Local/Temp/_gbsbuild/obj/states_ptrs.rel
                                          [  ]
C:/Users/luisc/AppData/Local/Temp/_gbsbuild/obj/topdown.rel
                                          [ topdown ]


Libraries Linked                          [ object file ]

C:\Users\luisc\AppData\Local\Temp/_gbstools/gbdk/lib/small/asxxxx/gb/gb.lib
                                          [ fill_rect_wi.o ]
C:\Users\luisc\AppData\Local\Temp/_gbstools/gbdk/lib/small/asxxxx/gbz80/gbz80.lib
                                          [ rand.o ]
C:\Users\luisc\AppData\Local\Temp/_gbstools/gbdk/lib/small/asxxxx/gb/gb.lib
                                          [ sfr.o ]
C:\Users\luisc\AppData\Local\Temp/_gbstools/gbdk/lib/small/asxxxx/gb/gb.lib
                                          [ get_data.o ]
C:\Users\luisc\AppData\Local\Temp/_gbstools/gbdk/lib/small/asxxxx/gb/gb.lib
                                          [ get_tile.o ]
C:\Users\luisc\AppData\Local\Temp/_gbstools/gbdk/lib/small/asxxxx/gb/gb.lib
                                          [ cgb_palettes.o ]
lib/gbt_player.lib                        [ gbt_player.o ]
C:\Users\luisc\AppData\Local\Temp/_gbstools/gbdk/lib/small/asxxxx/gb/gb.lib
                                          [ metasprites_hide_spr.o ]
C:\Users\luisc\AppData\Local\Temp/_gbstools/gbdk/lib/small/asxxxx/gbz80/gbz80.lib
                                          [ mul.o ]
C:\Users\luisc\AppData\Local\Temp/_gbstools/gbdk/lib/small/asxxxx/gbz80/gbz80.lib
                                          [ div.o ]
C:\Users\luisc\AppData\Local\Temp/_gbstools/gbdk/lib/small/asxxxx/gbz80/gbz80.lib
                                          [ abs.o ]
C:\Users\luisc\AppData\Local\Temp/_gbstools/gbdk/lib/small/asxxxx/gb/gb.lib
                                          [ set_wi_t.o ]
C:\Users\luisc\AppData\Local\Temp/_gbstools/gbdk/lib/small/asxxxx/gb/gb.lib
                                          [ set_data.o ]
C:\Users\luisc\AppData\Local\Temp/_gbstools/gbdk/lib/small/asxxxx/gbz80/gbz80.lib
                                          [ reverse.o ]
C:\Users\luisc\AppData\Local\Temp/_gbstools/gbdk/lib/small/asxxxx/gb/gb.lib
                                          [ far_ptr.o ]
C:\Users\luisc\AppData\Local\Temp/_gbstools/gbdk/lib/small/asxxxx/gb/gb.lib
                                          [ sgb.o ]
C:\Users\luisc\AppData\Local\Temp/_gbstools/gbdk/lib/small/asxxxx/gb/gb.lib
                                          [ lcd.o ]
C:\Users\luisc\AppData\Local\Temp/_gbstools/gbdk/lib/small/asxxxx/gb/gb.lib
                                          [ fill_rect.o ]
C:\Users\luisc\AppData\Local\Temp/_gbstools/gbdk/lib/small/asxxxx/gb/gb.lib
                                          [ cpy_data.o ]
C:\Users\luisc\AppData\Local\Temp/_gbstools/gbdk/lib/small/asxxxx/gb/gb.lib
                                          [ fill_rect_bk.o ]
C:\Users\luisc\AppData\Local\Temp/_gbstools/gbdk/lib/small/asxxxx/gb/gb.lib
                                          [ pad.o ]
C:\Users\luisc\AppData\Local\Temp/_gbstools/gbdk/lib/small/asxxxx/gb/gb.lib
                                          [ metasprites.o ]
C:\Users\luisc\AppData\Local\Temp/_gbstools/gbdk/lib/small/asxxxx/gbz80/gbz80.lib
                                          [ __sdcc_call_hl.o ]
C:\Users\luisc\AppData\Local\Temp/_gbstools/gbdk/lib/small/asxxxx/gbz80/gbz80.lib
                                          [ _memcpy.o ]
C:\Users\luisc\AppData\Local\Temp/_gbstools/gbdk/lib/small/asxxxx/gbz80/gbz80.lib
                                          [ _memset.o ]
C:\Users\luisc\AppData\Local\Temp/_gbstools/gbdk/lib/small/asxxxx/gb/gb.lib
                                          [ set_xy_t.o ]
C:\Users\luisc\AppData\Local\Temp/_gbstools/gbdk/lib/small/asxxxx/gb/gb.lib
                                          [ cgb.o ]
C:\Users\luisc\AppData\Local\Temp/_gbstools/gbdk/lib/small/asxxxx/gb/gb.lib
                                          [ set_bk_t.o ]
lib/gbt_player.lib                        [ gbt_player_bank1.o ]

ASxxxx Linker V03.00 + NoICE + sdld,  page 90.

User Base Address Definitions

_DATA=0xC0A0
_CODE=0x0200
ASxxxx Linker V03.00 + NoICE + sdld,  page 91.

User Global Definitions

.STACK=0xDF00
_shadow_OAM=0xC000
.refresh_OAM=0xFF80
__start_save=12

