ASxxxx Linker V03.00 + NoICE + sdld,  page 1.
Hexadecimal  [32-Bits]

Area                                    Addr        Size        Decimal Bytes (Attributes)
--------------------------------        ----        ----        ------- ----- ------------
.  .ABS.                            00000000    00000000 =           0. bytes (ABS,CON)

      Value  Global                              Global Defined In Module
      -----  --------------------------------   ------------------------
     00000000  .__.ABS.                           
     00000000  _rRAMG                             
     00000000  l__BASE                         
     00000000  l__BSS                          
     00000000  l__CABS                         
     00000000  l__CODE_0                       
     00000000  l__CRASH_HEADER                 
     00000000  l__CRASH_SCRATCH                
     00000000  l__DABS                         
     00000000  l__EHL_TRAMPOLINE               
     00000000  l__HEADER                       
     00000000  l__HEADER_LCD                   
     00000000  l__HEADER_SIO                   
     00000000  l__HEADER_TIMER                 
     00000000  l__HEAP                         
     00000000  l__HRAM                         
     00000000  l__LIT                          
     00000000  s__CABS                         
     00000000  s__CRASH_HEADER                 
     00000000  s__CRASH_HEADER0                
     00000000  s__CRASH_HEADER1                
     00000000  s__CRASH_SCRATCH                
     00000000  s__CRASH_SCRATCH2               
     00000000  s__DABS                         
     00000000  s__EHL_TRAMPOLINE               
     00000000  s__EHL_TRAMPOLINE0              
     00000000  s__HEADER                       
     00000000  s__HEADER0                      
     00000000  s__HEADER1                      
     00000000  s__HEADER10                     
     00000000  s__HEADER11                     
     00000000  s__HEADER2                      
     00000000  s__HEADER3                      
     00000000  s__HEADER4                      
     00000000  s__HEADER5                      
     00000000  s__HEADER6                      
     00000000  s__HEADER7                      
     00000000  s__HEADER8                      
     00000000  s__HEADER9                      
     00000000  s__HEADER_LCD                   
     00000000  s__HEADER_LCD0                  
     00000000  s__HEADER_SIO                   
     00000000  s__HEADER_SIO0                  
     00000000  s__HEADER_TIMER                 
     00000000  s__HEADER_TIMER0                
     00000000  s__HEADERa                      
     00000000  s__HEADERb                      
     00000000  s__HEADERc                      
     00000000  s__HEADERd                      
     00000000  s__HEADERe                      
ASxxxx Linker V03.00 + NoICE + sdld,  page 2.
Hexadecimal  [32-Bits]

Area                                    Addr        Size        Decimal Bytes (Attributes)
--------------------------------        ----        ----        ------- ----- ------------
.  .ABS.                            00000000    00000000 =           0. bytes (ABS,CON)

      Value  Global                              Global Defined In Module
      -----  --------------------------------   ------------------------
     00000000  s__HEADERf                      
     00000000  s__HRAM                         
     00000000  s__HRAM12                       
     00000001  ___bank_ACTOR                      actor
     00000001  ___bank_VM_ACTOR                   vm_actor
     00000001  ___bank_VM_SGB                     vm_sgb
     00000001  ___bank_bg_select_a_hero_copia_1   bg_select_a_hero_copia_1_til
     00000001  b_activate_actor                   actor
     00000001  b_activate_actors_in_col           actor
     00000001  b_activate_actors_in_row           actor
     00000001  b_actor_at_tile                    actor
     00000001  b_actor_get_frame_offset           actor
     00000001  b_actor_in_front_of_player         actor
     00000001  b_actor_overlapping_bb             actor
     00000001  b_actor_overlapping_player         actor
     00000001  b_actor_set_anim_idle              actor
     00000001  b_actor_set_anim_moving            actor
     00000001  b_actor_set_dir                    actor
     00000001  b_actor_set_frame_offset           actor
     00000001  b_actor_set_frames                 actor
     00000001  b_actors_handle_player_collision   actor
     00000001  b_actors_init                      actor
     00000001  b_camera_init                      camera
     00000001  b_camera_reset                     camera
     00000001  b_check_collision_in_direction     actor
     00000001  b_deactivate_actor                 actor
     00000001  b_player_init                      actor
     00000001  b_ui_draw_frame                    ui
     00000001  b_ui_draw_text_buffer_char         ui
     00000001  b_ui_init                          ui
     00000001  b_ui_load_tiles                    ui
     00000001  b_ui_run_menu                      ui
     00000001  b_ui_run_modal                     ui
     00000001  b_ui_set_start_tile                ui
     00000001  b_vm_actor_activate                vm_actor
     00000001  b_vm_actor_deactivate              vm_actor
     00000001  b_vm_actor_emote                   vm_actor
     00000001  b_vm_actor_get_angle               vm_actor
     00000001  b_vm_actor_get_anim_frame          vm_actor
     00000001  b_vm_actor_get_dir                 vm_actor
     00000001  b_vm_actor_get_pos                 vm_actor
     00000001  b_vm_actor_move_cancel             vm_actor
     00000001  b_vm_actor_move_to                 vm_actor
     00000001  b_vm_actor_replace_tile            vm_actor
     00000001  b_vm_actor_set_anim                vm_actor
     00000001  b_vm_actor_set_anim_frame          vm_actor
     00000001  b_vm_actor_set_anim_set            vm_actor
     00000001  b_vm_actor_set_anim_tick           vm_actor
     00000001  b_vm_actor_set_bounds              vm_actor
     00000001  b_vm_actor_set_dir                 vm_actor
     00000001  b_vm_actor_set_flags               vm_actor
ASxxxx Linker V03.00 + NoICE + sdld,  page 3.
Hexadecimal  [32-Bits]

Area                                    Addr        Size        Decimal Bytes (Attributes)
--------------------------------        ----        ----        ------- ----- ------------
.  .ABS.                            00000000    00000000 =           0. bytes (ABS,CON)

      Value  Global                              Global Defined In Module
      -----  --------------------------------   ------------------------
     00000001  b_vm_actor_set_move_speed          vm_actor
     00000001  b_vm_actor_set_pos                 vm_actor
     00000001  b_vm_actor_set_spritesheet         vm_actor
     00000001  b_vm_actor_set_spritesheet_by_re   vm_actor
     00000001  b_vm_actor_terminate_update        vm_actor
     00000001  l__GSFINAL                      
     00000001  l__HEADER0                      
     00000001  l__HEADER11                     
     00000001  l__HEADER9                      
     00000001  l__HEADERa                      
     00000001  l__HEADERb                      
     00000001  l__HEADERd                      
     00000001  l__HEADERe                      
     00000002  ___bank_VM_MAIN                    vm
     00000002  ___bank_bg_cavern_3_1_tilemap      bg_cavern_3_1_tilemap
     00000002  ___bank_bg_cavern_3_1_tilemap_at   bg_cavern_3_1_tilemap_attr
     00000002  ___bank_bg_cavern_3_2_tilemap_at   bg_cavern_3_2_tilemap_attr
     00000002  ___mute_mask_sound_cat_meow_vgm    sound_cat_meow_vgm
     00000002  ___mute_mask_sound_confirm_vgm     sound_confirm_vgm
     00000002  ___mute_mask_sound_jump_vgm        sound_jump_vgm
     00000002  ___mute_mask_sound_menu_out_vgm    sound_menu_out_vgm
     00000002  ___mute_mask_sound_powerup_vgm     sound_powerup_vgm
     00000002  b_erase_flash                      
     00000002  b_projectile_launch                projectiles
     00000002  b_projectiles_init                 projectiles
     00000002  b_save_sram_banks                  
     00000002  b_script_detach_hthread            vm
     00000002  b_script_execute                   vm
     00000002  b_script_runner_init               vm
     00000002  b_script_terminate                 vm
     00000002  b_vm_call                          vm
     00000002  b_vm_call_far                      vm
     00000002  b_vm_get_indirect                  vm
     00000002  b_vm_get_int16                     vm
     00000002  b_vm_get_int8                      vm
     00000002  b_vm_get_tlocal                    vm
     00000002  b_vm_get_uint8                     vm
     00000002  b_vm_idle                          vm
     00000002  b_vm_if                            vm
     00000002  b_vm_if_const                      vm
     00000002  b_vm_init_rng                      vm
     00000002  b_vm_invoke                        vm
     00000002  b_vm_join                          vm
     00000002  b_vm_jump                          vm
     00000002  b_vm_lock                          vm
     00000002  b_vm_loop                          vm
     00000002  b_vm_memcpy                        vm
     00000002  b_vm_memset                        vm
     00000002  b_vm_poll_loaded                   vm
     00000002  b_vm_pop                           vm
     00000002  b_vm_push                          vm
ASxxxx Linker V03.00 + NoICE + sdld,  page 4.
Hexadecimal  [32-Bits]

Area                                    Addr        Size        Decimal Bytes (Attributes)
--------------------------------        ----        ----        ------- ----- ------------
.  .ABS.                            00000000    00000000 =           0. bytes (ABS,CON)

      Value  Global                              Global Defined In Module
      -----  --------------------------------   ------------------------
     00000002  b_vm_push_reference                vm
     00000002  b_vm_push_value                    vm
     00000002  b_vm_push_value_ind                vm
     00000002  b_vm_raise                         vm
     00000002  b_vm_rand                          vm
     00000002  b_vm_reserve                       vm
     00000002  b_vm_ret                           vm
     00000002  b_vm_ret_far                       vm
     00000002  b_vm_set                           vm
     00000002  b_vm_set_const                     vm
     00000002  b_vm_set_const_int16               vm
     00000002  b_vm_set_const_int8                vm
     00000002  b_vm_set_indirect                  vm
     00000002  b_vm_set_int16                     vm
     00000002  b_vm_set_int8                      vm
     00000002  b_vm_set_uint8                     vm
     00000002  b_vm_terminate                     vm
     00000002  b_vm_test_terminate                vm
     00000002  b_vm_unlock                        vm
     00000002  b_wait_frames                      vm
     00000002  l__HEADER5                      
     00000002  l__HEADERc                      
     00000002  l__HEADERf                      
     00000003  ___bank_VM_GAMEBOY                 vm_gameboy
     00000003  ___bank_bg_cavern_3_2_tilemap      bg_cavern_3_2_tilemap
     00000003  ___bank_sprite_press_start         sprite_press_start
     00000003  b_platform_init                    platform
     00000003  b_platform_update                  platform
     00000003  b_vm_context_prepare               vm_gameboy
     00000003  b_vm_fade                          vm_gameboy
     00000003  b_vm_get_tile_xy                   vm_gameboy
     00000003  b_vm_input_attach                  vm_gameboy
     00000003  b_vm_input_detach                  vm_gameboy
     00000003  b_vm_input_get                     vm_gameboy
     00000003  b_vm_input_wait                    vm_gameboy
     00000003  b_vm_load_tiles                    vm_gameboy
     00000003  b_vm_load_tileset                  vm_gameboy
     00000003  b_vm_poll                          vm_gameboy
     00000003  b_vm_replace_tile                  vm_gameboy
     00000003  b_vm_replace_tile_xy               vm_gameboy
     00000003  b_vm_rumble                        vm_gameboy
     00000003  b_vm_set_sprite_mode               vm_gameboy
     00000003  b_vm_set_sprites_visible           vm_gameboy
     00000003  b_vm_timer_prepare                 vm_gameboy
     00000003  b_vm_timer_reset                   vm_gameboy
     00000003  b_vm_timer_set                     vm_gameboy
     00000003  b_vm_timer_stop                    vm_gameboy
     00000003  l__HEADER8                      
     00000003  l__HEADER_LCD0                  
     00000003  l__HRAM12                       
     00000004  ___bank_bg_cavern_3_3_tilemap      bg_cavern_3_3_tilemap
ASxxxx Linker V03.00 + NoICE + sdld,  page 5.
Hexadecimal  [32-Bits]

Area                                    Addr        Size        Decimal Bytes (Attributes)
--------------------------------        ----        ----        ------- ----- ------------
.  .ABS.                            00000000    00000000 =           0. bytes (ABS,CON)

      Value  Global                              Global Defined In Module
      -----  --------------------------------   ------------------------
     00000004  ___bank_bg_cavern_3_3_tilemap_at   bg_cavern_3_3_tilemap_attr
     00000004  ___bank_bg_cavern_3_3_tileset      bg_cavern_3_3_tileset
     00000004  ___bank_bg_desert_4_1_tilemap      bg_desert_4_1_tilemap
     00000004  ___bank_bg_desert_4_1_tilemap_at   bg_desert_4_1_tilemap_attr
     00000004  ___bank_scene_24_sprites           scene_24_sprites
     00000004  ___bank_scene_select_a_hero_init   scene_select_a_hero_init
     00000004  l__CRASH_HEADER1                
     00000004  l__HEADER_SIO0                  
     00000004  l__HEADER_TIMER0                
     00000005  ___bank_bg_cavern_3_1_tileset      bg_cavern_3_1_tileset
     00000005  ___bank_bg_desert_4_2_tilemap      bg_desert_4_2_tilemap
     00000005  ___bank_bg_desert_4_2_tilemap_at   bg_desert_4_2_tilemap_attr
     00000005  ___bank_bg_desert_4_3_tilemap      bg_desert_4_3_tilemap
     00000005  ___bank_bg_desert_4_3_tilemap_at   bg_desert_4_3_tilemap_attr
     00000005  b_scroll_rect                      
     00000005  l__CRASH_HEADER0                
     00000005  l__HEADER1                      
     00000006  ___bank_VM_UI                      vm_ui
     00000006  ___bank_bg_forest_2_1_tilemap      bg_forest_2_1_tilemap
     00000006  ___bank_bg_forest_2_1_tilemap_at   bg_forest_2_1_tilemap_attr
     00000006  ___bank_bg_forest_2_2_tilemap      bg_forest_2_2_tilemap
     00000006  ___bank_bg_forest_2_2_tilemap_at   bg_forest_2_2_tilemap_attr
     00000006  ___bank_palette_0                  palette_0
     00000006  ___bank_scene_23_sprites           scene_23_sprites
     00000006  b_vm_choice                        vm_ui
     00000006  b_vm_display_text                  vm_ui
     00000006  b_vm_overlay_clear                 vm_ui
     00000006  b_vm_overlay_move_to               vm_ui
     00000006  b_vm_overlay_scroll                vm_ui
     00000006  b_vm_overlay_set_map               vm_ui
     00000006  b_vm_overlay_set_scroll            vm_ui
     00000006  b_vm_overlay_set_submap            vm_ui
     00000006  b_vm_overlay_set_submap_ex         vm_ui
     00000006  b_vm_overlay_setpos                vm_ui
     00000006  b_vm_overlay_show                  vm_ui
     00000006  b_vm_overlay_wait                  vm_ui
     00000006  b_vm_set_font                      vm_ui
     00000006  b_vm_set_text_sound                vm_ui
     00000006  b_vm_switch_text_layer             vm_ui
     00000006  l__HEADER7                      
     00000007  ___bank_bg_forest_2_2_tileset      bg_forest_2_2_tileset
     00000007  ___bank_bg_forest_2_3_tilemap      bg_forest_2_3_tilemap
     00000007  ___bank_bg_forest_2_3_tilemap_at   bg_forest_2_3_tilemap_attr
     00000007  ___bank_bg_grassland_1_1_tilemap   bg_grassland_1_1_tilemap
     00000007  ___bank_bg_grassland_1_1_tilemap   bg_grassland_1_1_tilemap_att
     00000007  b_CGBZeroPalette                   palette
     00000007  b_palette_init                     palette
     00000007  l__HEADER2                      
     00000008  ___bank_bg_forest_2_3_tileset      bg_forest_2_3_tileset
     00000008  ___bank_bg_grassland_1_2_tilemap   bg_grassland_1_2_tilemap
     00000008  ___bank_bg_grassland_1_2_tilemap   bg_grassland_1_2_tilemap_att
ASxxxx Linker V03.00 + NoICE + sdld,  page 6.
Hexadecimal  [32-Bits]

Area                                    Addr        Size        Decimal Bytes (Attributes)
--------------------------------        ----        ----        ------- ----- ------------
.  .ABS.                            00000000    00000000 =           0. bytes (ABS,CON)

      Value  Global                              Global Defined In Module
      -----  --------------------------------   ------------------------
     00000008  ___bank_bg_grassland_1_3_tilemap   bg_grassland_1_3_tilemap
     00000008  ___bank_bg_grassland_1_3_tilemap   bg_grassland_1_3_tilemap_att
     00000008  ___bank_scene_grassland_1_1_init   scene_grassland_1_1_init
     00000008  ___bank_scene_grassland_1_2_spri   scene_grassland_1_2_sprites
     00000008  l__HEADER3                      
     00000009  ___bank_bg_grassland_1_3_tileset   bg_grassland_1_3_tileset
     00000009  ___bank_bg_ruins_5_2_tilemap       bg_ruins_5_2_tilemap
     00000009  ___bank_bg_ruins_5_2_tilemap_att   bg_ruins_5_2_tilemap_attr
     00000009  ___bank_bg_rune_5_1_tilemap        bg_rune_5_1_tilemap
     00000009  ___bank_bg_rune_5_1_tilemap_attr   bg_rune_5_1_tilemap_attr
     00000009  ___bank_scene_25_sprites           scene_25_sprites
     00000009  ___bank_scene_26_sprites           scene_26_sprites
     00000009  ___bank_sprite_level_1_hud_copia   sprite_level_1_hud_copia
     0000000A  ___bank_bg_forest_2_1_tileset      bg_forest_2_1_tileset
     0000000A  ___bank_scene_22_collisions        scene_22_collisions
     0000000A  ___bank_scene_cavern_3_1_collisi   scene_cavern_3_1_collisions
     0000000A  ___bank_scene_cavern_3_2_collisi   scene_cavern_3_2_collisions
     0000000A  ___bank_scene_cavern_3_3_collisi   scene_cavern_3_3_collisions
     0000000A  ___bank_scene_cavern_3_3_sprites   scene_cavern_3_3_sprites
     0000000A  ___bank_sprite_pencil              sprite_pencil
     0000000B  ___bank_scene_desert_4_1_collisi   scene_desert_4_1_collisions
     0000000B  ___bank_scene_desert_4_2_collisi   scene_desert_4_2_collisions
     0000000B  ___bank_scene_desert_4_3_collisi   scene_desert_4_3_collisions
     0000000B  ___bank_scene_forest_2_1_collisi   scene_forest_2_1_collisions
     0000000B  ___bank_sound_confirm_vgm          sound_confirm_vgm
     0000000B  b_adventure_init                   adventure
     0000000B  b_adventure_update                 adventure
     0000000C  ___bank_scene_cavern_3_1_sprites   scene_cavern_3_1_sprites
     0000000C  ___bank_scene_forest_2_2_collisi   scene_forest_2_2_collisions
     0000000C  ___bank_scene_forest_2_3_collisi   scene_forest_2_3_collisions
     0000000C  ___bank_scene_grassland_1_1_coll   scene_grassland_1_1_collisio
     0000000C  ___bank_scene_grassland_1_2_coll   scene_grassland_1_2_collisio
     0000000C  ___bank_sprite_gray_pencil_copia   sprite_gray_pencil_copia_til
     0000000C  b_shmup_init                       shmup
     0000000C  b_shmup_update                     shmup
     0000000D  ___bank_bg_desert_4_2_tileset      bg_desert_4_2_tileset
     0000000D  ___bank_font_gbs_mono              font_gbs_mono
     0000000D  ___bank_scene_grassland_1_3_coll   scene_grassland_1_3_collisio
     0000000D  ___bank_scene_rune_5_1_collision   scene_rune_5_1_collisions
     0000000D  ___bank_sprite_pin_tileset         sprite_pin_tileset
     0000000D  b_do_load_palette                  data_manager
     0000000D  b_load_background                  data_manager
     0000000D  b_load_bkg_tileset                 data_manager
     0000000D  b_load_bounds                      data_manager
     0000000D  b_load_emote                       data_manager
     0000000D  b_load_init                        data_manager
     0000000D  b_load_player                      data_manager
     0000000D  b_load_scene                       data_manager
     0000000D  b_load_sprite                      data_manager
     0000000E  ___bank_VM_MATH                    vm_math
     0000000E  ___bank_bg_grassland_intro_copia   bg_grassland_intro_copia_til
ASxxxx Linker V03.00 + NoICE + sdld,  page 7.
Hexadecimal  [32-Bits]

Area                                    Addr        Size        Decimal Bytes (Attributes)
--------------------------------        ----        ----        ------- ----- ------------
.  .ABS.                            00000000    00000000 =           0. bytes (ABS,CON)

      Value  Global                              Global Defined In Module
      -----  --------------------------------   ------------------------
     0000000E  ___bank_bg_map_01_copia_tileset    bg_map_01_copia_tileset
     0000000E  ___bank_bg_map_02_copia_tileset    bg_map_02_copia_tileset
     0000000E  ___bank_bg_map_03_copia_tileset    bg_map_03_copia_tileset
     0000000E  ___bank_bg_map_04_copia_tileset    bg_map_04_copia_tileset
     0000000E  b_core_reset                       core
     0000000E  b_core_run                         core
     0000000E  b_vm_cos_scale                     vm_math
     0000000E  b_vm_sin_scale                     vm_math
     0000000F  ___bank_actor_1_update             actor_1_update
     0000000F  ___bank_bg_cavern_3_2_tileset      bg_cavern_3_2_tileset
     0000000F  ___bank_bg_desert_4_1_tileset      bg_desert_4_1_tileset
     0000000F  ___bank_bg_desert_4_3_tileset      bg_desert_4_3_tileset
     0000000F  ___bank_bg_grassland_1_1_tileset   bg_grassland_1_1_tileset
     0000000F  ___bank_bg_main_menu_copia_tiles   bg_main_menu_copia_tileset
     0000000F  ___bank_bg_title_screen_tileset    bg_title_screen_tileset
     0000000F  b_scroll_init                      scroll
     0000000F  b_scroll_repaint                   scroll
     0000000F  b_scroll_reset                     scroll
     0000000F  b_scroll_update                    scroll
     0000000F  b_topdown_init                     topdown
     0000000F  b_topdown_update                   topdown
     00000010  ___bank_VM_SIO                     vm_sio
     00000010  ___bank_bg_grassland_1_2_tileset   bg_grassland_1_2_tileset
     00000010  ___bank_bg_logo_dribble_studios_   bg_logo_dribble_studios_tile
     00000010  ___bank_bg_no_support_tileset      bg_no_support_tileset
     00000010  ___bank_bg_ruins_5_2_tileset       bg_ruins_5_2_tileset
     00000010  ___bank_bg_rune_5_1_tileset        bg_rune_5_1_tileset
     00000010  ___bank_bg_select_a_hero_copia_0   bg_select_a_hero_copia_0_til
     00000010  ___bank_bg_select_a_hero_copia_t   bg_select_a_hero_copia_tiles
     00000010  ___bank_scene_0_init               scene_0_init
     00000010  b___HandleCrash_banked             
     00000010  b_data_clear                       load_save
     00000010  b_data_init                        load_save
     00000010  b_data_load                        load_save
     00000010  b_data_peek                        load_save
     00000010  b_data_save                        load_save
     00000010  b_fade_applypalettechange          fade_manager
     00000010  b_fade_in                          fade_manager
     00000010  b_fade_in_modal                    fade_manager
     00000010  b_fade_init                        fade_manager
     00000010  b_fade_out                         fade_manager
     00000010  b_fade_out_modal                   fade_manager
     00000010  b_fade_setspeed                    fade_manager
     00000010  b_fade_update                      fade_manager
     00000010  b_gbprinter_detect                 gbprinter
     00000010  b_gbprinter_print_overlay          gbprinter
     00000010  b_trigger_activate_at              trigger
     00000010  b_trigger_activate_at_intersecti   trigger
     00000010  b_trigger_at_intersection          trigger
     00000010  b_trigger_at_tile                  trigger
     00000010  b_trigger_interact                 trigger
ASxxxx Linker V03.00 + NoICE + sdld,  page 8.
Hexadecimal  [32-Bits]

Area                                    Addr        Size        Decimal Bytes (Attributes)
--------------------------------        ----        ----        ------- ----- ------------
.  .ABS.                            00000000    00000000 =           0. bytes (ABS,CON)

      Value  Global                              Global Defined In Module
      -----  --------------------------------   ------------------------
     00000010  b_trigger_reset                    trigger
     00000010  b_vm_sio_exchange                  vm_sio
     00000010  b_vm_sio_set_mode                  vm_sio
     00000011  ___bank_VM_CAMERA                  vm_camera
     00000011  ___bank_VM_PALETTE                 vm_palette
     00000011  ___bank_actor_11_update            actor_11_update
     00000011  ___bank_actor_33_update            actor_33_update
     00000011  ___bank_actor_cursor_update        actor_cursor_update
     00000011  ___bank_bg_grassland_intro_copia   bg_grassland_intro_copia_til
     00000011  ___bank_bg_grassland_intro_copia   bg_grassland_intro_copia_til
     00000011  ___bank_bg_logo_dribble_studios_   bg_logo_dribble_studios_tile
     00000011  ___bank_bg_logo_dribble_studios_   bg_logo_dribble_studios_tile
     00000011  ___bank_bg_main_menu_copia_tilem   bg_main_menu_copia_tilemap
     00000011  ___bank_bg_main_menu_copia_tilem   bg_main_menu_copia_tilemap_a
     00000011  ___bank_bg_map_01_copia_tilemap    bg_map_01_copia_tilemap
     00000011  ___bank_bg_map_01_copia_tilemap_   bg_map_01_copia_tilemap_attr
     00000011  ___bank_bg_map_02_copia_tilemap    bg_map_02_copia_tilemap
     00000011  ___bank_bg_map_02_copia_tilemap_   bg_map_02_copia_tilemap_attr
     00000011  ___bank_bg_map_03_copia_tilemap    bg_map_03_copia_tilemap
     00000011  ___bank_bg_map_03_copia_tilemap_   bg_map_03_copia_tilemap_attr
     00000011  ___bank_bg_map_04_copia_tilemap    bg_map_04_copia_tilemap
     00000011  ___bank_bg_map_04_copia_tilemap_   bg_map_04_copia_tilemap_attr
     00000011  ___bank_bg_no_support_tilemap      bg_no_support_tilemap
     00000011  ___bank_bg_no_support_tilemap_at   bg_no_support_tilemap_attr
     00000011  ___bank_bg_select_a_hero_copia_0   bg_select_a_hero_copia_0_til
     00000011  ___bank_bg_select_a_hero_copia_0   bg_select_a_hero_copia_0_til
     00000011  ___bank_bg_select_a_hero_copia_1   bg_select_a_hero_copia_1_til
     00000011  ___bank_bg_select_a_hero_copia_1   bg_select_a_hero_copia_1_til
     00000011  ___bank_bg_select_a_hero_copia_t   bg_select_a_hero_copia_tilem
     00000011  ___bank_bg_select_a_hero_copia_t   bg_select_a_hero_copia_tilem
     00000011  ___bank_bg_title_screen_tilemap    bg_title_screen_tilemap
     00000011  ___bank_bg_title_screen_tilemap_   bg_title_screen_tilemap_attr
     00000011  ___bank_scene_0_collisions         scene_0_collisions
     00000011  ___bank_scene_23_collisions        scene_23_collisions
     00000011  ___bank_scene_24_collisions        scene_24_collisions
     00000011  ___bank_scene_25_collisions        scene_25_collisions
     00000011  ___bank_scene_26_collisions        scene_26_collisions
     00000011  ___bank_scene_cavern_world_colli   scene_cavern_world_collision
     00000011  ___bank_scene_desert_world_colli   scene_desert_world_collision
     00000011  ___bank_scene_forest_world_colli   scene_forest_world_collision
     00000011  ___bank_scene_logo_dribble_studi   scene_logo_dribble_studios_c
     00000011  ___bank_scene_no_support_collisi   scene_no_support_collisions
     00000011  ___bank_sprite_selector_level_1_   sprite_selector_level_1_tile
     00000011  b_camera_shake_frames              vm_camera
     00000011  b_pointnclick_init                 pointnclick
     00000011  b_pointnclick_update               pointnclick
     00000011  b_set_sgb_border                   sgb_border
     00000011  b_vm_camera_move_to                vm_camera
     00000011  b_vm_camera_set_pos                vm_camera
     00000011  b_vm_load_palette                  vm_palette
     00000011  l__EHL_TRAMPOLINE0              
ASxxxx Linker V03.00 + NoICE + sdld,  page 9.
Hexadecimal  [32-Bits]

Area                                    Addr        Size        Decimal Bytes (Attributes)
--------------------------------        ----        ----        ------- ----- ------------
.  .ABS.                            00000000    00000000 =           0. bytes (ABS,CON)

      Value  Global                              Global Defined In Module
      -----  --------------------------------   ------------------------
     00000012  ___bank_VM_GBPRINTER               vm_gbprinter
     00000012  ___bank_VM_LOAD_SAVE               vm_load_save
     00000012  ___bank_VM_MUSIC                   vm_music
     00000012  ___bank_VM_PROJECTILE              vm_projectiles
     00000012  ___bank_VM_RTC                     vm_rtc
     00000012  ___bank_VM_SCENE                   vm_scene
     00000012  ___bank_actor_10_interact          actor_10_interact
     00000012  ___bank_actor_12_update            actor_12_update
     00000012  ___bank_actor_13_update            actor_13_update
     00000012  ___bank_actor_14_interact          actor_14_interact
     00000012  ___bank_actor_15_update            actor_15_update
     00000012  ___bank_actor_16_update            actor_16_update
     00000012  ___bank_actor_2_update             actor_2_update
     00000012  ___bank_actor_3_update             actor_3_update
     00000012  ___bank_actor_4_update             actor_4_update
     00000012  ___bank_actor_5_update             actor_5_update
     00000012  ___bank_actor_6_update             actor_6_update
     00000012  ___bank_actor_7_update             actor_7_update
     00000012  ___bank_actor_8_update             actor_8_update
     00000012  ___bank_actor_9_update             actor_9_update
     00000012  ___bank_frame_image                frame_image
     00000012  ___bank_palette_1                  palette_1
     00000012  ___bank_palette_10                 palette_10
     00000012  ___bank_palette_11                 palette_11
     00000012  ___bank_palette_12                 palette_12
     00000012  ___bank_palette_13                 palette_13
     00000012  ___bank_palette_14                 palette_14
     00000012  ___bank_palette_15                 palette_15
     00000012  ___bank_palette_16                 palette_16
     00000012  ___bank_palette_17                 palette_17
     00000012  ___bank_palette_18                 palette_18
     00000012  ___bank_palette_19                 palette_19
     00000012  ___bank_palette_2                  palette_2
     00000012  ___bank_palette_20                 palette_20
     00000012  ___bank_palette_21                 palette_21
     00000012  ___bank_palette_22                 palette_22
     00000012  ___bank_palette_23                 palette_23
     00000012  ___bank_palette_24                 palette_24
     00000012  ___bank_palette_25                 palette_25
     00000012  ___bank_palette_26                 palette_26
     00000012  ___bank_palette_27                 palette_27
     00000012  ___bank_palette_28                 palette_28
     00000012  ___bank_palette_29                 palette_29
     00000012  ___bank_palette_3                  palette_3
     00000012  ___bank_palette_30                 palette_30
     00000012  ___bank_palette_31                 palette_31
     00000012  ___bank_palette_32                 palette_32
     00000012  ___bank_palette_33                 palette_33
     00000012  ___bank_palette_34                 palette_34
     00000012  ___bank_palette_4                  palette_4
     00000012  ___bank_palette_5                  palette_5
ASxxxx Linker V03.00 + NoICE + sdld,  page 10.
Hexadecimal  [32-Bits]

Area                                    Addr        Size        Decimal Bytes (Attributes)
--------------------------------        ----        ----        ------- ----- ------------
.  .ABS.                            00000000    00000000 =           0. bytes (ABS,CON)

      Value  Global                              Global Defined In Module
      -----  --------------------------------   ------------------------
     00000012  ___bank_palette_6                  palette_6
     00000012  ___bank_palette_7                  palette_7
     00000012  ___bank_palette_8                  palette_8
     00000012  ___bank_palette_9                  palette_9
     00000012  ___bank_scene_0                    scene_0
     00000012  ___bank_scene_22                   scene_22
     00000012  ___bank_scene_23                   scene_23
     00000012  ___bank_scene_23_actors            scene_23_actors
     00000012  ___bank_scene_24                   scene_24
     00000012  ___bank_scene_24_actors            scene_24_actors
     00000012  ___bank_scene_24_init              scene_24_init
     00000012  ___bank_scene_25                   scene_25
     00000012  ___bank_scene_25_actors            scene_25_actors
     00000012  ___bank_scene_25_init              scene_25_init
     00000012  ___bank_scene_26                   scene_26
     00000012  ___bank_scene_26_actors            scene_26_actors
     00000012  ___bank_scene_26_init              scene_26_init
     00000012  ___bank_scene_cavern_3_1           scene_cavern_3_1
     00000012  ___bank_scene_cavern_3_1_actors    scene_cavern_3_1_actors
     00000012  ___bank_scene_cavern_3_2           scene_cavern_3_2
     00000012  ___bank_scene_cavern_3_2_actors    scene_cavern_3_2_actors
     00000012  ___bank_scene_cavern_3_3           scene_cavern_3_3
     00000012  ___bank_scene_cavern_3_3_actors    scene_cavern_3_3_actors
     00000012  ___bank_scene_cavern_world         scene_cavern_world
     00000012  ___bank_scene_desert_4_1           scene_desert_4_1
     00000012  ___bank_scene_desert_4_1_actors    scene_desert_4_1_actors
     00000012  ___bank_scene_desert_4_2           scene_desert_4_2
     00000012  ___bank_scene_desert_4_3           scene_desert_4_3
     00000012  ___bank_scene_desert_world         scene_desert_world
     00000012  ___bank_scene_forest_2_1           scene_forest_2_1
     00000012  ___bank_scene_forest_2_1_actors    scene_forest_2_1_actors
     00000012  ___bank_scene_forest_2_2           scene_forest_2_2
     00000012  ___bank_scene_forest_2_2_actors    scene_forest_2_2_actors
     00000012  ___bank_scene_forest_2_3           scene_forest_2_3
     00000012  ___bank_scene_forest_2_3_actors    scene_forest_2_3_actors
     00000012  ___bank_scene_forest_world         scene_forest_world
     00000012  ___bank_scene_grassland_1_1        scene_grassland_1_1
     00000012  ___bank_scene_grassland_1_1_acto   scene_grassland_1_1_actors
     00000012  ___bank_scene_grassland_1_2        scene_grassland_1_2
     00000012  ___bank_scene_grassland_1_2_acto   scene_grassland_1_2_actors
     00000012  ___bank_scene_grassland_1_3        scene_grassland_1_3
     00000012  ___bank_scene_grassland_1_3_acto   scene_grassland_1_3_actors
     00000012  ___bank_scene_logo_dribble_studi   scene_logo_dribble_studios
     00000012  ___bank_scene_logo_dribble_studi   scene_logo_dribble_studios_a
     00000012  ___bank_scene_logo_dribble_studi   scene_logo_dribble_studios_i
     00000012  ___bank_scene_no_support           scene_no_support
     00000012  ___bank_scene_rune_5_1             scene_rune_5_1
     00000012  ___bank_scene_rune_5_1_actors      scene_rune_5_1_actors
     00000012  ___bank_scene_select_a_hero        scene_select_a_hero
     00000012  ___bank_scene_select_a_hero_acto   scene_select_a_hero_actors
     00000012  ___bank_scene_select_a_hero_coll   scene_select_a_hero_collisio
ASxxxx Linker V03.00 + NoICE + sdld,  page 11.
Hexadecimal  [32-Bits]

Area                                    Addr        Size        Decimal Bytes (Attributes)
--------------------------------        ----        ----        ------- ----- ------------
.  .ABS.                            00000000    00000000 =           0. bytes (ABS,CON)

      Value  Global                              Global Defined In Module
      -----  --------------------------------   ------------------------
     00000012  ___bank_scene_title_screen         scene_title_screen
     00000012  ___bank_scene_title_screen_actor   scene_title_screen_actors
     00000012  ___bank_scene_title_screen_colli   scene_title_screen_collision
     00000012  ___bank_scene_title_screen_init    scene_title_screen_init
     00000012  ___bank_script_engine_init         
     00000012  ___bank_script_input_0             script_input_0
     00000012  ___bank_script_input_1             script_input_1
     00000012  ___bank_script_input_2             script_input_2
     00000012  ___bank_script_input_3             script_input_3
     00000012  ___bank_sound_cat_meow_vgm         sound_cat_meow_vgm
     00000012  ___bank_sound_jump_vgm             sound_jump_vgm
     00000012  ___bank_sound_menu_out_vgm         sound_menu_out_vgm
     00000012  ___bank_sound_powerup_vgm          sound_powerup_vgm
     00000012  ___bank_sprite_cursor              sprite_cursor
     00000012  ___bank_sprite_cursor_tileset      sprite_cursor_tileset
     00000012  ___bank_sprite_gray_pencil_copia   sprite_gray_pencil_copia
     00000012  ___bank_sprite_gray_pencil_copia   sprite_gray_pencil_copia_0
     00000012  ___bank_sprite_gray_pencil_copia   sprite_gray_pencil_copia_0_t
     00000012  ___bank_sprite_gray_pencil_copia   sprite_gray_pencil_copia_1
     00000012  ___bank_sprite_gray_pencil_copia   sprite_gray_pencil_copia_1_t
     00000012  ___bank_sprite_level_1_hud_copia   sprite_level_1_hud_copia_til
     00000012  ___bank_sprite_pencil_tileset      sprite_pencil_tileset
     00000012  ___bank_sprite_pin                 sprite_pin
     00000012  ___bank_sprite_plataforma          sprite_plataforma
     00000012  ___bank_sprite_plataforma_tilese   sprite_plataforma_tileset
     00000012  ___bank_sprite_player_clover       sprite_player_clover
     00000012  ___bank_sprite_player_clover_til   sprite_player_clover_tileset
     00000012  ___bank_sprite_player_life_copia   sprite_player_life_copia
     00000012  ___bank_sprite_player_life_copia   sprite_player_life_copia_til
     00000012  ___bank_sprite_player_mushroom     sprite_player_mushroom
     00000012  ___bank_sprite_player_mushroom_t   sprite_player_mushroom_tiles
     00000012  ___bank_sprite_player_orange       sprite_player_orange
     00000012  ___bank_sprite_player_orange_til   sprite_player_orange_tileset
     00000012  ___bank_sprite_press_next_copia    sprite_press_next_copia
     00000012  ___bank_sprite_press_next_copia_   sprite_press_next_copia_tile
     00000012  ___bank_sprite_press_start_copia   sprite_press_start_copia
     00000012  ___bank_sprite_press_start_copia   sprite_press_start_copia_til
     00000012  ___bank_sprite_press_start_tiles   sprite_press_start_tileset
     00000012  ___bank_sprite_red_pencil_copia    sprite_red_pencil_copia
     00000012  ___bank_sprite_red_pencil_copia_   sprite_red_pencil_copia_tile
     00000012  ___bank_sprite_selector_level_1    sprite_selector_level_1
     00000012  ___bank_sprite_title_clover        sprite_title_clover
     00000012  ___bank_sprite_title_clover_copi   sprite_title_clover_copia
     00000012  ___bank_sprite_title_clover_copi   sprite_title_clover_copia_ti
     00000012  ___bank_sprite_title_clover_tile   sprite_title_clover_tileset
     00000012  ___bank_sprite_title_mushroom      sprite_title_mushroom
     00000012  ___bank_sprite_title_mushroom_ti   sprite_title_mushroom_tilese
     00000012  ___bank_sprite_title_orange        sprite_title_orange
     00000012  ___bank_sprite_title_orange_tile   sprite_title_orange_tileset
     00000012  ___bank_spritesheet_none           spritesheet_none
     00000012  b_SIO_init                         sio
ASxxxx Linker V03.00 + NoICE + sdld,  page 12.
Hexadecimal  [32-Bits]

Area                                    Addr        Size        Decimal Bytes (Attributes)
--------------------------------        ----        ----        ------- ----- ------------
.  .ABS.                            00000000    00000000 =           0. bytes (ABS,CON)

      Value  Global                              Global Defined In Module
      -----  --------------------------------   ------------------------
     00000012  b_events_init                      events
     00000012  b_input_init                       input
     00000012  b_itoa_fmt                         vm_ui_a
     00000012  b_music_events_poll                music_manager
     00000012  b_music_init_driver                music_manager
     00000012  b_music_init_events                music_manager
     00000012  b_parallax_init                    parallax
     00000012  b_restore_sram                     flasher
     00000012  b_restore_sram_bank                flasher
     00000012  b_save_sram                        flasher
     00000012  b_timers_init                      events
     00000012  b_vm_music_mute                    vm_music
     00000012  b_vm_music_play                    vm_music
     00000012  b_vm_music_routine                 vm_music
     00000012  b_vm_music_setpos                  vm_music
     00000012  b_vm_music_stop                    vm_music
     00000012  b_vm_print_detect                  vm_gbprinter
     00000012  b_vm_print_overlay                 vm_gbprinter
     00000012  b_vm_projectile_launch             vm_projectiles
     00000012  b_vm_projectile_load_type          vm_projectiles
     00000012  b_vm_rtc_get                       vm_rtc
     00000012  b_vm_rtc_latch                     vm_rtc
     00000012  b_vm_rtc_set                       vm_rtc
     00000012  b_vm_rtc_start                     vm_rtc
     00000012  b_vm_save_clear                    vm_load_save
     00000012  b_vm_save_peek                     vm_load_save
     00000012  b_vm_scene_pop                     vm_scene
     00000012  b_vm_scene_pop_all                 vm_scene
     00000012  b_vm_scene_push                    vm_scene
     00000012  b_vm_scene_stack_reset             vm_scene
     00000012  b_vm_sfx_play                      vm_music
     00000012  b_vm_sound_mastervol               vm_music
     00000013  ___bank_actor_17_update            actor_17_update
     00000013  ___bank_actor_18_update            actor_18_update
     00000013  ___bank_actor_19_update            actor_19_update
     00000013  ___bank_actor_20_update            actor_20_update
     00000013  ___bank_actor_34_update            actor_34_update
     00000013  ___bank_actor_36_update            actor_36_update
     00000013  ___bank_bg_cavern_3_1              bg_cavern_3_1
     00000013  ___bank_bg_cavern_3_2              bg_cavern_3_2
     00000013  ___bank_bg_cavern_3_3              bg_cavern_3_3
     00000013  ___bank_bg_desert_4_1              bg_desert_4_1
     00000013  ___bank_bg_desert_4_2              bg_desert_4_2
     00000013  ___bank_bg_desert_4_3              bg_desert_4_3
     00000013  ___bank_bg_forest_2_1              bg_forest_2_1
     00000013  ___bank_bg_forest_2_2              bg_forest_2_2
     00000013  ___bank_bg_forest_2_3              bg_forest_2_3
     00000013  ___bank_bg_grassland_1_1           bg_grassland_1_1
     00000013  ___bank_bg_grassland_1_2           bg_grassland_1_2
     00000013  ___bank_bg_grassland_1_3           bg_grassland_1_3
     00000013  ___bank_bg_grassland_intro_copia   bg_grassland_intro_copia
ASxxxx Linker V03.00 + NoICE + sdld,  page 13.
Hexadecimal  [32-Bits]

Area                                    Addr        Size        Decimal Bytes (Attributes)
--------------------------------        ----        ----        ------- ----- ------------
.  .ABS.                            00000000    00000000 =           0. bytes (ABS,CON)

      Value  Global                              Global Defined In Module
      -----  --------------------------------   ------------------------
     00000013  ___bank_bg_logo_dribble_studios    bg_logo_dribble_studios
     00000013  ___bank_bg_main_menu_copia         bg_main_menu_copia
     00000013  ___bank_bg_map_01_copia            bg_map_01_copia
     00000013  ___bank_bg_map_02_copia            bg_map_02_copia
     00000013  ___bank_bg_map_03_copia            bg_map_03_copia
     00000013  ___bank_bg_map_04_copia            bg_map_04_copia
     00000013  ___bank_bg_no_support              bg_no_support
     00000013  ___bank_bg_ruins_5_2               bg_ruins_5_2
     00000013  ___bank_bg_rune_5_1                bg_rune_5_1
     00000013  ___bank_bg_select_a_hero_copia     bg_select_a_hero_copia
     00000013  ___bank_bg_select_a_hero_copia_0   bg_select_a_hero_copia_0
     00000013  ___bank_bg_select_a_hero_copia_1   bg_select_a_hero_copia_1
     00000013  ___bank_bg_title_screen            bg_title_screen
     00000013  ___bank_bootstrap_script           
     00000013  ___bank_cursor_image               cursor_image
     00000013  ___bank_scene_22_init              scene_22_init
     00000013  ___bank_scene_23_init              scene_23_init
     00000013  ___bank_scene_cavern_3_1_init      scene_cavern_3_1_init
     00000013  ___bank_scene_cavern_3_2_init      scene_cavern_3_2_init
     00000013  ___bank_scene_cavern_3_2_sprites   scene_cavern_3_2_sprites
     00000013  ___bank_scene_cavern_3_3_init      scene_cavern_3_3_init
     00000013  ___bank_scene_cavern_world_init    scene_cavern_world_init
     00000013  ___bank_scene_desert_4_1_init      scene_desert_4_1_init
     00000013  ___bank_scene_desert_4_1_sprites   scene_desert_4_1_sprites
     00000013  ___bank_scene_desert_4_2_init      scene_desert_4_2_init
     00000013  ___bank_scene_desert_4_3_init      scene_desert_4_3_init
     00000013  ___bank_scene_desert_world_init    scene_desert_world_init
     00000013  ___bank_scene_forest_2_1_init      scene_forest_2_1_init
     00000013  ___bank_scene_forest_2_1_sprites   scene_forest_2_1_sprites
     00000013  ___bank_scene_forest_2_2_init      scene_forest_2_2_init
     00000013  ___bank_scene_forest_2_2_sprites   scene_forest_2_2_sprites
     00000013  ___bank_scene_forest_2_3_init      scene_forest_2_3_init
     00000013  ___bank_scene_forest_2_3_sprites   scene_forest_2_3_sprites
     00000013  ___bank_scene_forest_world_init    scene_forest_world_init
     00000013  ___bank_scene_grassland_1_1_spri   scene_grassland_1_1_sprites
     00000013  ___bank_scene_grassland_1_2_init   scene_grassland_1_2_init
     00000013  ___bank_scene_grassland_1_3_init   scene_grassland_1_3_init
     00000013  ___bank_scene_grassland_1_3_spri   scene_grassland_1_3_sprites
     00000013  ___bank_scene_logo_dribble_studi   scene_logo_dribble_studios_s
     00000013  ___bank_scene_no_support_init      scene_no_support_init
     00000013  ___bank_scene_rune_5_1_init        scene_rune_5_1_init
     00000013  ___bank_scene_rune_5_1_sprites     scene_rune_5_1_sprites
     00000013  ___bank_scene_select_a_hero_spri   scene_select_a_hero_sprites
     00000013  ___bank_scene_title_screen_sprit   scene_title_screen_sprites
     00000013  b_logo_init                        logo
     00000013  b_logo_update                      logo
     00000013  b_remove_LCD_ISRs                  interrupts
     00000019  l__INITIALIZED                  
     00000019  l__INITIALIZER                  
     0000001C  __start_save                    
     00000027  l__GSINIT                       
ASxxxx Linker V03.00 + NoICE + sdld,  page 14.
Hexadecimal  [32-Bits]

Area                                    Addr        Size        Decimal Bytes (Attributes)
--------------------------------        ----        ----        ------- ----- ------------
.  .ABS.                            00000000    00000000 =           0. bytes (ABS,CON)

      Value  Global                              Global Defined In Module
      -----  --------------------------------   ------------------------
     00000030  l__HEADER6                      
     0000004E  l__HEADER4                      
     00000082  l__HEADER10                     
     000001CB  l__CRASH_SCRATCH2               
     00000200  s__CODE                         
     0000046D  l__CODE_19                      
     00000C4E  l__CODE                         
     00000E4E  s__HOME                         
     000019C2  l__DATA                         
     00002000  _rROMB0                            
     00002C81  l__HOME                         
     00003000  _rROMB1                            
     00003ACF  s__BASE                         
     00003ACF  s__CODE_0                       
     00003ACF  s__INITIALIZER                  
     00003ACF  s__LIT                          
     00003AE8  s__GSINIT                       
     00003B0F  s__GSFINAL                      
     00003FFE  l__CODE_1                       
     00003FFE  l__CODE_14                      
     00003FFE  l__CODE_17                      
     00003FFF  l__CODE_10                      
     00003FFF  l__CODE_11                      
     00003FFF  l__CODE_2                       
     00003FFF  l__CODE_5                       
     00004000  _RTC_SELECT_REG                    vm_rtc
     00004000  _rRAMB                             
     00004000  l__CODE_12                      
     00004000  l__CODE_13                      
     00004000  l__CODE_15                      
     00004000  l__CODE_16                      
     00004000  l__CODE_18                      
     00004000  l__CODE_3                       
     00004000  l__CODE_4                       
     00004000  l__CODE_6                       
     00004000  l__CODE_7                       
     00004000  l__CODE_8                       
     00004000  l__CODE_9                       
     00006000  _RTC_LATCH_REG                     vm_rtc
     00008000  __VRAM                             
     00008000  __VRAM8000                         
     00008800  __VRAM8800                         
     00009000  __VRAM9000                         
     00009800  __SCRN0                            
     00009C00  __SCRN1                            
     0000A000  _RTC_VALUE_REG                     vm_rtc
     0000A000  __SRAM                             
     0000C000  __RAM                              
     0000C000  _shadow_OAM                     
     0000C0A0  s__DATA                         
     0000D000  __RAMBANK                          
ASxxxx Linker V03.00 + NoICE + sdld,  page 15.
Hexadecimal  [32-Bits]

Area                                    Addr        Size        Decimal Bytes (Attributes)
--------------------------------        ----        ----        ------- ----- ------------
.  .ABS.                            00000000    00000000 =           0. bytes (ABS,CON)

      Value  Global                              Global Defined In Module
      -----  --------------------------------   ------------------------
     0000DA62  s__BSS                          
     0000DA62  s__INITIALIZED                  
     0000DA7B  s__HEAP                         
     0000DF00  .STACK                          
     0000DF00  _shadow_OAM2                       absolute
     0000DFA0  _BkgPalette                        absolute
     0000DFE0  _vwf_tile_data                     absolute
     0000FE00  __OAMRAM                           
     0000FF00  _P1_REG                            
     0000FF00  __IO                               
     0000FF01  _SB_REG                            
     0000FF02  _SC_REG                            
     0000FF04  _DIV_REG                           
     0000FF05  _TIMA_REG                          
     0000FF06  _TMA_REG                           
     0000FF07  _TAC_REG                           
     0000FF0F  _IF_REG                            
     0000FF10  _NR10_REG                          
     0000FF11  _NR11_REG                          
     0000FF12  _NR12_REG                          
     0000FF13  _NR13_REG                          
     0000FF14  _NR14_REG                          
     0000FF16  _NR21_REG                          
     0000FF17  _NR22_REG                          
     0000FF18  _NR23_REG                          
     0000FF19  _NR24_REG                          
     0000FF1A  _NR30_REG                          
     0000FF1B  _NR31_REG                          
     0000FF1C  _NR32_REG                          
     0000FF1D  _NR33_REG                          
     0000FF1E  _NR34_REG                          
     0000FF20  _NR41_REG                          
     0000FF21  _NR42_REG                          
     0000FF22  _NR43_REG                          
     0000FF23  _NR44_REG                          
     0000FF24  _NR50_REG                          
     0000FF25  _NR51_REG                          
     0000FF26  _NR52_REG                          
     0000FF30  _AUD3WAVE                          
     0000FF30  _PCM_SAMPLE                        
     0000FF30  __AUD3WAVERAM                      
     0000FF40  _LCDC_REG                          
     0000FF41  _STAT_REG                          
     0000FF42  _SCY_REG                           
     0000FF43  _SCX_REG                           
     0000FF44  _LY_REG                            
     0000FF45  _LYC_REG                           
     0000FF46  _DMA_REG                           
     0000FF47  _BGP_REG                           
     0000FF48  _OBP0_REG                          
     0000FF49  _OBP1_REG                          
ASxxxx Linker V03.00 + NoICE + sdld,  page 16.
Hexadecimal  [32-Bits]

Area                                    Addr        Size        Decimal Bytes (Attributes)
--------------------------------        ----        ----        ------- ----- ------------
.  .ABS.                            00000000    00000000 =           0. bytes (ABS,CON)

      Value  Global                              Global Defined In Module
      -----  --------------------------------   ------------------------
     0000FF4A  _WY_REG                            
     0000FF4B  _WX_REG                            
     0000FF4D  _KEY1_REG                          
     0000FF4F  _VBK_REG                           
     0000FF51  _HDMA1_REG                         
     0000FF52  _HDMA2_REG                         
     0000FF53  _HDMA3_REG                         
     0000FF54  _HDMA4_REG                         
     0000FF55  _HDMA5_REG                         
     0000FF56  _RP_REG                            
     0000FF68  _BCPS_REG                          
     0000FF69  _BCPD_REG                          
     0000FF6A  _OCPS_REG                          
     0000FF6B  _OCPD_REG                          
     0000FF70  _SVBK_REG                          
     0000FF76  _PCM12_REG                         
     0000FF77  _PCM34_REG                         
     0000FF80  .refresh_OAM                    
     0000FF80  __HRAM                             
     0000FFFF  _IE_REG                            
     00014000  s__CODE_1                       
     00024000  s__CODE_2                       
     00034000  s__CODE_3                       
     00044000  s__CODE_4                       
     00054000  s__CODE_5                       
     00064000  s__CODE_6                       
     00074000  s__CODE_7                       
     00084000  s__CODE_8                       
     00094000  s__CODE_9                       
     000A4000  s__CODE_10                      
     000B4000  s__CODE_11                      
     000C4000  s__CODE_12                      
     000D4000  s__CODE_13                      
     000E4000  s__CODE_14                      
     000F4000  s__CODE_15                      
     00104000  s__CODE_16                      
     00114000  s__CODE_17                      
     00124000  s__CODE_18                      
     00134000  s__CODE_19                      

ASxxxx Linker V03.00 + NoICE + sdld,  page 17.
Hexadecimal  [32-Bits]

Area                                    Addr        Size        Decimal Bytes (Attributes)
--------------------------------        ----        ----        ------- ----- ------------
_CODE                               00000200    00000C4E =        3150. bytes (REL,CON)

      Value  Global                              Global Defined In Module
      -----  --------------------------------   ------------------------
     00000200  ___HandleCrash                     
     0000020A  _SIO_send_byte                     
     0000021D  _SIO_receive                       
     0000022E  _SetTile                           
     0000023D  _set_win_tile_xy                   
     00000242  _set_bkg_tile_xy                   
     00000265  _GetWinAddr                        
     0000026D  _GetBkgAddr                        
     0000027B  _state_init                        
     00000280  _state_update                      
     000002A2  _ui_time_masks                     
     000002AA  _ui_print_shift_char               
     0000032D  _ui_draw_frame_row                 
     00000336  .ui_draw_frame_row                 
     0000035F  _script_cmds                       vm_instructions
     00000593  _save_signature                    game_signature
     00000597  _start_scene_x                     
     00000599  _start_scene_y                     
     0000059B  _start_scene_dir                   
     0000059C  _start_scene                       
     0000059F  _start_player_move_speed           
     000005A0  _start_player_anim_tick            
     000005A1  _ui_fonts                          
     000005A4  _core_reset_hook                   main
     000005AC  _main                              main
     000005B4  _state_start_fns                   
     000005C6  _state_update_fns                  
     000005D8  _hUGE_init_banked                  hUGEDriver_obj
     000005DC  _hUGE_init                         hUGEDriver_obj
     000005E7  _hUGE_mute_channel_banked          hUGEDriver_obj
     000005EB  _hUGE_mute_channel                 hUGEDriver_obj
     000005F8  _hUGE_set_position_banked          hUGEDriver_obj
     000005FC  _hUGE_set_position                 hUGEDriver_obj
     00000605  hUGE_init                          hUGEDriver_obj
     0000065B  hUGE_mute_channel                  hUGEDriver_obj
     00000851  hUGE_set_position                  hUGEDriver_obj
     000009B9  _hUGE_dosound                      hUGEDriver_obj
     000009B9  _hUGE_dosound_banked               hUGEDriver_obj
     000009B9  hUGE_dosound                       hUGEDriver_obj
     00000CA8  _get_vram_byte                     
     00000CB5  _get_win_tile_xy                   
     00000CBD  _get_bkg_tile_xy                   
     00000CE4  _set_sprite_palette                CGB
     00000CE9  _set_bkg_palette                   CGB
     00000CEC  .set_palette                       CGB
     00000D0B  _set_sprite_palette_entry          CGB
     00000D10  _set_bkg_palette_entry             CGB
     00000D13  .set_palette_entry                 CGB
     00000D2F  _hide_sprites_range                Metasprites
     00000D5F  .sgb_check                         
ASxxxx Linker V03.00 + NoICE + sdld,  page 18.
Hexadecimal  [32-Bits]

Area                                    Addr        Size        Decimal Bytes (Attributes)
--------------------------------        ----        ----        ------- ----- ------------
_CODE                               00000200    00000C4E =        3150. bytes (REL,CON)

      Value  Global                              Global Defined In Module
      -----  --------------------------------   ------------------------
     00000D5F  _sgb_check                         
     00000DA7  _sgb_transfer                      
     00000DAC  .sgb_transfer                      
     00000DED  ___move_metasprite                 Metasprites
     00000E2C  _cpu_slow                          CGB
     00000E47  _cpu_fast                          CGB

ASxxxx Linker V03.00 + NoICE + sdld,  page 19.
Hexadecimal  [32-Bits]

Area                                    Addr        Size        Decimal Bytes (Attributes)
--------------------------------        ----        ----        ------- ----- ------------
_HEADER0                            00000000    00000001 =           1. bytes (ABS,CON)

      Value  Global                              Global Defined In Module
      -----  --------------------------------   ------------------------
     00000020  .call_hl                           Runtime

ASxxxx Linker V03.00 + NoICE + sdld,  page 20.
Hexadecimal  [32-Bits]

Area                                    Addr        Size        Decimal Bytes (Attributes)
--------------------------------        ----        ----        ------- ----- ------------
_HEADER1                            00000000    00000005 =           5. bytes (ABS,CON)

      Value  Global                              Global Defined In Module
      -----  --------------------------------   ------------------------
     00000028  .MemsetSmall                       Runtime

ASxxxx Linker V03.00 + NoICE + sdld,  page 21.
Hexadecimal  [32-Bits]

Area                                    Addr        Size        Decimal Bytes (Attributes)
--------------------------------        ----        ----        ------- ----- ------------
_HEADER2                            00000000    00000007 =           7. bytes (ABS,CON)

      Value  Global                              Global Defined In Module
      -----  --------------------------------   ------------------------
     00000030  .MemcpySmall                       Runtime

ASxxxx Linker V03.00 + NoICE + sdld,  page 22.
Hexadecimal  [32-Bits]

Area                                    Addr        Size        Decimal Bytes (Attributes)
--------------------------------        ----        ----        ------- ----- ------------
_HEADER3                            00000000    00000008 =           8. bytes (ABS,CON)

      Value  Global                              Global Defined In Module
      -----  --------------------------------   ------------------------
ASxxxx Linker V03.00 + NoICE + sdld,  page 23.
Hexadecimal  [32-Bits]

Area                                    Addr        Size        Decimal Bytes (Attributes)
--------------------------------        ----        ----        ------- ----- ------------
_HEADER4                            00000000    0000004E =          78. bytes (ABS,CON)

      Value  Global                              Global Defined In Module
      -----  --------------------------------   ------------------------
     00000080  .int                               Runtime
     0000008F  _wait_int_handler                  Runtime
     0000009C  __standard_VBL_handler             Runtime
     000000AC  _refresh_OAM                       Runtime

ASxxxx Linker V03.00 + NoICE + sdld,  page 24.
Hexadecimal  [32-Bits]

Area                                    Addr        Size        Decimal Bytes (Attributes)
--------------------------------        ----        ----        ------- ----- ------------
_HEADER5                            00000000    00000002 =           2. bytes (ABS,CON)

      Value  Global                              Global Defined In Module
      -----  --------------------------------   ------------------------
ASxxxx Linker V03.00 + NoICE + sdld,  page 25.
Hexadecimal  [32-Bits]

Area                                    Addr        Size        Decimal Bytes (Attributes)
--------------------------------        ----        ----        ------- ----- ------------
_HEADER6                            00000000    00000030 =          48. bytes (ABS,CON)

      Value  Global                              Global Defined In Module
      -----  --------------------------------   ------------------------
ASxxxx Linker V03.00 + NoICE + sdld,  page 26.
Hexadecimal  [32-Bits]

Area                                    Addr        Size        Decimal Bytes (Attributes)
--------------------------------        ----        ----        ------- ----- ------------
_HEADER7                            00000000    00000006 =           6. bytes (ABS,CON)

      Value  Global                              Global Defined In Module
      -----  --------------------------------   ------------------------
ASxxxx Linker V03.00 + NoICE + sdld,  page 27.
Hexadecimal  [32-Bits]

Area                                    Addr        Size        Decimal Bytes (Attributes)
--------------------------------        ----        ----        ------- ----- ------------
_HEADER8                            00000000    00000003 =           3. bytes (ABS,CON)

      Value  Global                              Global Defined In Module
      -----  --------------------------------   ------------------------
ASxxxx Linker V03.00 + NoICE + sdld,  page 28.
Hexadecimal  [32-Bits]

Area                                    Addr        Size        Decimal Bytes (Attributes)
--------------------------------        ----        ----        ------- ----- ------------
_HEADER9                            00000000    00000001 =           1. bytes (ABS,CON)

      Value  Global                              Global Defined In Module
      -----  --------------------------------   ------------------------
ASxxxx Linker V03.00 + NoICE + sdld,  page 29.
Hexadecimal  [32-Bits]

Area                                    Addr        Size        Decimal Bytes (Attributes)
--------------------------------        ----        ----        ------- ----- ------------
_HEADERa                            00000000    00000001 =           1. bytes (ABS,CON)

      Value  Global                              Global Defined In Module
      -----  --------------------------------   ------------------------
ASxxxx Linker V03.00 + NoICE + sdld,  page 30.
Hexadecimal  [32-Bits]

Area                                    Addr        Size        Decimal Bytes (Attributes)
--------------------------------        ----        ----        ------- ----- ------------
_HEADERb                            00000000    00000001 =           1. bytes (ABS,CON)

      Value  Global                              Global Defined In Module
      -----  --------------------------------   ------------------------
ASxxxx Linker V03.00 + NoICE + sdld,  page 31.
Hexadecimal  [32-Bits]

Area                                    Addr        Size        Decimal Bytes (Attributes)
--------------------------------        ----        ----        ------- ----- ------------
_HEADERc                            00000000    00000002 =           2. bytes (ABS,CON)

      Value  Global                              Global Defined In Module
      -----  --------------------------------   ------------------------
ASxxxx Linker V03.00 + NoICE + sdld,  page 32.
Hexadecimal  [32-Bits]

Area                                    Addr        Size        Decimal Bytes (Attributes)
--------------------------------        ----        ----        ------- ----- ------------
_HEADERd                            00000000    00000001 =           1. bytes (ABS,CON)

      Value  Global                              Global Defined In Module
      -----  --------------------------------   ------------------------
ASxxxx Linker V03.00 + NoICE + sdld,  page 33.
Hexadecimal  [32-Bits]

Area                                    Addr        Size        Decimal Bytes (Attributes)
--------------------------------        ----        ----        ------- ----- ------------
_HEADERe                            00000000    00000001 =           1. bytes (ABS,CON)

      Value  Global                              Global Defined In Module
      -----  --------------------------------   ------------------------
ASxxxx Linker V03.00 + NoICE + sdld,  page 34.
Hexadecimal  [32-Bits]

Area                                    Addr        Size        Decimal Bytes (Attributes)
--------------------------------        ----        ----        ------- ----- ------------
_HEADERf                            00000000    00000002 =           2. bytes (ABS,CON)

      Value  Global                              Global Defined In Module
      -----  --------------------------------   ------------------------
ASxxxx Linker V03.00 + NoICE + sdld,  page 35.
Hexadecimal  [32-Bits]

Area                                    Addr        Size        Decimal Bytes (Attributes)
--------------------------------        ----        ----        ------- ----- ------------
_HEADER10                           00000000    00000082 =         130. bytes (ABS,CON)

      Value  Global                              Global Defined In Module
      -----  --------------------------------   ------------------------
     00000150  .reset                             Runtime
     00000150  _reset                             Runtime
     00000157  .code_start                        Runtime
     000001B7  _exit                              Runtime
     000001BB  _set_interrupts                    Runtime

ASxxxx Linker V03.00 + NoICE + sdld,  page 36.
Hexadecimal  [32-Bits]

Area                                    Addr        Size        Decimal Bytes (Attributes)
--------------------------------        ----        ----        ------- ----- ------------
_HEADER11                           00000000    00000001 =           1. bytes (ABS,CON)

      Value  Global                              Global Defined In Module
      -----  --------------------------------   ------------------------
ASxxxx Linker V03.00 + NoICE + sdld,  page 37.
Hexadecimal  [32-Bits]

Area                                    Addr        Size        Decimal Bytes (Attributes)
--------------------------------        ----        ----        ------- ----- ------------
_HOME                               00000E4E    00002C81 =       11393. bytes (REL,CON)

      Value  Global                              Global Defined In Module
      -----  --------------------------------   ------------------------
     00000E4E  .memset_simple                     Runtime
     00000E57  .memcpy_simple                     Runtime
     00000E74  .remove_VBL                        Runtime
     00000E77  .remove_int                        Runtime
     00000E94  .add_VBL                           Runtime
     00000E97  .add_int                           Runtime
     00000EA2  .wait_vbl_done                     Runtime
     00000EA2  _wait_vbl_done                     Runtime
     00000EB2  .display_off                       Runtime
     00000EB2  _display_off                       Runtime
     00000ECA  _remove_VBL                        Runtime
     00000ED5  _add_VBL                           Runtime
     00000EE0  _actors_update                     actor
     000012E9  _SetBankedBkgData                  bankdata
     00001305  _SetBankedSpriteData               bankdata
     00001321  _SetBankedBkgTiles                 bankdata
     0000133D  _SetBankedWinTiles                 bankdata
     00001359  _ReadBankedFarPtr                  bankdata
     00001380  _ReadBankedUWORD                   bankdata
     0000139C  _MemcpyBanked                      bankdata
     000013B8  _MemcpyVRAMBanked                  bankdata
     000013D4  _IndexOfFarPtr                     bankdata
     0000146A  _camera_update                     camera
     0000159D  _load_animations                   data_manager
     000015FC  _events_update                     events
     000016CE  _timers_update                     events
     00001756  _input_update                      input
     00001786  .sio_ISR                           
     000017E0  .timer_ISR                         
     000017F5  _simple_LCD_isr                    interrupts
     00001871  _fullscreen_LCD_isr                interrupts
     0000189D  _VBL_isr                           interrupts
     000018E7  _isqrt                             math
     0000193D  _sine_wave                         math
     00001A3D  _dir_lookup                        math
     00001A45  _dir_angle_lookup                  math
     00001A49  _hUGETrackerRoutine                music_manager
     00001A75  _music_events_update               music_manager
     00001AF7  _music_play_isr                    music_manager
     00001B9D  _parallax_LCD_isr                  parallax
     00001BDA  _projectiles_update                projectiles
     00002079  _projectiles_render                projectiles
     000021EC  _scroll_load_pending_row           scroll
     00002278  _scroll_load_row                   scroll
     000022F2  _scroll_load_col                   scroll
     0000235D  _scroll_load_pending_col           scroll
     000023EE  _set_bkg_submap                    
     00002431  _set_xy_win_submap                 
     0000245E  .set_xy_win_submap                 
     00002467  .set_xy_bkg_submap                 
ASxxxx Linker V03.00 + NoICE + sdld,  page 38.
Hexadecimal  [32-Bits]

Area                                    Addr        Size        Decimal Bytes (Attributes)
--------------------------------        ----        ----        ------- ----- ------------
_HOME                               00000E4E    00002C81 =       11393. bytes (REL,CON)

      Value  Global                              Global Defined In Module
      -----  --------------------------------   ------------------------
     00002476  .set_xy_submap                     
     000024BC  _sfx_play_isr                      sfx_player
     0000258F  _on_SIO_receive                    sio
     000025D0  _SIO_update                        sio
     00002637  _ui_update                         ui
     00002766  _vm_sgb_transfer                   vm_sgb
     000027B4  _vm_load_text                      vm_ui
     00002A09  _vm_switch                         vm
     00002B0C  _vm_beginthread                    vm
     00002C31  _vm_rpn                            vm
     00003373  _vm_get_far                        vm
     000033DD  _vm_call_native                    vm
     000033F0  _VM_STEP                           vm
     0000345E  _script_runner_update              vm
     000035C9  _fill_win_rect                     
     000035DB  _rand                              
     000035DB  _randw                             
     00003606  _initrand                          
     00003608  .initrand                          
     00003611  _get_bkg_data                      
     00003611  _get_win_data                      
     0000365E  _get_sprite_data                   
     0000368E  __mulsuchar                        mul
     00003698  __muluschar                        mul
     000036A2  __mulschar                         mul
     000036B4  __muluchar                         mul
     000036C0  __mulint                           mul
     000036E6  _abs                               abs
     000036F5  _set_win_tiles                     
     00003709  _set_tile_data                     
     0000370E  _set_bkg_data                      
     0000370E  _set_win_data                      
     00003716  _set_sprite_data                   
     00003746  _reverse                           reverse
     0000377A  ___call__banked                    far_ptr
     00003797  _to_far_ptr                        far_ptr
     000037D0  _add_LCD                           
     000037DB  .add_LCD                           
     000037E1  _remove_LCD                        
     000037EC  .remove_LCD                        
     000037F2  .fill_rect_wtt                     
     000037FB  .fill_rect_btt                     
     00003848  .copy_vram                         
     0000385C  _get_data                          
     0000385C  _set_data                          
     0000385C  _vmemcpy                           
     0000386F  _fill_bkg_rect                     
     00003881  .padup                             
     00003881  _waitpadup                         
     00003891  .jpad                              
     00003891  _joypad                            
ASxxxx Linker V03.00 + NoICE + sdld,  page 39.
Hexadecimal  [32-Bits]

Area                                    Addr        Size        Decimal Bytes (Attributes)
--------------------------------        ----        ----        ------- ----- ------------
_HOME                               00000E4E    00002C81 =       11393. bytes (REL,CON)

      Value  Global                              Global Defined In Module
      -----  --------------------------------   ------------------------
     000038B9  _waitpad                           
     000038BC  .wait_pad                          
     000038C3  ___sdcc_call_hl                    call_hl
     000038C4  ___memcpy                          memcpy
     000038C4  _memcpy                            memcpy
     00003907  _memset                            memset
     0000393A  .set_xy_wtt                        SetTileMap
     00003943  .set_xy_btt                        SetTileMap
     00003952  .set_xy_tt                         SetTileMap
     00003994  __divsuchar                        div
     000039A1  __modsuchar                        div
     000039AB  __divuschar                        div
     000039BD  __moduschar                        div
     000039CD  __divschar                         div
     000039D9  __modschar                         div
     000039E3  __divsint                          div
     000039F4  __modsint                          div
     00003A03  __divuchar                         div
     00003A0F  __moduchar                         div
     00003A19  __divuint                          div
     00003A2A  __moduint                          div
     00003A39  .div8                              div
     00003A39  .mod8                              div
     00003A41  .div16                             div
     00003A41  .mod16                             div
     00003A77  .divu8                             div
     00003A77  .modu8                             div
     00003A7A  .divu16                            div
     00003A7A  .modu16                            div
     00003ABB  _set_bkg_tiles                     

ASxxxx Linker V03.00 + NoICE + sdld,  page 40.
Hexadecimal  [32-Bits]

Area                                    Addr        Size        Decimal Bytes (Attributes)
--------------------------------        ----        ----        ------- ----- ------------
_INITIALIZER                        00003ACF    00000019 =          25. bytes (REL,CON)

      Value  Global                              Global Defined In Module
      -----  --------------------------------   ------------------------
ASxxxx Linker V03.00 + NoICE + sdld,  page 41.
Hexadecimal  [32-Bits]

Area                                    Addr        Size        Decimal Bytes (Attributes)
--------------------------------        ----        ----        ------- ----- ------------
_GSINIT                             00003AE8    00000027 =          39. bytes (REL,CON)

      Value  Global                              Global Defined In Module
      -----  --------------------------------   ------------------------
[...]
                                          [ scene_forest_2_2_collisions ]
C:/Users/luisc/AppData/Local/Temp/_gbsbuild/obj/scene_forest_2_2_init.rel
                                          [ scene_forest_2_2_init ]
C:/Users/luisc/AppData/Local/Temp/_gbsbuild/obj/scene_forest_2_2_sprites.rel
                                          [ scene_forest_2_2_sprites ]
C:/Users/luisc/AppData/Local/Temp/_gbsbuild/obj/scene_forest_2_2.rel
                                          [ scene_forest_2_2 ]
C:/Users/luisc/AppData/Local/Temp/_gbsbuild/obj/scene_forest_2_3_actors.rel
                                          [ scene_forest_2_3_actors ]
C:/Users/luisc/AppData/Local/Temp/_gbsbuild/obj/scene_forest_2_3_collisions.rel
                                          [ scene_forest_2_3_collisions ]
C:/Users/luisc/AppData/Local/Temp/_gbsbuild/obj/scene_forest_2_3_init.rel
                                          [ scene_forest_2_3_init ]
C:/Users/luisc/AppData/Local/Temp/_gbsbuild/obj/scene_forest_2_3_sprites.rel
                                          [ scene_forest_2_3_sprites ]
C:/Users/luisc/AppData/Local/Temp/_gbsbuild/obj/scene_forest_2_3.rel
                                          [ scene_forest_2_3 ]
C:/Users/luisc/AppData/Local/Temp/_gbsbuild/obj/scene_forest_world_collisions.rel
                                          [ scene_forest_world_collisions ]
C:/Users/luisc/AppData/Local/Temp/_gbsbuild/obj/scene_forest_world_init.rel
                                          [ scene_forest_world_init ]
C:/Users/luisc/AppData/Local/Temp/_gbsbuild/obj/scene_forest_world.rel
                                          [ scene_forest_world ]
C:/Users/luisc/AppData/Local/Temp/_gbsbuild/obj/scene_grassland_1_1_actors.rel
                                          [ scene_grassland_1_1_actors ]
C:/Users/luisc/AppData/Local/Temp/_gbsbuild/obj/scene_grassland_1_1_collisions.rel
                                          [ scene_grassland_1_1_collisions ]
C:/Users/luisc/AppData/Local/Temp/_gbsbuild/obj/scene_grassland_1_1_init.rel
                                          [ scene_grassland_1_1_init ]
C:/Users/luisc/AppData/Local/Temp/_gbsbuild/obj/scene_grassland_1_1_sprites.rel
                                          [ scene_grassland_1_1_sprites ]
C:/Users/luisc/AppData/Local/Temp/_gbsbuild/obj/scene_grassland_1_1.rel
                                          [ scene_grassland_1_1 ]
C:/Users/luisc/AppData/Local/Temp/_gbsbuild/obj/scene_grassland_1_2_actors.rel
                                          [ scene_grassland_1_2_actors ]
C:/Users/luisc/AppData/Local/Temp/_gbsbuild/obj/scene_grassland_1_2_collisions.rel
                                          [ scene_grassland_1_2_collisions ]
C:/Users/luisc/AppData/Local/Temp/_gbsbuild/obj/scene_grassland_1_2_init.rel
                                          [ scene_grassland_1_2_init ]
C:/Users/luisc/AppData/Local/Temp/_gbsbuild/obj/scene_grassland_1_2_sprites.rel
                                          [ scene_grassland_1_2_sprites ]
C:/Users/luisc/AppData/Local/Temp/_gbsbuild/obj/scene_grassland_1_2.rel
                                          [ scene_grassland_1_2 ]
C:/Users/luisc/AppData/Local/Temp/_gbsbuild/obj/scene_grassland_1_3_actors.rel
                                          [ scene_grassland_1_3_actors ]
C:/Users/luisc/AppData/Local/Temp/_gbsbuild/obj/scene_grassland_1_3_collisions.rel
                                          [ scene_grassland_1_3_collisions ]
C:/Users/luisc/AppData/Local/Temp/_gbsbuild/obj/scene_grassland_1_3_init.rel
                                          [ scene_grassland_1_3_init ]
C:/Users/luisc/AppData/Local/Temp/_gbsbuild/obj/scene_grassland_1_3_sprites.rel
                                          [ scene_grassland_1_3_sprites ]
C:/Users/luisc/AppData/Local/Temp/_gbsbuild/obj/scene_grassland_1_3.rel
                                          [ scene_grassland_1_3 ]
C:/Users/luisc/AppData/Local/Temp/_gbsbuild/obj/scene_logo_dribble_studios_actors.rel
                                          [ scene_logo_dribble_studios_actor ]
C:/Users/luisc/AppData/Local/Temp/_gbsbuild/obj/scene_logo_dribble_studios_collisions.rel
                                          [ scene_logo_dribble_studios_colli ]
C:/Users/luisc/AppData/Local/Temp/_gbsbuild/obj/scene_logo_dribble_studios_init.rel
                                          [ scene_logo_dribble_studios_init ]
C:/Users/luisc/AppData/Local/Temp/_gbsbuild/obj/scene_logo_dribble_studios_sprites.rel
                                          [ scene_logo_dribble_studios_sprit ]
C:/Users/luisc/AppData/Local/Temp/_gbsbuild/obj/scene_logo_dribble_studios.rel
                                          [ scene_logo_dribble_studios ]
C:/Users/luisc/AppData/Local/Temp/_gbsbuild/obj/scene_no_support_collisions.rel
                                          [ scene_no_support_collisions ]
C:/Users/luisc/AppData/Local/Temp/_gbsbuild/obj/scene_no_support_init.rel
                                          [ scene_no_support_init ]
C:/Users/luisc/AppData/Local/Temp/_gbsbuild/obj/scene_no_support.rel
                                          [ scene_no_support ]
C:/Users/luisc/AppData/Local/Temp/_gbsbuild/obj/scene_rune_5_1_actors.rel
                                          [ scene_rune_5_1_actors ]
C:/Users/luisc/AppData/Local/Temp/_gbsbuild/obj/scene_rune_5_1_collisions.rel
                                          [ scene_rune_5_1_collisions ]
C:/Users/luisc/AppData/Local/Temp/_gbsbuild/obj/scene_rune_5_1_init.rel
                                          [ scene_rune_5_1_init ]
C:/Users/luisc/AppData/Local/Temp/_gbsbuild/obj/scene_rune_5_1_sprites.rel
                                          [ scene_rune_5_1_sprites ]
C:/Users/luisc/AppData/Local/Temp/_gbsbuild/obj/scene_rune_5_1.rel
                                          [ scene_rune_5_1 ]
C:/Users/luisc/AppData/Local/Temp/_gbsbuild/obj/scene_select_a_hero_actors.rel
                                          [ scene_select_a_hero_actors ]
C:/Users/luisc/AppData/Local/Temp/_gbsbuild/obj/scene_select_a_hero_collisions.rel
                                          [ scene_select_a_hero_collisions ]
C:/Users/luisc/AppData/Local/Temp/_gbsbuild/obj/scene_select_a_hero_init.rel
                                          [ scene_select_a_hero_init ]
C:/Users/luisc/AppData/Local/Temp/_gbsbuild/obj/scene_select_a_hero_sprites.rel
                                          [ scene_select_a_hero_sprites ]
C:/Users/luisc/AppData/Local/Temp/_gbsbuild/obj/scene_select_a_hero.rel
                                          [ scene_select_a_hero ]
C:/Users/luisc/AppData/Local/Temp/_gbsbuild/obj/scene_title_screen_actors.rel
                                          [ scene_title_screen_actors ]
C:/Users/luisc/AppData/Local/Temp/_gbsbuild/obj/scene_title_screen_collisions.rel
                                          [ scene_title_screen_collisions ]
C:/Users/luisc/AppData/Local/Temp/_gbsbuild/obj/scene_title_screen_init.rel
                                          [ scene_title_screen_init ]
C:/Users/luisc/AppData/Local/Temp/_gbsbuild/obj/scene_title_screen_sprites.rel
                                          [ scene_title_screen_sprites ]
C:/Users/luisc/AppData/Local/Temp/_gbsbuild/obj/scene_title_screen.rel
                                          [ scene_title_screen ]
C:/Users/luisc/AppData/Local/Temp/_gbsbuild/obj/script_engine_init.rel
                                          [  ]
C:/Users/luisc/AppData/Local/Temp/_gbsbuild/obj/script_input_0.rel
                                          [ script_input_0 ]
C:/Users/luisc/AppData/Local/Temp/_gbsbuild/obj/script_input_1.rel
                                          [ script_input_1 ]
C:/Users/luisc/AppData/Local/Temp/_gbsbuild/obj/script_input_2.rel
                                          [ script_input_2 ]
C:/Users/luisc/AppData/Local/Temp/_gbsbuild/obj/script_input_3.rel
                                          [ script_input_3 ]
C:/Users/luisc/AppData/Local/Temp/_gbsbuild/obj/sound_cat_meow_vgm.rel
                                          [ sound_cat_meow_vgm ]
C:/Users/luisc/AppData/Local/Temp/_gbsbuild/obj/sound_confirm_vgm.rel
                                          [ sound_confirm_vgm ]
C:/Users/luisc/AppData/Local/Temp/_gbsbuild/obj/sound_jump_vgm.rel
                                          [ sound_jump_vgm ]
C:/Users/luisc/AppData/Local/Temp/_gbsbuild/obj/sound_menu_out_vgm.rel
                                          [ sound_menu_out_vgm ]
C:/Users/luisc/AppData/Local/Temp/_gbsbuild/obj/sound_powerup_vgm.rel
                                          [ sound_powerup_vgm ]
C:/Users/luisc/AppData/Local/Temp/_gbsbuild/obj/sprite_cursor_tileset.rel
                                          [ sprite_cursor_tileset ]
C:/Users/luisc/AppData/Local/Temp/_gbsbuild/obj/sprite_cursor.rel
                                          [ sprite_cursor ]
C:/Users/luisc/AppData/Local/Temp/_gbsbuild/obj/sprite_gray_pencil_copia_0_tileset.rel
                                          [ sprite_gray_pencil_copia_0_tiles ]
C:/Users/luisc/AppData/Local/Temp/_gbsbuild/obj/sprite_gray_pencil_copia_0.rel
                                          [ sprite_gray_pencil_copia_0 ]
C:/Users/luisc/AppData/Local/Temp/_gbsbuild/obj/sprite_gray_pencil_copia_1_tileset.rel
                                          [ sprite_gray_pencil_copia_1_tiles ]
C:/Users/luisc/AppData/Local/Temp/_gbsbuild/obj/sprite_gray_pencil_copia_1.rel
                                          [ sprite_gray_pencil_copia_1 ]
C:/Users/luisc/AppData/Local/Temp/_gbsbuild/obj/sprite_gray_pencil_copia_tileset.rel
                                          [ sprite_gray_pencil_copia_tileset ]
C:/Users/luisc/AppData/Local/Temp/_gbsbuild/obj/sprite_gray_pencil_copia.rel
                                          [ sprite_gray_pencil_copia ]
C:/Users/luisc/AppData/Local/Temp/_gbsbuild/obj/sprite_level_1_hud_copia_tileset.rel
                                          [ sprite_level_1_hud_copia_tileset ]
C:/Users/luisc/AppData/Local/Temp/_gbsbuild/obj/sprite_level_1_hud_copia.rel
                                          [ sprite_level_1_hud_copia ]
C:/Users/luisc/AppData/Local/Temp/_gbsbuild/obj/sprite_pencil_tileset.rel
                                          [ sprite_pencil_tileset ]
C:/Users/luisc/AppData/Local/Temp/_gbsbuild/obj/sprite_pencil.rel
                                          [ sprite_pencil ]
C:/Users/luisc/AppData/Local/Temp/_gbsbuild/obj/sprite_pin_tileset.rel
                                          [ sprite_pin_tileset ]
C:/Users/luisc/AppData/Local/Temp/_gbsbuild/obj/sprite_pin.rel
                                          [ sprite_pin ]
C:/Users/luisc/AppData/Local/Temp/_gbsbuild/obj/sprite_plataforma_tileset.rel
                                          [ sprite_plataforma_tileset ]
C:/Users/luisc/AppData/Local/Temp/_gbsbuild/obj/sprite_plataforma.rel
                                          [ sprite_plataforma ]
C:/Users/luisc/AppData/Local/Temp/_gbsbuild/obj/sprite_player_clover_tileset.rel
                                          [ sprite_player_clover_tileset ]
C:/Users/luisc/AppData/Local/Temp/_gbsbuild/obj/sprite_player_clover.rel
                                          [ sprite_player_clover ]
C:/Users/luisc/AppData/Local/Temp/_gbsbuild/obj/sprite_player_life_copia_tileset.rel
                                          [ sprite_player_life_copia_tileset ]
C:/Users/luisc/AppData/Local/Temp/_gbsbuild/obj/sprite_player_life_copia.rel
                                          [ sprite_player_life_copia ]
C:/Users/luisc/AppData/Local/Temp/_gbsbuild/obj/sprite_player_mushroom_tileset.rel
                                          [ sprite_player_mushroom_tileset ]
C:/Users/luisc/AppData/Local/Temp/_gbsbuild/obj/sprite_player_mushroom.rel
                                          [ sprite_player_mushroom ]
C:/Users/luisc/AppData/Local/Temp/_gbsbuild/obj/sprite_player_orange_tileset.rel
                                          [ sprite_player_orange_tileset ]
C:/Users/luisc/AppData/Local/Temp/_gbsbuild/obj/sprite_player_orange.rel
                                          [ sprite_player_orange ]
C:/Users/luisc/AppData/Local/Temp/_gbsbuild/obj/sprite_press_next_copia_tileset.rel
                                          [ sprite_press_next_copia_tileset ]
C:/Users/luisc/AppData/Local/Temp/_gbsbuild/obj/sprite_press_next_copia.rel
                                          [ sprite_press_next_copia ]
C:/Users/luisc/AppData/Local/Temp/_gbsbuild/obj/sprite_press_start_copia_tileset.rel
                                          [ sprite_press_start_copia_tileset ]
C:/Users/luisc/AppData/Local/Temp/_gbsbuild/obj/sprite_press_start_copia.rel
                                          [ sprite_press_start_copia ]
C:/Users/luisc/AppData/Local/Temp/_gbsbuild/obj/sprite_press_start_tileset.rel
                                          [ sprite_press_start_tileset ]
C:/Users/luisc/AppData/Local/Temp/_gbsbuild/obj/sprite_press_start.rel
                                          [ sprite_press_start ]
C:/Users/luisc/AppData/Local/Temp/_gbsbuild/obj/sprite_red_pencil_copia_tileset.rel
                                          [ sprite_red_pencil_copia_tileset ]
C:/Users/luisc/AppData/Local/Temp/_gbsbuild/obj/sprite_red_pencil_copia.rel
                                          [ sprite_red_pencil_copia ]
C:/Users/luisc/AppData/Local/Temp/_gbsbuild/obj/sprite_selector_level_1_tileset.rel
                                          [ sprite_selector_level_1_tileset ]
C:/Users/luisc/AppData/Local/Temp/_gbsbuild/obj/sprite_selector_level_1.rel
                                          [ sprite_selector_level_1 ]
C:/Users/luisc/AppData/Local/Temp/_gbsbuild/obj/sprite_title_clover_copia_tileset.rel
                                          [ sprite_title_clover_copia_tilese ]
C:/Users/luisc/AppData/Local/Temp/_gbsbuild/obj/sprite_title_clover_copia.rel
                                          [ sprite_title_clover_copia ]
C:/Users/luisc/AppData/Local/Temp/_gbsbuild/obj/sprite_title_clover_tileset.rel
                                          [ sprite_title_clover_tileset ]
C:/Users/luisc/AppData/Local/Temp/_gbsbuild/obj/sprite_title_clover.rel
                                          [ sprite_title_clover ]
C:/Users/luisc/AppData/Local/Temp/_gbsbuild/obj/sprite_title_mushroom_tileset.rel
                                          [ sprite_title_mushroom_tileset ]
C:/Users/luisc/AppData/Local/Temp/_gbsbuild/obj/sprite_title_mushroom.rel
                                          [ sprite_title_mushroom ]
C:/Users/luisc/AppData/Local/Temp/_gbsbuild/obj/sprite_title_orange_tileset.rel
                                          [ sprite_title_orange_tileset ]
C:/Users/luisc/AppData/Local/Temp/_gbsbuild/obj/sprite_title_orange.rel
                                          [ sprite_title_orange ]
C:/Users/luisc/AppData/Local/Temp/_gbsbuild/obj/spritesheet_none.rel
                                          [ spritesheet_none ]
C:/Users/luisc/AppData/Local/Temp/_gbsbuild/obj/main.rel
                                          [ main ]
C:/Users/luisc/AppData/Local/Temp/_gbsbuild/obj/adventure.rel
                                          [ adventure ]
C:/Users/luisc/AppData/Local/Temp/_gbsbuild/obj/logo.rel
                                          [ logo ]
C:/Users/luisc/AppData/Local/Temp/_gbsbuild/obj/platform.rel
                                          [ platform ]
C:/Users/luisc/AppData/Local/Temp/_gbsbuild/obj/pointnclick.rel
                                          [ pointnclick ]
C:/Users/luisc/AppData/Local/Temp/_gbsbuild/obj/shmup.rel
                                          [ shmup ]
C:/Users/luisc/AppData/Local/Temp/_gbsbuild/obj/states_ptrs.rel
                                          [  ]
C:/Users/luisc/AppData/Local/Temp/_gbsbuild/obj/topdown.rel
                                          [ topdown ]


Libraries Linked                          [ object file ]

C:\Users\luisc\AppData\Local\Temp/_gbstools/gbdk/lib/small/asxxxx/gb/gb.lib
                                          [ fill_rect_wi.o ]
C:\Users\luisc\AppData\Local\Temp/_gbstools/gbdk/lib/small/asxxxx/gbz80/gbz80.lib
                                          [ rand.o ]
lib/hUGEDriver.lib                        [ hUGEDriver.obj.o ]
C:\Users\luisc\AppData\Local\Temp/_gbstools/gbdk/lib/small/asxxxx/gb/gb.lib
                                          [ sfr.o ]
C:\Users\luisc\AppData\Local\Temp/_gbstools/gbdk/lib/small/asxxxx/gb/gb.lib
                                          [ get_data.o ]
C:\Users\luisc\AppData\Local\Temp/_gbstools/gbdk/lib/small/asxxxx/gb/gb.lib
                                          [ get_tile.o ]
C:\Users\luisc\AppData\Local\Temp/_gbstools/gbdk/lib/small/asxxxx/gb/gb.lib
                                          [ cgb_palettes.o ]
C:\Users\luisc\AppData\Local\Temp/_gbstools/gbdk/lib/small/asxxxx/gb/gb.lib
                                          [ metasprites_hide_spr.o ]
C:\Users\luisc\AppData\Local\Temp/_gbstools/gbdk/lib/small/asxxxx/gbz80/gbz80.lib
                                          [ mul.o ]
C:\Users\luisc\AppData\Local\Temp/_gbstools/gbdk/lib/small/asxxxx/gbz80/gbz80.lib
                                          [ abs.o ]
C:\Users\luisc\AppData\Local\Temp/_gbstools/gbdk/lib/small/asxxxx/gb/gb.lib
                                          [ set_wi_t.o ]
C:\Users\luisc\AppData\Local\Temp/_gbstools/gbdk/lib/small/asxxxx/gb/gb.lib
                                          [ set_data.o ]
C:\Users\luisc\AppData\Local\Temp/_gbstools/gbdk/lib/small/asxxxx/gbz80/gbz80.lib
                                          [ reverse.o ]
C:\Users\luisc\AppData\Local\Temp/_gbstools/gbdk/lib/small/asxxxx/gb/gb.lib
                                          [ far_ptr.o ]
C:\Users\luisc\AppData\Local\Temp/_gbstools/gbdk/lib/small/asxxxx/gb/gb.lib
                                          [ sgb.o ]
C:\Users\luisc\AppData\Local\Temp/_gbstools/gbdk/lib/small/asxxxx/gb/gb.lib
                                          [ lcd.o ]
C:\Users\luisc\AppData\Local\Temp/_gbstools/gbdk/lib/small/asxxxx/gb/gb.lib
                                          [ fill_rect.o ]
C:\Users\luisc\AppData\Local\Temp/_gbstools/gbdk/lib/small/asxxxx/gb/gb.lib
                                          [ cpy_data.o ]
C:\Users\luisc\AppData\Local\Temp/_gbstools/gbdk/lib/small/asxxxx/gb/gb.lib
                                          [ fill_rect_bk.o ]
C:\Users\luisc\AppData\Local\Temp/_gbstools/gbdk/lib/small/asxxxx/gb/gb.lib
                                          [ pad.o ]
C:\Users\luisc\AppData\Local\Temp/_gbstools/gbdk/lib/small/asxxxx/gb/gb.lib
                                          [ metasprites.o ]
C:\Users\luisc\AppData\Local\Temp/_gbstools/gbdk/lib/small/asxxxx/gbz80/gbz80.lib
                                          [ __sdcc_call_hl.o ]
C:\Users\luisc\AppData\Local\Temp/_gbstools/gbdk/lib/small/asxxxx/gbz80/gbz80.lib
                                          [ _memcpy.o ]
C:\Users\luisc\AppData\Local\Temp/_gbstools/gbdk/lib/small/asxxxx/gbz80/gbz80.lib
                                          [ _memset.o ]
C:\Users\luisc\AppData\Local\Temp/_gbstools/gbdk/lib/small/asxxxx/gb/gb.lib
                                          [ set_xy_t.o ]
C:\Users\luisc\AppData\Local\Temp/_gbstools/gbdk/lib/small/asxxxx/gb/gb.lib
                                          [ cgb.o ]
C:\Users\luisc\AppData\Local\Temp/_gbstools/gbdk/lib/small/asxxxx/gbz80/gbz80.lib
                                          [ div.o ]
C:\Users\luisc\AppData\Local\Temp/_gbstools/gbdk/lib/small/asxxxx/gb/gb.lib
                                          [ set_bk_t.o ]

ASxxxx Linker V03.00 + NoICE + sdld,  page 91.

User Base Address Definitions

_DATA=0xC0A0
_CODE=0x0200
ASxxxx Linker V03.00 + NoICE + sdld,  page 92.

User Global Definitions

.STACK=0xDF00
_shadow_OAM=0xC000
.refresh_OAM=0xFF80
__start_save=28

