ASxxxx Linker V03.00 + NoICE + sdld,  page 1.
Hexadecimal  [32-Bits]

Area                                    Addr        Size        Decimal Bytes (Attributes)
--------------------------------        ----        ----        ------- ----- ------------
.  .ABS.                            00000000    00000000 =           0. bytes (ABS,CON)

      Value  Global                              Global Defined In Module
      -----  --------------------------------   ------------------------
     00000000  .__.ABS.                           
     00000000  _rRAMG                             
     00000000  l__BASE                         
     00000000  l__BSS                          
     00000000  l__CABS                         
     00000000  l__CODE_0                       
     00000000  l__CRASH_HEADER                 
     00000000  l__CRASH_SCRATCH                
     00000000  l__DABS                         
     00000000  l__HEADER                       
     00000000  l__HEADER_LCD                   
     00000000  l__HEADER_SIO                   
     00000000  l__HEADER_TIMER                 
     00000000  l__HEAP                         
     00000000  l__HRAM                         
     00000000  l__LIT                          
     00000000  s__CABS                         
     00000000  s__CRASH_HEADER                 
     00000000  s__CRASH_HEADER0                
     00000000  s__CRASH_HEADER1                
     00000000  s__CRASH_SCRATCH                
     00000000  s__CRASH_SCRATCH2               
     00000000  s__DABS                         
     00000000  s__HEADER                       
     00000000  s__HEADER0                      
     00000000  s__HEADER1                      
     00000000  s__HEADER10                     
     00000000  s__HEADER11                     
     00000000  s__HEADER2                      
     00000000  s__HEADER3                      
     00000000  s__HEADER4                      
     00000000  s__HEADER5                      
     00000000  s__HEADER6                      
     00000000  s__HEADER7                      
     00000000  s__HEADER8                      
     00000000  s__HEADER9                      
     00000000  s__HEADER_LCD                   
     00000000  s__HEADER_LCD0                  
     00000000  s__HEADER_SIO                   
     00000000  s__HEADER_SIO0                  
     00000000  s__HEADER_TIMER                 
     00000000  s__HEADER_TIMER0                
     00000000  s__HEADERa                      
     00000000  s__HEADERb                      
     00000000  s__HEADERc                      
     00000000  s__HEADERd                      
     00000000  s__HEADERe                      
     00000000  s__HEADERf                      
     00000000  s__HRAM                         
     00000000  s__HRAM12                       
ASxxxx Linker V03.00 + NoICE + sdld,  page 2.
Hexadecimal  [32-Bits]

Area                                    Addr        Size        Decimal Bytes (Attributes)
--------------------------------        ----        ----        ------- ----- ------------
.  .ABS.                            00000000    00000000 =           0. bytes (ABS,CON)

      Value  Global                              Global Defined In Module
      -----  --------------------------------   ------------------------
     00000001  b_activate_actor                   actor
     00000001  b_activate_actors_in_col           actor
     00000001  b_activate_actors_in_row           actor
     00000001  b_actor_at_tile                    actor
     00000001  b_actor_get_frame_offset           actor
     00000001  b_actor_in_front_of_player         actor
     00000001  b_actor_overlapping_bb             actor
     00000001  b_actor_overlapping_player         actor
     00000001  b_actor_set_anim_idle              actor
     00000001  b_actor_set_anim_moving            actor
     00000001  b_actor_set_dir                    actor
     00000001  b_actor_set_frame_offset           actor
     00000001  b_actor_set_frames                 actor
     00000001  b_actors_handle_player_collision   actor
     00000001  b_actors_init                      actor
     00000001  b_camera_init                      camera
     00000001  b_camera_reset                     camera
     00000001  b_check_collision_in_direction     actor
     00000001  b_deactivate_actor                 actor
     00000001  b_parallax_init                    parallax
     00000001  b_player_init                      actor
     00000001  b_remove_LCD_ISRs                  interrupts
     00000001  b_scroll_init                      scroll
     00000001  b_scroll_repaint                   scroll
     00000001  b_scroll_reset                     scroll
     00000001  b_scroll_update                    scroll
     00000001  b_ui_draw_frame                    ui
     00000001  b_ui_draw_text_buffer_char         ui
     00000001  b_ui_init                          ui
     00000001  b_ui_load_tiles                    ui
     00000001  b_ui_run_menu                      ui
     00000001  b_ui_run_modal                     ui
     00000001  l__GSFINAL                      
     00000001  l__HEADER0                      
     00000001  l__HEADER11                     
     00000001  l__HEADER9                      
     00000001  l__HEADERa                      
     00000001  l__HEADERb                      
     00000001  l__HEADERd                      
     00000001  l__HEADERe                      
     00000002  b_camera_shake_frames              vm_camera
     00000002  b_itoa_fmt                         vm_ui_a
     00000002  b_script_execute                   vm
     00000002  b_script_runner_init               vm
     00000002  b_script_terminate                 vm
     00000002  b_scroll_rect                      
     00000002  b_vm_actor_activate                vm_actor
     00000002  b_vm_actor_deactivate              vm_actor
     00000002  b_vm_actor_emote                   vm_actor
     00000002  b_vm_actor_get_angle               vm_actor
     00000002  b_vm_actor_get_anim_frame          vm_actor
ASxxxx Linker V03.00 + NoICE + sdld,  page 3.
Hexadecimal  [32-Bits]

Area                                    Addr        Size        Decimal Bytes (Attributes)
--------------------------------        ----        ----        ------- ----- ------------
.  .ABS.                            00000000    00000000 =           0. bytes (ABS,CON)

      Value  Global                              Global Defined In Module
      -----  --------------------------------   ------------------------
     00000002  b_vm_actor_get_dir                 vm_actor
     00000002  b_vm_actor_get_pos                 vm_actor
     00000002  b_vm_actor_move_to                 vm_actor
     00000002  b_vm_actor_replace_tile            vm_actor
     00000002  b_vm_actor_set_anim                vm_actor
     00000002  b_vm_actor_set_anim_frame          vm_actor
     00000002  b_vm_actor_set_anim_set            vm_actor
     00000002  b_vm_actor_set_anim_tick           vm_actor
     00000002  b_vm_actor_set_bounds              vm_actor
     00000002  b_vm_actor_set_coll_enabled        vm_actor
     00000002  b_vm_actor_set_dir                 vm_actor
     00000002  b_vm_actor_set_hidden              vm_actor
     00000002  b_vm_actor_set_move_speed          vm_actor
     00000002  b_vm_actor_set_pos                 vm_actor
     00000002  b_vm_actor_set_spritesheet         vm_actor
     00000002  b_vm_actor_set_spritesheet_by_re   vm_actor
     00000002  b_vm_actor_terminate_update        vm_actor
     00000002  b_vm_call                          vm
     00000002  b_vm_call_far                      vm
     00000002  b_vm_call_rel                      vm
     00000002  b_vm_camera_move_to                vm_camera
     00000002  b_vm_camera_set_pos                vm_camera
     00000002  b_vm_choice                        vm_ui
     00000002  b_vm_context_prepare               vm_gameboy
     00000002  b_vm_cos_scale                     vm_math
     00000002  b_vm_display_text                  vm_ui
     00000002  b_vm_fade_in                       vm_gameboy
     00000002  b_vm_fade_out                      vm_gameboy
     00000002  b_vm_get_indirect                  vm
     00000002  b_vm_get_int16                     vm
     00000002  b_vm_get_int8                      vm
     00000002  b_vm_get_tile_xy                   vm_gameboy
     00000002  b_vm_get_tlocal                    vm
     00000002  b_vm_get_uint8                     vm
     00000002  b_vm_hide_sprites                  vm_gameboy
     00000002  b_vm_idle                          vm
     00000002  b_vm_if                            vm
     00000002  b_vm_if_const                      vm
     00000002  b_vm_input_attach                  vm_gameboy
     00000002  b_vm_input_detach                  vm_gameboy
     00000002  b_vm_input_get                     vm_gameboy
     00000002  b_vm_input_wait                    vm_gameboy
     00000002  b_vm_invoke                        vm
     00000002  b_vm_join                          vm
     00000002  b_vm_jump                          vm
     00000002  b_vm_jump_rel                      vm
     00000002  b_vm_load_cursor                   vm_ui
     00000002  b_vm_load_frame                    vm_ui
     00000002  b_vm_load_palette                  vm_palette
     00000002  b_vm_lock                          vm
     00000002  b_vm_loop                          vm
ASxxxx Linker V03.00 + NoICE + sdld,  page 4.
Hexadecimal  [32-Bits]

Area                                    Addr        Size        Decimal Bytes (Attributes)
--------------------------------        ----        ----        ------- ----- ------------
.  .ABS.                            00000000    00000000 =           0. bytes (ABS,CON)

      Value  Global                              Global Defined In Module
      -----  --------------------------------   ------------------------
     00000002  b_vm_loop_rel                      vm
     00000002  b_vm_memcpy                        vm
     00000002  b_vm_memset                        vm
     00000002  b_vm_music_mute                    vm_music
     00000002  b_vm_music_play                    vm_music
     00000002  b_vm_music_routine                 vm_music
     00000002  b_vm_music_setpos                  vm_music
     00000002  b_vm_music_stop                    vm_music
     00000002  b_vm_overlay_clear                 vm_ui
     00000002  b_vm_overlay_hide                  vm_ui
     00000002  b_vm_overlay_move_to               vm_ui
     00000002  b_vm_overlay_scroll                vm_ui
     00000002  b_vm_overlay_set_scroll            vm_ui
     00000002  b_vm_overlay_set_submap            vm_ui
     00000002  b_vm_overlay_setpos                vm_ui
     00000002  b_vm_overlay_show                  vm_ui
     00000002  b_vm_overlay_wait                  vm_ui
     00000002  b_vm_poll                          vm_gameboy
     00000002  b_vm_poll_loaded                   vm
     00000002  b_vm_pop                           vm
     00000002  b_vm_projectile_launch             vm_projectiles
     00000002  b_vm_push                          vm
     00000002  b_vm_push_reference                vm
     00000002  b_vm_push_value                    vm
     00000002  b_vm_push_value_ind                vm
     00000002  b_vm_raise                         vm
     00000002  b_vm_rand                          vm
     00000002  b_vm_randomize                     vm
     00000002  b_vm_replace_tile                  vm_gameboy
     00000002  b_vm_replace_tile_xy               vm_gameboy
     00000002  b_vm_reserve                       vm
     00000002  b_vm_ret                           vm
     00000002  b_vm_ret_far                       vm
     00000002  b_vm_rtc_get                       vm_rtc
     00000002  b_vm_rtc_latch                     vm_rtc
     00000002  b_vm_rtc_set                       vm_rtc
     00000002  b_vm_rtc_start                     vm_rtc
     00000002  b_vm_rumble                        vm_gameboy
     00000002  b_vm_save_clear                    vm_load_save
     00000002  b_vm_save_peek                     vm_load_save
     00000002  b_vm_scene_pop                     vm_scene
     00000002  b_vm_scene_pop_all                 vm_scene
     00000002  b_vm_scene_push                    vm_scene
     00000002  b_vm_scene_stack_reset             vm_scene
     00000002  b_vm_set                           vm
     00000002  b_vm_set_const                     vm
     00000002  b_vm_set_const_int16               vm
     00000002  b_vm_set_const_int8                vm
     00000002  b_vm_set_font                      vm_ui
     00000002  b_vm_set_indirect                  vm
     00000002  b_vm_set_int16                     vm
ASxxxx Linker V03.00 + NoICE + sdld,  page 5.
Hexadecimal  [32-Bits]

Area                                    Addr        Size        Decimal Bytes (Attributes)
--------------------------------        ----        ----        ------- ----- ------------
.  .ABS.                            00000000    00000000 =           0. bytes (ABS,CON)

      Value  Global                              Global Defined In Module
      -----  --------------------------------   ------------------------
     00000002  b_vm_set_int8                      vm
     00000002  b_vm_set_print_dir                 vm_ui
     00000002  b_vm_set_sprite_mode               vm_gameboy
     00000002  b_vm_set_uint8                     vm
     00000002  b_vm_show_sprites                  vm_gameboy
     00000002  b_vm_sin_scale                     vm_math
     00000002  b_vm_sio_exchange                  vm_sio
     00000002  b_vm_sio_set_mode                  vm_sio
     00000002  b_vm_sound_mastervol               vm_music
     00000002  b_vm_sound_play                    vm_music
     00000002  b_vm_switch_text_layer             vm_ui
     00000002  b_vm_systime                       vm
     00000002  b_vm_terminate                     vm
     00000002  b_vm_test_terminate                vm
     00000002  b_vm_timer_prepare                 vm_gameboy
     00000002  b_vm_timer_reset                   vm_gameboy
     00000002  b_vm_timer_set                     vm_gameboy
     00000002  b_vm_timer_stop                    vm_gameboy
     00000002  b_vm_unlock                        vm
     00000002  b_vm_wave_play                     vm_music
     00000002  b_wait_frames                      vm
     00000002  l__HEADER5                      
     00000002  l__HEADERc                      
     00000002  l__HEADERf                      
     00000003  b_adventure_init                   adventure
     00000003  b_adventure_update                 adventure
     00000003  b_logo_init                        logo
     00000003  b_logo_update                      logo
     00000003  b_platform_init                    platform
     00000003  b_platform_update                  platform
     00000003  b_pointnclick_init                 pointnclick
     00000003  b_pointnclick_update               pointnclick
     00000003  b_shmup_init                       shmup
     00000003  b_shmup_update                     shmup
     00000003  b_topdown_init                     topdown
     00000003  b_topdown_update                   topdown
     00000003  l__HEADER8                      
     00000003  l__HEADER_LCD0                  
     00000003  l__HRAM12                       
     00000004  b_CGBZeroPalette                   palette
     00000004  b_SIO_init                         sio
     00000004  b_core_reset                       core
     00000004  b_core_run                         core
     00000004  b_data_clear                       load_save
     00000004  b_data_init                        load_save
     00000004  b_data_load                        load_save
     00000004  b_data_peek                        load_save
     00000004  b_data_save                        load_save
     00000004  b_do_load_palette                  data_manager
     00000004  b_events_init                      events
     00000004  b_fade_applypalettechange          fade_manager
ASxxxx Linker V03.00 + NoICE + sdld,  page 6.
Hexadecimal  [32-Bits]

Area                                    Addr        Size        Decimal Bytes (Attributes)
--------------------------------        ----        ----        ------- ----- ------------
.  .ABS.                            00000000    00000000 =           0. bytes (ABS,CON)

      Value  Global                              Global Defined In Module
      -----  --------------------------------   ------------------------
     00000004  b_fade_in                          fade_manager
     00000004  b_fade_in_modal                    fade_manager
     00000004  b_fade_init                        fade_manager
     00000004  b_fade_out                         fade_manager
     00000004  b_fade_out_modal                   fade_manager
     00000004  b_fade_setspeed                    fade_manager
     00000004  b_fade_update                      fade_manager
     00000004  b_input_init                       input
     00000004  b_load_background                  data_manager
     00000004  b_load_bkg_tileset                 data_manager
     00000004  b_load_bounds                      data_manager
     00000004  b_load_emote                       data_manager
     00000004  b_load_init                        data_manager
     00000004  b_load_player                      data_manager
     00000004  b_load_scene                       data_manager
     00000004  b_load_sprite                      data_manager
     00000004  b_music_events_poll                music_manager
     00000004  b_music_init                       music_manager
     00000004  b_music_stop                       music_manager
     00000004  b_palette_init                     palette
     00000004  b_projectile_launch                projectiles
     00000004  b_projectiles_init                 projectiles
     00000004  b_restore_sram                     flasher
     00000004  b_restore_sram_bank                flasher
     00000004  b_save_sram                        flasher
     00000004  b_set_sample                       sample_player
     00000004  b_set_sgb_border                   sgb_border
     00000004  b_sound_init                       music_manager
     00000004  b_sound_play                       music_manager
     00000004  b_timers_init                      events
     00000004  b_trigger_activate_at              trigger
     00000004  b_trigger_activate_at_intersecti   trigger
     00000004  b_trigger_at_intersection          trigger
     00000004  b_trigger_at_tile                  trigger
     00000004  b_trigger_interact                 trigger
     00000004  b_trigger_reset                    trigger
     00000004  b_wave_play                        music_manager
     00000004  l__CRASH_HEADER1                
     00000004  l__HEADER_SIO0                  
     00000004  l__HEADER_TIMER0                
     00000005  ___bank_scene_10_collisions        scene_10_collisions
     00000005  ___bank_scene_12_collisions        scene_12_collisions
     00000005  ___bank_scene_14_collisions        scene_14_collisions
     00000005  ___bank_scene_16_collisions        scene_16_collisions
     00000005  ___bank_scene_43_sprites           scene_43_sprites
     00000005  ___bank_script_s43a6_update        script_s43a6_update
     00000005  l__CRASH_HEADER0                
     00000005  l__HEADER1                      
     00000006  ___bank_scene_10_sprites           scene_10_sprites
     00000006  ___bank_scene_18_collisions        scene_18_collisions
     00000006  ___bank_scene_22_collisions        scene_22_collisions
ASxxxx Linker V03.00 + NoICE + sdld,  page 7.
Hexadecimal  [32-Bits]

Area                                    Addr        Size        Decimal Bytes (Attributes)
--------------------------------        ----        ----        ------- ----- ------------
.  .ABS.                            00000000    00000000 =           0. bytes (ABS,CON)

      Value  Global                              Global Defined In Module
      -----  --------------------------------   ------------------------
     00000006  ___bank_scene_24_collisions        scene_24_collisions
     00000006  ___bank_scene_26_collisions        scene_26_collisions
     00000006  ___bank_tileset_59                 tileset_59
     00000006  l__HEADER7                      
     00000007  ___bank_scene_30_collisions        scene_30_collisions
     00000007  ___bank_scene_32_collisions        scene_32_collisions
     00000007  ___bank_scene_34_collisions        scene_34_collisions
     00000007  ___bank_scene_8_collisions         scene_8_collisions
     00000007  ___bank_script_input_10            script_input_10
     00000007  ___bank_spritesheet_47             spritesheet_47
     00000007  l__HEADER2                      
     00000008  ___bank_script_input_11            script_input_11
     00000008  ___bank_spritesheet_49             spritesheet_49
     00000008  ___bank_tilemap_28                 tilemap_28
     00000008  ___bank_tilemap_29                 tilemap_29
     00000008  ___bank_tilemap_30                 tilemap_30
     00000008  ___bank_tilemap_31                 tilemap_31
     00000008  l__HEADER3                      
     00000009  ___bank_script_input_13            script_input_13
     00000009  ___bank_spritesheet_59             spritesheet_59
     00000009  ___bank_tilemap_32                 tilemap_32
     00000009  ___bank_tilemap_33                 tilemap_33
     00000009  ___bank_tilemap_34                 tilemap_34
     00000009  ___bank_tilemap_35                 tilemap_35
     0000000A  ___bank_script_engine_init         
     0000000A  ___bank_script_input_14            script_input_14
     0000000A  ___bank_tilemap_36                 tilemap_36
     0000000A  ___bank_tilemap_37                 tilemap_37
     0000000A  ___bank_tilemap_38                 tilemap_38
     0000000A  ___bank_tilemap_39                 tilemap_39
     0000000B  ___bank_script_input_3             script_input_3
     0000000B  ___bank_script_s10a11_update       script_s10a11_update
     0000000B  ___bank_tilemap_attr_14            tilemap_attr_14
     0000000B  ___bank_tilemap_attr_15            tilemap_attr_15
     0000000B  ___bank_tilemap_attr_16            tilemap_attr_16
     0000000B  ___bank_tilemap_attr_17            tilemap_attr_17
     0000000C  ___bank_script_input_5             script_input_5
     0000000C  ___bank_script_s10a13_update       script_s10a13_update
     0000000C  ___bank_tilemap_attr_18            tilemap_attr_18
     0000000C  ___bank_tilemap_attr_19            tilemap_attr_19
     0000000C  ___bank_tilemap_attr_20            tilemap_attr_20
     0000000C  ___bank_tilemap_attr_21            tilemap_attr_21
     0000000D  ___bank_font_0                     font_0
     0000000D  ___bank_scene_20_sprites           scene_20_sprites
     0000000D  ___bank_scene_8_actors             scene_8_actors
     0000000D  ___bank_tilemap_attr_22            tilemap_attr_22
     0000000D  ___bank_tilemap_attr_23            tilemap_attr_23
     0000000D  ___bank_tilemap_attr_24            tilemap_attr_24
     0000000E  ___bank_tileset_10                 tileset_10
     0000000E  ___bank_tileset_11                 tileset_11
     0000000E  ___bank_tileset_35                 tileset_35
ASxxxx Linker V03.00 + NoICE + sdld,  page 8.
Hexadecimal  [32-Bits]

Area                                    Addr        Size        Decimal Bytes (Attributes)
--------------------------------        ----        ----        ------- ----- ------------
.  .ABS.                            00000000    00000000 =           0. bytes (ABS,CON)

      Value  Global                              Global Defined In Module
      -----  --------------------------------   ------------------------
     0000000E  ___bank_tileset_4                  tileset_4
     0000000E  ___bank_tileset_7                  tileset_7
     0000000E  ___bank_tileset_8                  tileset_8
     0000000E  ___bank_tileset_9                  tileset_9
     0000000E  l__INITIALIZED                  
     0000000E  l__INITIALIZER                  
     0000000F  ___bank_miau                       miau
     0000000F  ___bank_scene_44_sprites           scene_44_sprites
     0000000F  ___bank_scene_45_collisions        scene_45_collisions
     0000000F  ___bank_tilemap_5                  tilemap_5
     0000000F  ___bank_tileset_12                 tileset_12
     0000000F  ___bank_tileset_13                 tileset_13
     0000000F  ___bank_tileset_17                 tileset_17
     0000000F  ___bank_tileset_32                 tileset_32
     0000000F  ___bank_tileset_6                  tileset_6
     00000010  ___bank_scene_10_actors            scene_10_actors
     00000010  ___bank_scene_14_actors            scene_14_actors
     00000010  ___bank_scene_16_actors            scene_16_actors
     00000010  ___bank_scene_18_actors            scene_18_actors
     00000010  ___bank_scene_2_sprites            scene_2_sprites
     00000010  ___bank_script_s3a0_update         script_s3a0_update
     00000010  ___bank_tilemap_attr_4             tilemap_attr_4
     00000010  ___bank_tileset_0                  tileset_0
     00000010  ___bank_tileset_1                  tileset_1
     00000010  ___bank_tileset_14                 tileset_14
     00000010  ___bank_tileset_16                 tileset_16
     00000010  ___bank_tileset_2                  tileset_2
     00000010  ___bank_tileset_3                  tileset_3
     00000010  ___bank_tileset_5                  tileset_5
     00000011  ___bank_scene_0_collisions         scene_0_collisions
     00000011  ___bank_scene_11_collisions        scene_11_collisions
     00000011  ___bank_scene_12_actors            scene_12_actors
     00000011  ___bank_scene_13_collisions        scene_13_collisions
     00000011  ___bank_scene_15_collisions        scene_15_collisions
     00000011  ___bank_scene_17_collisions        scene_17_collisions
     00000011  ___bank_scene_19_collisions        scene_19_collisions
     00000011  ___bank_scene_1_collisions         scene_1_collisions
     00000011  ___bank_scene_22_actors            scene_22_actors
     00000011  ___bank_scene_24_actors            scene_24_actors
     00000011  ___bank_scene_26_actors            scene_26_actors
     00000011  ___bank_scene_2_collisions         scene_2_collisions
     00000011  ___bank_scene_30_actors            scene_30_actors
     00000011  ___bank_scene_32_actors            scene_32_actors
     00000011  ___bank_scene_34_actors            scene_34_actors
     00000011  ___bank_scene_3_sprites            scene_3_sprites
     00000011  ___bank_script_input_15            script_input_15
     00000011  ___bank_script_input_2             script_input_2
     00000011  ___bank_script_input_4             script_input_4
     00000011  ___bank_script_input_6             script_input_6
     00000011  ___bank_script_input_7             script_input_7
     00000011  ___bank_script_input_9             script_input_9
ASxxxx Linker V03.00 + NoICE + sdld,  page 9.
Hexadecimal  [32-Bits]

Area                                    Addr        Size        Decimal Bytes (Attributes)
--------------------------------        ----        ----        ------- ----- ------------
.  .ABS.                            00000000    00000000 =           0. bytes (ABS,CON)

      Value  Global                              Global Defined In Module
      -----  --------------------------------   ------------------------
     00000011  ___bank_script_s32a12_interact     script_s32a12_interact
     00000011  ___bank_script_s36a0_interact      script_s36a0_interact
     00000011  ___bank_tileset_15                 tileset_15
     00000011  ___bank_tileset_45                 tileset_45
     00000011  ___bank_tileset_51                 tileset_51
     00000011  ___bank_tileset_64                 tileset_64
     00000011  ___bank_tileset_70                 tileset_70
     00000011  ___bank_tileset_75                 tileset_75
     00000012  ___bank_scene_20_collisions        scene_20_collisions
     00000012  ___bank_scene_21_collisions        scene_21_collisions
     00000012  ___bank_scene_23_collisions        scene_23_collisions
     00000012  ___bank_scene_25_collisions        scene_25_collisions
     00000012  ___bank_scene_27_collisions        scene_27_collisions
     00000012  ___bank_scene_28_collisions        scene_28_collisions
     00000012  ___bank_scene_29_collisions        scene_29_collisions
     00000012  ___bank_scene_31_collisions        scene_31_collisions
     00000012  ___bank_scene_33_collisions        scene_33_collisions
     00000012  ___bank_scene_35_collisions        scene_35_collisions
     00000012  ___bank_scene_36_collisions        scene_36_collisions
     00000012  ___bank_scene_37_collisions        scene_37_collisions
     00000012  ___bank_scene_38_collisions        scene_38_collisions
     00000012  ___bank_scene_39_collisions        scene_39_collisions
     00000012  ___bank_scene_3_collisions         scene_3_collisions
     00000012  ___bank_scene_40_collisions        scene_40_collisions
     00000012  ___bank_scene_41_collisions        scene_41_collisions
     00000012  ___bank_scene_42_collisions        scene_42_collisions
     00000012  ___bank_scene_43_collisions        scene_43_collisions
     00000012  ___bank_scene_44_collisions        scene_44_collisions
     00000012  ___bank_scene_4_collisions         scene_4_collisions
     00000012  ___bank_scene_5_collisions         scene_5_collisions
     00000012  ___bank_scene_6_collisions         scene_6_collisions
     00000012  ___bank_scene_7_collisions         scene_7_collisions
     00000012  ___bank_scene_9_collisions         scene_9_collisions
     00000012  ___bank_script_s0_init             script_s0_init
     00000012  ___bank_tilemap_0                  tilemap_0
     00000012  ___bank_tilemap_1                  tilemap_1
     00000012  ___bank_tilemap_10                 tilemap_10
     00000012  ___bank_tilemap_11                 tilemap_11
     00000012  ___bank_tilemap_12                 tilemap_12
     00000012  ___bank_tilemap_13                 tilemap_13
     00000012  ___bank_tilemap_14                 tilemap_14
     00000012  ___bank_tilemap_15                 tilemap_15
     00000012  ___bank_tilemap_16                 tilemap_16
     00000012  ___bank_tilemap_17                 tilemap_17
     00000012  ___bank_tilemap_18                 tilemap_18
     00000012  ___bank_tilemap_19                 tilemap_19
     00000012  ___bank_tilemap_2                  tilemap_2
     00000012  ___bank_tilemap_20                 tilemap_20
     00000012  ___bank_tilemap_21                 tilemap_21
     00000012  ___bank_tilemap_22                 tilemap_22
     00000012  ___bank_tilemap_23                 tilemap_23
ASxxxx Linker V03.00 + NoICE + sdld,  page 10.
Hexadecimal  [32-Bits]

Area                                    Addr        Size        Decimal Bytes (Attributes)
--------------------------------        ----        ----        ------- ----- ------------
.  .ABS.                            00000000    00000000 =           0. bytes (ABS,CON)

      Value  Global                              Global Defined In Module
      -----  --------------------------------   ------------------------
     00000012  ___bank_tilemap_24                 tilemap_24
     00000012  ___bank_tilemap_25                 tilemap_25
     00000012  ___bank_tilemap_26                 tilemap_26
     00000013  ___bank_scene_20_actors            scene_20_actors
     00000013  ___bank_scene_26_sprites           scene_26_sprites
     00000013  ___bank_scene_43_actors            scene_43_actors
     00000013  ___bank_script_s16a7_update        script_s16a7_update
     00000013  ___bank_script_s16t0_interact      script_s16t0_interact
     00000013  ___bank_script_s18t0_interact      script_s18t0_interact
     00000013  ___bank_script_s20a3_interact      script_s20a3_interact
     00000013  ___bank_script_s20a3_update        script_s20a3_update
     00000013  ___bank_script_s22t0_interact      script_s22t0_interact
     00000013  ___bank_script_s24t0_interact      script_s24t0_interact
     00000013  ___bank_script_s28a2_interact      script_s28a2_interact
     00000013  ___bank_script_s28a2_update        script_s28a2_update
     00000013  ___bank_script_s30a12_update       script_s30a12_update
     00000013  ___bank_script_s30a13_update       script_s30a13_update
     00000013  ___bank_script_s30a7_update        script_s30a7_update
     00000013  ___bank_script_s30a9_update        script_s30a9_update
     00000013  ___bank_script_s34a14_update       script_s34a14_update
     00000013  ___bank_script_s34a8_update        script_s34a8_update
     00000013  ___bank_script_s34a9_update        script_s34a9_update
     00000013  ___bank_script_s36a0_update        script_s36a0_update
     00000013  ___bank_script_s39a0_update        script_s39a0_update
     00000013  ___bank_script_s6a0_update         script_s6a0_update
     00000013  ___bank_spritesheet_50             spritesheet_50
     00000013  ___bank_tilemap_27                 tilemap_27
     00000013  ___bank_tilemap_3                  tilemap_3
     00000013  ___bank_tilemap_4                  tilemap_4
     00000013  ___bank_tilemap_40                 tilemap_40
     00000013  ___bank_tilemap_41                 tilemap_41
     00000013  ___bank_tilemap_42                 tilemap_42
     00000013  ___bank_tilemap_43                 tilemap_43
     00000013  ___bank_tilemap_6                  tilemap_6
     00000013  ___bank_tilemap_7                  tilemap_7
     00000013  ___bank_tilemap_8                  tilemap_8
     00000013  ___bank_tilemap_9                  tilemap_9
     00000013  ___bank_tilemap_attr_0             tilemap_attr_0
     00000013  ___bank_tilemap_attr_1             tilemap_attr_1
     00000013  ___bank_tilemap_attr_10            tilemap_attr_10
     00000013  ___bank_tilemap_attr_11            tilemap_attr_11
     00000013  ___bank_tilemap_attr_12            tilemap_attr_12
     00000013  ___bank_tilemap_attr_13            tilemap_attr_13
     00000013  ___bank_tilemap_attr_2             tilemap_attr_2
     00000013  ___bank_tilemap_attr_25            tilemap_attr_25
     00000013  ___bank_tilemap_attr_3             tilemap_attr_3
     00000013  ___bank_tilemap_attr_5             tilemap_attr_5
     00000013  ___bank_tilemap_attr_6             tilemap_attr_6
     00000013  ___bank_tilemap_attr_7             tilemap_attr_7
     00000013  ___bank_tilemap_attr_8             tilemap_attr_8
     00000013  ___bank_tilemap_attr_9             tilemap_attr_9
ASxxxx Linker V03.00 + NoICE + sdld,  page 11.
Hexadecimal  [32-Bits]

Area                                    Addr        Size        Decimal Bytes (Attributes)
--------------------------------        ----        ----        ------- ----- ------------
.  .ABS.                            00000000    00000000 =           0. bytes (ABS,CON)

      Value  Global                              Global Defined In Module
      -----  --------------------------------   ------------------------
     00000013  ___bank_tileset_41                 tileset_41
     00000013  ___bank_tileset_66                 tileset_66
     00000013  ___bank_tileset_71                 tileset_71
     00000014  ___bank_scene_28_actors            scene_28_actors
     00000014  ___bank_scene_36_actors            scene_36_actors
     00000014  ___bank_script_input_0             script_input_0
     00000014  ___bank_script_s10a10_interact     script_s10a10_interact
     00000014  ___bank_script_s10a16_interact     script_s10a16_interact
     00000014  ___bank_script_s10a17_interact     script_s10a17_interact
     00000014  ___bank_script_s10a18_interact     script_s10a18_interact
     00000014  ___bank_script_s12a10_interact     script_s12a10_interact
     00000014  ___bank_script_s12a12_interact     script_s12a12_interact
     00000014  ___bank_script_s12a15_interact     script_s12a15_interact
     00000014  ___bank_script_s12a5_interact      script_s12a5_interact
     00000014  ___bank_script_s14a10_interact     script_s14a10_interact
     00000014  ___bank_script_s14a11_interact     script_s14a11_interact
     00000014  ___bank_script_s14a11_update       script_s14a11_update
     00000014  ___bank_script_s14a13_interact     script_s14a13_interact
     00000014  ___bank_script_s14a14_interact     script_s14a14_interact
     00000014  ___bank_script_s14a14_update       script_s14a14_update
     00000014  ___bank_script_s14a17_interact     script_s14a17_interact
     00000014  ___bank_script_s14a4_interact      script_s14a4_interact
     00000014  ___bank_script_s14a4_update        script_s14a4_update
     00000014  ___bank_script_s16_p_hit1          script_s16_p_hit1
     00000014  ___bank_script_s16a14_interact     script_s16a14_interact
     00000014  ___bank_script_s16a15_interact     script_s16a15_interact
     00000014  ___bank_script_s16a5_interact      script_s16a5_interact
     00000014  ___bank_script_s16a6_interact      script_s16a6_interact
     00000014  ___bank_script_s18_p_hit1          script_s18_p_hit1
     00000014  ___bank_script_s18a12_interact     script_s18a12_interact
     00000014  ___bank_script_s18a12_update       script_s18a12_update
     00000014  ___bank_script_s18a16_interact     script_s18a16_interact
     00000014  ___bank_script_s18a16_update       script_s18a16_update
     00000014  ___bank_script_s18a7_interact      script_s18a7_interact
     00000014  ___bank_script_s18a7_update        script_s18a7_update
     00000014  ___bank_script_s22_init            script_s22_init
     00000014  ___bank_script_s22_p_hit1          script_s22_p_hit1
     00000014  ___bank_script_s22a10_interact     script_s22a10_interact
     00000014  ___bank_script_s22a13_interact     script_s22a13_interact
     00000014  ___bank_script_s22a14_interact     script_s22a14_interact
     00000014  ___bank_script_s24_init            script_s24_init
     00000014  ___bank_script_s24_p_hit1          script_s24_p_hit1
     00000014  ___bank_script_s24a10_update       script_s24a10_update
     00000014  ___bank_script_s24a12_update       script_s24a12_update
     00000014  ___bank_script_s26_p_hit1          script_s26_p_hit1
     00000014  ___bank_script_s26t0_interact      script_s26t0_interact
     00000014  ___bank_script_s28_p_hit1          script_s28_p_hit1
     00000014  ___bank_script_s28t0_interact      script_s28t0_interact
     00000014  ___bank_script_s30_init            script_s30_init
     00000014  ___bank_script_s30_p_hit1          script_s30_p_hit1
     00000014  ___bank_script_s30t0_interact      script_s30t0_interact
ASxxxx Linker V03.00 + NoICE + sdld,  page 12.
Hexadecimal  [32-Bits]

Area                                    Addr        Size        Decimal Bytes (Attributes)
--------------------------------        ----        ----        ------- ----- ------------
.  .ABS.                            00000000    00000000 =           0. bytes (ABS,CON)

      Value  Global                              Global Defined In Module
      -----  --------------------------------   ------------------------
     00000014  ___bank_script_s32_init            script_s32_init
     00000014  ___bank_script_s32_p_hit1          script_s32_p_hit1
     00000014  ___bank_script_s32a10_interact     script_s32a10_interact
     00000014  ___bank_script_s32a11_interact     script_s32a11_interact
     00000014  ___bank_script_s32a14_update       script_s32a14_update
     00000014  ___bank_script_s32a15_interact     script_s32a15_interact
     00000014  ___bank_script_s32a16_interact     script_s32a16_interact
     00000014  ___bank_script_s32a17_interact     script_s32a17_interact
     00000014  ___bank_script_s32a18_interact     script_s32a18_interact
     00000014  ___bank_script_s32a2_interact      script_s32a2_interact
     00000014  ___bank_script_s32a5_interact      script_s32a5_interact
     00000014  ___bank_script_s32a7_interact      script_s32a7_interact
     00000014  ___bank_script_s32t0_interact      script_s32t0_interact
     00000014  ___bank_script_s34_p_hit1          script_s34_p_hit1
     00000014  ___bank_script_s34t0_interact      script_s34t0_interact
     00000014  ___bank_script_s36_p_hit1          script_s36_p_hit1
     00000014  ___bank_script_s36t0_interact      script_s36t0_interact
     00000014  ___bank_script_s8a12_interact      script_s8a12_interact
     00000014  ___bank_script_s8a14_interact      script_s8a14_interact
     00000014  ___bank_script_s8a15_interact      script_s8a15_interact
     00000014  ___bank_script_s8a7_interact       script_s8a7_interact
     00000014  ___bank_tileset_19                 tileset_19
     00000014  ___bank_tileset_47                 tileset_47
     00000014  ___bank_tileset_48                 tileset_48
     00000015  ___bank_scene_44_actors            scene_44_actors
     00000015  ___bank_script_s10a11_interact     script_s10a11_interact
     00000015  ___bank_script_s10a13_interact     script_s10a13_interact
     00000015  ___bank_script_s10a15_interact     script_s10a15_interact
     00000015  ___bank_script_s10a5_interact      script_s10a5_interact
     00000015  ___bank_script_s10a7_interact      script_s10a7_interact
     00000015  ___bank_script_s10a8_interact      script_s10a8_interact
     00000015  ___bank_script_s10a9_interact      script_s10a9_interact
     00000015  ___bank_script_s12_init            script_s12_init
     00000015  ___bank_script_s12a11_interact     script_s12a11_interact
     00000015  ___bank_script_s12a13_interact     script_s12a13_interact
     00000015  ___bank_script_s12a14_interact     script_s12a14_interact
     00000015  ___bank_script_s12a16_interact     script_s12a16_interact
     00000015  ___bank_script_s12a18_interact     script_s12a18_interact
     00000015  ___bank_script_s12a4_interact      script_s12a4_interact
     00000015  ___bank_script_s12a7_interact      script_s12a7_interact
     00000015  ___bank_script_s12a8_interact      script_s12a8_interact
     00000015  ___bank_script_s12a9_interact      script_s12a9_interact
     00000015  ___bank_script_s14a12_interact     script_s14a12_interact
     00000015  ___bank_script_s14a16_interact     script_s14a16_interact
     00000015  ___bank_script_s14a6_interact      script_s14a6_interact
     00000015  ___bank_script_s14a7_interact      script_s14a7_interact
     00000015  ___bank_script_s14a9_interact      script_s14a9_interact
     00000015  ___bank_script_s16a12_interact     script_s16a12_interact
     00000015  ___bank_script_s16a17_update       script_s16a17_update
     00000015  ___bank_script_s16a18_update       script_s16a18_update
     00000015  ___bank_script_s16a19_update       script_s16a19_update
ASxxxx Linker V03.00 + NoICE + sdld,  page 13.
Hexadecimal  [32-Bits]

Area                                    Addr        Size        Decimal Bytes (Attributes)
--------------------------------        ----        ----        ------- ----- ------------
.  .ABS.                            00000000    00000000 =           0. bytes (ABS,CON)

      Value  Global                              Global Defined In Module
      -----  --------------------------------   ------------------------
     00000015  ___bank_script_s16a4_interact      script_s16a4_interact
     00000015  ___bank_script_s16a9_interact      script_s16a9_interact
     00000015  ___bank_script_s18a11_interact     script_s18a11_interact
     00000015  ___bank_script_s18a13_interact     script_s18a13_interact
     00000015  ___bank_script_s18a14_interact     script_s18a14_interact
     00000015  ___bank_script_s18a15_interact     script_s18a15_interact
     00000015  ___bank_script_s18a18_interact     script_s18a18_interact
     00000015  ___bank_script_s18a4_interact      script_s18a4_interact
     00000015  ___bank_script_s18a5_interact      script_s18a5_interact
     00000015  ___bank_script_s22a12_interact     script_s22a12_interact
     00000015  ___bank_script_s22a15_interact     script_s22a15_interact
     00000015  ___bank_script_s22a16_interact     script_s22a16_interact
     00000015  ___bank_script_s22a17_interact     script_s22a17_interact
     00000015  ___bank_script_s22a6_interact      script_s22a6_interact
     00000015  ___bank_script_s22a8_interact      script_s22a8_interact
     00000015  ___bank_script_s22a9_interact      script_s22a9_interact
     00000015  ___bank_script_s24a10_interact     script_s24a10_interact
     00000015  ___bank_script_s24a11_interact     script_s24a11_interact
     00000015  ___bank_script_s24a12_interact     script_s24a12_interact
     00000015  ___bank_script_s24a14_interact     script_s24a14_interact
     00000015  ___bank_script_s24a16_interact     script_s24a16_interact
     00000015  ___bank_script_s24a17_interact     script_s24a17_interact
     00000015  ___bank_script_s24a2_interact      script_s24a2_interact
     00000015  ___bank_script_s24a6_interact      script_s24a6_interact
     00000015  ___bank_script_s26a11_interact     script_s26a11_interact
     00000015  ___bank_script_s26a12_interact     script_s26a12_interact
     00000015  ___bank_script_s26a13_interact     script_s26a13_interact
     00000015  ___bank_script_s26a15_interact     script_s26a15_interact
     00000015  ___bank_script_s26a16_interact     script_s26a16_interact
     00000015  ___bank_script_s26a17_interact     script_s26a17_interact
     00000015  ___bank_script_s26a18_interact     script_s26a18_interact
     00000015  ___bank_script_s26a19_interact     script_s26a19_interact
     00000015  ___bank_script_s26a4_interact      script_s26a4_interact
     00000015  ___bank_script_s26a6_interact      script_s26a6_interact
     00000015  ___bank_script_s26a8_interact      script_s26a8_interact
     00000015  ___bank_script_s26a9_interact      script_s26a9_interact
     00000015  ___bank_script_s30a10_interact     script_s30a10_interact
     00000015  ___bank_script_s30a11_interact     script_s30a11_interact
     00000015  ___bank_script_s30a14_interact     script_s30a14_interact
     00000015  ___bank_script_s30a15_interact     script_s30a15_interact
     00000015  ___bank_script_s30a4_interact      script_s30a4_interact
     00000015  ___bank_script_s30a5_interact      script_s30a5_interact
     00000015  ___bank_script_s30a8_interact      script_s30a8_interact
     00000015  ___bank_script_s32a14_interact     script_s32a14_interact
     00000015  ___bank_script_s34a11_interact     script_s34a11_interact
     00000015  ___bank_script_s34a16_interact     script_s34a16_interact
     00000015  ___bank_script_s8a11_interact      script_s8a11_interact
     00000015  ___bank_script_s8a13_interact      script_s8a13_interact
     00000015  ___bank_script_s8a16_interact      script_s8a16_interact
     00000015  ___bank_script_s8a17_interact      script_s8a17_interact
     00000016  ___bank_frame_image                frame_image
ASxxxx Linker V03.00 + NoICE + sdld,  page 14.
Hexadecimal  [32-Bits]

Area                                    Addr        Size        Decimal Bytes (Attributes)
--------------------------------        ----        ----        ------- ----- ------------
.  .ABS.                            00000000    00000000 =           0. bytes (ABS,CON)

      Value  Global                              Global Defined In Module
      -----  --------------------------------   ------------------------
     00000016  ___bank_scene_10_triggers          scene_10_triggers
     00000016  ___bank_script_input_12            script_input_12
     00000016  ___bank_script_input_16            script_input_16
     00000016  ___bank_script_input_8             script_input_8
     00000016  ___bank_script_s10_init            script_s10_init
     00000016  ___bank_script_s10_p_hit1          script_s10_p_hit1
     00000016  ___bank_script_s10a0_update        script_s10a0_update
     00000016  ___bank_script_s10t0_interact      script_s10t0_interact
     00000016  ___bank_script_s12_p_hit1          script_s12_p_hit1
     00000016  ___bank_script_s12a0_update        script_s12a0_update
     00000016  ___bank_script_s12t0_interact      script_s12t0_interact
     00000016  ___bank_script_s14_init            script_s14_init
     00000016  ___bank_script_s14_p_hit1          script_s14_p_hit1
     00000016  ___bank_script_s14a0_update        script_s14a0_update
     00000016  ___bank_script_s14t0_interact      script_s14t0_interact
     00000016  ___bank_script_s16_init            script_s16_init
     00000016  ___bank_script_s16a0_update        script_s16a0_update
     00000016  ___bank_script_s18_init            script_s18_init
     00000016  ___bank_script_s18a0_update        script_s18a0_update
     00000016  ___bank_script_s20_init            script_s20_init
     00000016  ___bank_script_s20_p_hit1          script_s20_p_hit1
     00000016  ___bank_script_s20a0_update        script_s20a0_update
     00000016  ___bank_script_s20t0_interact      script_s20t0_interact
     00000016  ___bank_script_s22a0_update        script_s22a0_update
     00000016  ___bank_script_s22a13_update       script_s22a13_update
     00000016  ___bank_script_s22a16_update       script_s22a16_update
     00000016  ___bank_script_s22a17_update       script_s22a17_update
     00000016  ___bank_script_s22a8_update        script_s22a8_update
     00000016  ___bank_script_s24a0_update        script_s24a0_update
     00000016  ___bank_script_s24a15_update       script_s24a15_update
     00000016  ___bank_script_s24a5_update        script_s24a5_update
     00000016  ___bank_script_s24a9_update        script_s24a9_update
     00000016  ___bank_script_s26_init            script_s26_init
     00000016  ___bank_script_s26a0_update        script_s26a0_update
     00000016  ___bank_script_s28_init            script_s28_init
     00000016  ___bank_script_s28a4_update        script_s28a4_update
     00000016  ___bank_script_s30a0_update        script_s30a0_update
     00000016  ___bank_script_s30a10_update       script_s30a10_update
     00000016  ___bank_script_s30a14_update       script_s30a14_update
     00000016  ___bank_script_s30a4_update        script_s30a4_update
     00000016  ___bank_script_s32a0_update        script_s32a0_update
     00000016  ___bank_script_s32a8_update        script_s32a8_update
     00000016  ___bank_script_s32a9_update        script_s32a9_update
     00000016  ___bank_script_s34_init            script_s34_init
     00000016  ___bank_script_s34a0_update        script_s34a0_update
     00000016  ___bank_script_s34a2_update        script_s34a2_update
     00000016  ___bank_script_s36_init            script_s36_init
     00000016  ___bank_script_s36a2_update        script_s36a2_update
     00000016  ___bank_script_s44a1_update        script_s44a1_update
     00000016  ___bank_script_s8_init             script_s8_init
     00000016  ___bank_script_s8_p_hit1           script_s8_p_hit1
ASxxxx Linker V03.00 + NoICE + sdld,  page 15.
Hexadecimal  [32-Bits]

Area                                    Addr        Size        Decimal Bytes (Attributes)
--------------------------------        ----        ----        ------- ----- ------------
.  .ABS.                            00000000    00000000 =           0. bytes (ABS,CON)

      Value  Global                              Global Defined In Module
      -----  --------------------------------   ------------------------
     00000016  ___bank_script_s8a0_update         script_s8a0_update
     00000016  ___bank_script_s8a3_interact       script_s8a3_interact
     00000016  ___bank_script_s8a5_interact       script_s8a5_interact
     00000016  ___bank_script_s8a6_interact       script_s8a6_interact
     00000016  ___bank_script_s8a8_interact       script_s8a8_interact
     00000016  ___bank_script_s8a9_interact       script_s8a9_interact
     00000016  ___bank_script_s8t0_interact       script_s8t0_interact
     00000016  ___bank_spritesheet_17             spritesheet_17
     00000016  ___bank_spritesheet_21             spritesheet_21
     00000016  ___bank_spritesheet_23             spritesheet_23
     00000016  ___bank_spritesheet_26             spritesheet_26
     00000016  ___bank_spritesheet_30             spritesheet_30
     00000016  ___bank_spritesheet_32             spritesheet_32
     00000016  ___bank_spritesheet_33             spritesheet_33
     00000016  ___bank_spritesheet_34             spritesheet_34
     00000016  ___bank_spritesheet_36             spritesheet_36
     00000016  ___bank_spritesheet_44             spritesheet_44
     00000016  ___bank_spritesheet_57             spritesheet_57
     00000016  ___bank_tileset_18                 tileset_18
     00000016  ___bank_tileset_20                 tileset_20
     00000016  ___bank_tileset_31                 tileset_31
     00000016  ___bank_tileset_36                 tileset_36
     00000016  ___bank_tileset_37                 tileset_37
     00000016  ___bank_tileset_38                 tileset_38
     00000016  ___bank_tileset_39                 tileset_39
     00000016  ___bank_tileset_40                 tileset_40
     00000016  ___bank_tileset_42                 tileset_42
     00000016  ___bank_tileset_43                 tileset_43
     00000016  ___bank_tileset_44                 tileset_44
     00000016  ___bank_tileset_46                 tileset_46
     00000016  ___bank_tileset_49                 tileset_49
     00000016  ___bank_tileset_50                 tileset_50
     00000016  ___bank_tileset_53                 tileset_53
     00000016  ___bank_tileset_54                 tileset_54
     00000016  ___bank_tileset_55                 tileset_55
     00000016  ___bank_tileset_56                 tileset_56
     00000016  ___bank_tileset_57                 tileset_57
     00000016  ___bank_tileset_58                 tileset_58
     00000016  ___bank_tileset_60                 tileset_60
     00000016  ___bank_tileset_61                 tileset_61
     00000016  ___bank_tileset_63                 tileset_63
     00000016  ___bank_tileset_65                 tileset_65
     00000016  ___bank_tileset_67                 tileset_67
     00000016  ___bank_tileset_69                 tileset_69
     00000016  ___bank_tileset_72                 tileset_72
     00000016  ___bank_tileset_73                 tileset_73
     00000017  ___bank_palette_0                  palette_0
     00000017  ___bank_palette_1                  palette_1
     00000017  ___bank_palette_10                 palette_10
     00000017  ___bank_scene_10_projectiles       scene_10_projectiles
     00000017  ___bank_scene_12_projectiles       scene_12_projectiles
ASxxxx Linker V03.00 + NoICE + sdld,  page 16.
Hexadecimal  [32-Bits]

Area                                    Addr        Size        Decimal Bytes (Attributes)
--------------------------------        ----        ----        ------- ----- ------------
.  .ABS.                            00000000    00000000 =           0. bytes (ABS,CON)

      Value  Global                              Global Defined In Module
      -----  --------------------------------   ------------------------
     00000017  ___bank_scene_16_projectiles       scene_16_projectiles
     00000017  ___bank_scene_20_projectiles       scene_20_projectiles
     00000017  ___bank_scene_22_projectiles       scene_22_projectiles
     00000017  ___bank_scene_24_projectiles       scene_24_projectiles
     00000017  ___bank_scene_26_projectiles       scene_26_projectiles
     00000017  ___bank_scene_28_projectiles       scene_28_projectiles
     00000017  ___bank_scene_30_projectiles       scene_30_projectiles
     00000017  ___bank_scene_30_triggers          scene_30_triggers
     00000017  ___bank_scene_32_projectiles       scene_32_projectiles
     00000017  ___bank_scene_34_projectiles       scene_34_projectiles
     00000017  ___bank_scene_36_projectiles       scene_36_projectiles
     00000017  ___bank_scene_45_actors            scene_45_actors
     00000017  ___bank_script_s10a10_update       script_s10a10_update
     00000017  ___bank_script_s10a15_update       script_s10a15_update
     00000017  ___bank_script_s10a16_update       script_s10a16_update
     00000017  ___bank_script_s10a17_update       script_s10a17_update
     00000017  ___bank_script_s10a18_update       script_s10a18_update
     00000017  ___bank_script_s10a1_update        script_s10a1_update
     00000017  ___bank_script_s10a2_interact      script_s10a2_interact
     00000017  ___bank_script_s10a5_update        script_s10a5_update
     00000017  ___bank_script_s10a7_update        script_s10a7_update
     00000017  ___bank_script_s10a8_update        script_s10a8_update
     00000017  ___bank_script_s10a9_update        script_s10a9_update
     00000017  ___bank_script_s11_init            script_s11_init
     00000017  ___bank_script_s12a10_update       script_s12a10_update
     00000017  ___bank_script_s12a11_update       script_s12a11_update
     00000017  ___bank_script_s12a12_update       script_s12a12_update
     00000017  ___bank_script_s12a13_update       script_s12a13_update
     00000017  ___bank_script_s12a14_update       script_s12a14_update
     00000017  ___bank_script_s12a15_update       script_s12a15_update
     00000017  ___bank_script_s12a16_update       script_s12a16_update
     00000017  ___bank_script_s12a17_interact     script_s12a17_interact
     00000017  ___bank_script_s12a18_update       script_s12a18_update
     00000017  ___bank_script_s12a4_update        script_s12a4_update
     00000017  ___bank_script_s12a5_update        script_s12a5_update
     00000017  ___bank_script_s12a7_update        script_s12a7_update
     00000017  ___bank_script_s12a8_update        script_s12a8_update
     00000017  ___bank_script_s12a9_update        script_s12a9_update
     00000017  ___bank_script_s13_init            script_s13_init
     00000017  ___bank_script_s14a10_update       script_s14a10_update
     00000017  ___bank_script_s14a12_update       script_s14a12_update
     00000017  ___bank_script_s14a13_update       script_s14a13_update
     00000017  ___bank_script_s14a16_update       script_s14a16_update
     00000017  ___bank_script_s14a17_update       script_s14a17_update
     00000017  ___bank_script_s14a19_interact     script_s14a19_interact
     00000017  ___bank_script_s14a6_update        script_s14a6_update
     00000017  ___bank_script_s14a7_update        script_s14a7_update
     00000017  ___bank_script_s14a9_update        script_s14a9_update
     00000017  ___bank_script_s15_init            script_s15_init
     00000017  ___bank_script_s16a12_update       script_s16a12_update
     00000017  ___bank_script_s16a14_update       script_s16a14_update
ASxxxx Linker V03.00 + NoICE + sdld,  page 17.
Hexadecimal  [32-Bits]

Area                                    Addr        Size        Decimal Bytes (Attributes)
--------------------------------        ----        ----        ------- ----- ------------
.  .ABS.                            00000000    00000000 =           0. bytes (ABS,CON)

      Value  Global                              Global Defined In Module
      -----  --------------------------------   ------------------------
     00000017  ___bank_script_s16a15_update       script_s16a15_update
     00000017  ___bank_script_s16a16_interact     script_s16a16_interact
     00000017  ___bank_script_s16a4_update        script_s16a4_update
     00000017  ___bank_script_s16a5_update        script_s16a5_update
     00000017  ___bank_script_s16a6_update        script_s16a6_update
     00000017  ___bank_script_s16a9_update        script_s16a9_update
     00000017  ___bank_script_s17_init            script_s17_init
     00000017  ___bank_script_s18a10_update       script_s18a10_update
     00000017  ___bank_script_s18a11_update       script_s18a11_update
     00000017  ___bank_script_s18a13_update       script_s18a13_update
     00000017  ___bank_script_s18a14_update       script_s18a14_update
     00000017  ___bank_script_s18a15_update       script_s18a15_update
     00000017  ___bank_script_s18a17_update       script_s18a17_update
     00000017  ___bank_script_s18a18_update       script_s18a18_update
     00000017  ___bank_script_s18a19_interact     script_s18a19_interact
     00000017  ___bank_script_s18a4_update        script_s18a4_update
     00000017  ___bank_script_s18a5_update        script_s18a5_update
     00000017  ___bank_script_s18a6_update        script_s18a6_update
     00000017  ___bank_script_s18a8_update        script_s18a8_update
     00000017  ___bank_script_s18a9_update        script_s18a9_update
     00000017  ___bank_script_s19_init            script_s19_init
     00000017  ___bank_script_s20a5_interact      script_s20a5_interact
     00000017  ___bank_script_s21_init            script_s21_init
     00000017  ___bank_script_s22a10_update       script_s22a10_update
     00000017  ___bank_script_s22a12_update       script_s22a12_update
     00000017  ___bank_script_s22a14_update       script_s22a14_update
     00000017  ___bank_script_s22a15_update       script_s22a15_update
     00000017  ___bank_script_s22a18_interact     script_s22a18_interact
     00000017  ___bank_script_s22a6_update        script_s22a6_update
     00000017  ___bank_script_s22a9_update        script_s22a9_update
     00000017  ___bank_script_s22t1_interact      script_s22t1_interact
     00000017  ___bank_script_s23_init            script_s23_init
     00000017  ___bank_script_s24a11_update       script_s24a11_update
     00000017  ___bank_script_s24a13_update       script_s24a13_update
     00000017  ___bank_script_s24a14_update       script_s24a14_update
     00000017  ___bank_script_s24a16_update       script_s24a16_update
     00000017  ___bank_script_s24a17_update       script_s24a17_update
     00000017  ___bank_script_s24a18_update       script_s24a18_update
     00000017  ___bank_script_s24a19_interact     script_s24a19_interact
     00000017  ___bank_script_s24a2_update        script_s24a2_update
     00000017  ___bank_script_s24a6_update        script_s24a6_update
     00000017  ___bank_script_s24a7_update        script_s24a7_update
     00000017  ___bank_script_s24a8_update        script_s24a8_update
     00000017  ___bank_script_s25_init            script_s25_init
     00000017  ___bank_script_s26a11_update       script_s26a11_update
     00000017  ___bank_script_s26a12_update       script_s26a12_update
     00000017  ___bank_script_s26a13_update       script_s26a13_update
     00000017  ___bank_script_s26a14_interact     script_s26a14_interact
     00000017  ___bank_script_s26a15_update       script_s26a15_update
     00000017  ___bank_script_s26a16_update       script_s26a16_update
     00000017  ___bank_script_s26a17_update       script_s26a17_update
ASxxxx Linker V03.00 + NoICE + sdld,  page 18.
Hexadecimal  [32-Bits]

Area                                    Addr        Size        Decimal Bytes (Attributes)
--------------------------------        ----        ----        ------- ----- ------------
.  .ABS.                            00000000    00000000 =           0. bytes (ABS,CON)

      Value  Global                              Global Defined In Module
      -----  --------------------------------   ------------------------
     00000017  ___bank_script_s26a18_update       script_s26a18_update
     00000017  ___bank_script_s26a19_update       script_s26a19_update
     00000017  ___bank_script_s26a4_update        script_s26a4_update
     00000017  ___bank_script_s26a6_update        script_s26a6_update
     00000017  ___bank_script_s26a8_update        script_s26a8_update
     00000017  ___bank_script_s26a9_update        script_s26a9_update
     00000017  ___bank_script_s26t1_interact      script_s26t1_interact
     00000017  ___bank_script_s26t2_interact      script_s26t2_interact
     00000017  ___bank_script_s27_init            script_s27_init
     00000017  ___bank_script_s28a3_interact      script_s28a3_interact
     00000017  ___bank_script_s29_init            script_s29_init
     00000017  ___bank_script_s30a11_update       script_s30a11_update
     00000017  ___bank_script_s30a15_update       script_s30a15_update
     00000017  ___bank_script_s30a17_interact     script_s30a17_interact
     00000017  ___bank_script_s30a5_update        script_s30a5_update
     00000017  ___bank_script_s30a8_update        script_s30a8_update
     00000017  ___bank_script_s31_init            script_s31_init
     00000017  ___bank_script_s32a10_update       script_s32a10_update
     00000017  ___bank_script_s32a11_update       script_s32a11_update
     00000017  ___bank_script_s32a12_update       script_s32a12_update
     00000017  ___bank_script_s32a15_update       script_s32a15_update
     00000017  ___bank_script_s32a16_update       script_s32a16_update
     00000017  ___bank_script_s32a17_update       script_s32a17_update
     00000017  ___bank_script_s32a18_update       script_s32a18_update
     00000017  ___bank_script_s32a19_interact     script_s32a19_interact
     00000017  ___bank_script_s32a2_update        script_s32a2_update
     00000017  ___bank_script_s32a5_update        script_s32a5_update
     00000017  ___bank_script_s32a7_update        script_s32a7_update
     00000017  ___bank_script_s32t1_interact      script_s32t1_interact
     00000017  ___bank_script_s32t2_interact      script_s32t2_interact
     00000017  ___bank_script_s33_init            script_s33_init
     00000017  ___bank_script_s34a10_update       script_s34a10_update
     00000017  ___bank_script_s34a11_update       script_s34a11_update
     00000017  ___bank_script_s34a13_update       script_s34a13_update
     00000017  ___bank_script_s34a15_update       script_s34a15_update
     00000017  ___bank_script_s34a16_update       script_s34a16_update
     00000017  ___bank_script_s34a17_update       script_s34a17_update
     00000017  ___bank_script_s34a18_interact     script_s34a18_interact
     00000017  ___bank_script_s34a3_update        script_s34a3_update
     00000017  ___bank_script_s34a6_update        script_s34a6_update
     00000017  ___bank_script_s34a7_update        script_s34a7_update
     00000017  ___bank_script_s34t1_interact      script_s34t1_interact
     00000017  ___bank_script_s35_init            script_s35_init
     00000017  ___bank_script_s36a4_interact      script_s36a4_interact
     00000017  ___bank_script_s37_init            script_s37_init
     00000017  ___bank_script_s40_init            script_s40_init
     00000017  ___bank_script_s41_init            script_s41_init
     00000017  ___bank_script_s42_init            script_s42_init
     00000017  ___bank_script_s43_init            script_s43_init
     00000017  ___bank_script_s45_init            script_s45_init
     00000017  ___bank_script_s7_init             script_s7_init
ASxxxx Linker V03.00 + NoICE + sdld,  page 19.
Hexadecimal  [32-Bits]

Area                                    Addr        Size        Decimal Bytes (Attributes)
--------------------------------        ----        ----        ------- ----- ------------
.  .ABS.                            00000000    00000000 =           0. bytes (ABS,CON)

      Value  Global                              Global Defined In Module
      -----  --------------------------------   ------------------------
     00000017  ___bank_script_s8a11_update        script_s8a11_update
     00000017  ___bank_script_s8a12_update        script_s8a12_update
     00000017  ___bank_script_s8a13_update        script_s8a13_update
     00000017  ___bank_script_s8a14_update        script_s8a14_update
     00000017  ___bank_script_s8a15_update        script_s8a15_update
     00000017  ___bank_script_s8a16_update        script_s8a16_update
     00000017  ___bank_script_s8a17_update        script_s8a17_update
     00000017  ___bank_script_s8a1_update         script_s8a1_update
     00000017  ___bank_script_s8a2_interact       script_s8a2_interact
     00000017  ___bank_script_s8a3_update         script_s8a3_update
     00000017  ___bank_script_s8a5_update         script_s8a5_update
     00000017  ___bank_script_s8a6_update         script_s8a6_update
     00000017  ___bank_script_s8a7_update         script_s8a7_update
     00000017  ___bank_script_s8a8_update         script_s8a8_update
     00000017  ___bank_script_s8a9_update         script_s8a9_update
     00000017  ___bank_script_s9_init             script_s9_init
     00000017  ___bank_spritesheet_20             spritesheet_20
     00000017  ___bank_spritesheet_25             spritesheet_25
     00000017  ___bank_spritesheet_28             spritesheet_28
     00000017  ___bank_spritesheet_41             spritesheet_41
     00000017  ___bank_spritesheet_52             spritesheet_52
     00000017  ___bank_spritesheet_54             spritesheet_54
     00000017  ___bank_spritesheet_56             spritesheet_56
     00000017  ___bank_spritesheet_58             spritesheet_58
     00000017  ___bank_spritesheet_61             spritesheet_61
     00000017  ___bank_tileset_62                 tileset_62
     00000017  ___bank_tileset_68                 tileset_68
     00000017  ___bank_tileset_74                 tileset_74
     00000018  ___bank_background_0               background_0
     00000018  ___bank_background_1               background_1
     00000018  ___bank_background_10              background_10
     00000018  ___bank_background_11              background_11
     00000018  ___bank_background_12              background_12
     00000018  ___bank_background_13              background_13
     00000018  ___bank_background_14              background_14
     00000018  ___bank_background_15              background_15
     00000018  ___bank_background_16              background_16
     00000018  ___bank_background_17              background_17
     00000018  ___bank_background_18              background_18
     00000018  ___bank_background_19              background_19
     00000018  ___bank_background_2               background_2
     00000018  ___bank_background_20              background_20
     00000018  ___bank_background_21              background_21
     00000018  ___bank_background_22              background_22
     00000018  ___bank_background_23              background_23
     00000018  ___bank_background_24              background_24
     00000018  ___bank_background_25              background_25
     00000018  ___bank_background_26              background_26
     00000018  ___bank_background_27              background_27
     00000018  ___bank_background_28              background_28
     00000018  ___bank_background_29              background_29
ASxxxx Linker V03.00 + NoICE + sdld,  page 20.
Hexadecimal  [32-Bits]

Area                                    Addr        Size        Decimal Bytes (Attributes)
--------------------------------        ----        ----        ------- ----- ------------
.  .ABS.                            00000000    00000000 =           0. bytes (ABS,CON)

      Value  Global                              Global Defined In Module
      -----  --------------------------------   ------------------------
     00000018  ___bank_background_3               background_3
     00000018  ___bank_background_30              background_30
     00000018  ___bank_background_31              background_31
     00000018  ___bank_background_32              background_32
     00000018  ___bank_background_33              background_33
     00000018  ___bank_background_34              background_34
     00000018  ___bank_background_35              background_35
     00000018  ___bank_background_36              background_36
     00000018  ___bank_background_37              background_37
     00000018  ___bank_background_38              background_38
     00000018  ___bank_background_39              background_39
     00000018  ___bank_background_4               background_4
     00000018  ___bank_background_40              background_40
     00000018  ___bank_background_41              background_41
     00000018  ___bank_background_42              background_42
     00000018  ___bank_background_43              background_43
     00000018  ___bank_background_5               background_5
     00000018  ___bank_background_6               background_6
     00000018  ___bank_background_7               background_7
     00000018  ___bank_background_8               background_8
     00000018  ___bank_background_9               background_9
     00000018  ___bank_bootstrap_script           
     00000018  ___bank_cursor_image               cursor_image
     00000018  ___bank_emote_0                    emote_0
     00000018  ___bank_palette_11                 palette_11
     00000018  ___bank_palette_12                 palette_12
     00000018  ___bank_palette_13                 palette_13
     00000018  ___bank_palette_14                 palette_14
     00000018  ___bank_palette_15                 palette_15
     00000018  ___bank_palette_16                 palette_16
     00000018  ___bank_palette_17                 palette_17
     00000018  ___bank_palette_18                 palette_18
     00000018  ___bank_palette_19                 palette_19
     00000018  ___bank_palette_2                  palette_2
     00000018  ___bank_palette_20                 palette_20
     00000018  ___bank_palette_21                 palette_21
     00000018  ___bank_palette_22                 palette_22
     00000018  ___bank_palette_23                 palette_23
     00000018  ___bank_palette_24                 palette_24
     00000018  ___bank_palette_25                 palette_25
     00000018  ___bank_palette_26                 palette_26
     00000018  ___bank_palette_27                 palette_27
     00000018  ___bank_palette_28                 palette_28
     00000018  ___bank_palette_29                 palette_29
     00000018  ___bank_palette_3                  palette_3
     00000018  ___bank_palette_30                 palette_30
     00000018  ___bank_palette_31                 palette_31
     00000018  ___bank_palette_32                 palette_32
     00000018  ___bank_palette_33                 palette_33
     00000018  ___bank_palette_34                 palette_34
     00000018  ___bank_palette_35                 palette_35
ASxxxx Linker V03.00 + NoICE + sdld,  page 21.
Hexadecimal  [32-Bits]

Area                                    Addr        Size        Decimal Bytes (Attributes)
--------------------------------        ----        ----        ------- ----- ------------
.  .ABS.                            00000000    00000000 =           0. bytes (ABS,CON)

      Value  Global                              Global Defined In Module
      -----  --------------------------------   ------------------------
     00000018  ___bank_palette_36                 palette_36
     00000018  ___bank_palette_37                 palette_37
     00000018  ___bank_palette_38                 palette_38
     00000018  ___bank_palette_39                 palette_39
     00000018  ___bank_palette_4                  palette_4
     00000018  ___bank_palette_40                 palette_40
     00000018  ___bank_palette_41                 palette_41
     00000018  ___bank_palette_42                 palette_42
     00000018  ___bank_palette_43                 palette_43
     00000018  ___bank_palette_44                 palette_44
     00000018  ___bank_palette_5                  palette_5
     00000018  ___bank_palette_6                  palette_6
     00000018  ___bank_palette_7                  palette_7
     00000018  ___bank_palette_8                  palette_8
     00000018  ___bank_palette_9                  palette_9
     00000018  ___bank_scene_0                    scene_0
     00000018  ___bank_scene_1                    scene_1
     00000018  ___bank_scene_10                   scene_10
     00000018  ___bank_scene_11                   scene_11
     00000018  ___bank_scene_12                   scene_12
     00000018  ___bank_scene_12_sprites           scene_12_sprites
     00000018  ___bank_scene_12_triggers          scene_12_triggers
     00000018  ___bank_scene_13                   scene_13
     00000018  ___bank_scene_14                   scene_14
     00000018  ___bank_scene_14_projectiles       scene_14_projectiles
     00000018  ___bank_scene_14_sprites           scene_14_sprites
     00000018  ___bank_scene_14_triggers          scene_14_triggers
     00000018  ___bank_scene_15                   scene_15
     00000018  ___bank_scene_16                   scene_16
     00000018  ___bank_scene_16_sprites           scene_16_sprites
     00000018  ___bank_scene_16_triggers          scene_16_triggers
     00000018  ___bank_scene_17                   scene_17
     00000018  ___bank_scene_18                   scene_18
     00000018  ___bank_scene_18_projectiles       scene_18_projectiles
     00000018  ___bank_scene_18_sprites           scene_18_sprites
     00000018  ___bank_scene_18_triggers          scene_18_triggers
     00000018  ___bank_scene_19                   scene_19
     00000018  ___bank_scene_2                    scene_2
     00000018  ___bank_scene_20                   scene_20
     00000018  ___bank_scene_20_triggers          scene_20_triggers
     00000018  ___bank_scene_21                   scene_21
     00000018  ___bank_scene_22                   scene_22
     00000018  ___bank_scene_22_sprites           scene_22_sprites
     00000018  ___bank_scene_22_triggers          scene_22_triggers
     00000018  ___bank_scene_23                   scene_23
     00000018  ___bank_scene_24                   scene_24
     00000018  ___bank_scene_24_sprites           scene_24_sprites
     00000018  ___bank_scene_24_triggers          scene_24_triggers
     00000018  ___bank_scene_25                   scene_25
     00000018  ___bank_scene_26                   scene_26
     00000018  ___bank_scene_26_triggers          scene_26_triggers
ASxxxx Linker V03.00 + NoICE + sdld,  page 22.
Hexadecimal  [32-Bits]

Area                                    Addr        Size        Decimal Bytes (Attributes)
--------------------------------        ----        ----        ------- ----- ------------
.  .ABS.                            00000000    00000000 =           0. bytes (ABS,CON)

      Value  Global                              Global Defined In Module
      -----  --------------------------------   ------------------------
     00000018  ___bank_scene_27                   scene_27
     00000018  ___bank_scene_28                   scene_28
     00000018  ___bank_scene_28_sprites           scene_28_sprites
     00000018  ___bank_scene_28_triggers          scene_28_triggers
     00000018  ___bank_scene_29                   scene_29
     00000018  ___bank_scene_2_actors             scene_2_actors
     00000018  ___bank_scene_3                    scene_3
     00000018  ___bank_scene_30                   scene_30
     00000018  ___bank_scene_30_sprites           scene_30_sprites
     00000018  ___bank_scene_31                   scene_31
     00000018  ___bank_scene_32                   scene_32
     00000018  ___bank_scene_32_sprites           scene_32_sprites
     00000018  ___bank_scene_32_triggers          scene_32_triggers
     00000018  ___bank_scene_33                   scene_33
     00000018  ___bank_scene_34                   scene_34
[...]
                                          [ tilemap_28 ]
C:/Users/luisc/AppData/Local/Temp/_gbsbuild/obj/tilemap_29.rel
                                          [ tilemap_29 ]
C:/Users/luisc/AppData/Local/Temp/_gbsbuild/obj/tilemap_3.rel
                                          [ tilemap_3 ]
C:/Users/luisc/AppData/Local/Temp/_gbsbuild/obj/tilemap_30.rel
                                          [ tilemap_30 ]
C:/Users/luisc/AppData/Local/Temp/_gbsbuild/obj/tilemap_31.rel
                                          [ tilemap_31 ]
C:/Users/luisc/AppData/Local/Temp/_gbsbuild/obj/tilemap_32.rel
                                          [ tilemap_32 ]
C:/Users/luisc/AppData/Local/Temp/_gbsbuild/obj/tilemap_33.rel
                                          [ tilemap_33 ]
C:/Users/luisc/AppData/Local/Temp/_gbsbuild/obj/tilemap_34.rel
                                          [ tilemap_34 ]
C:/Users/luisc/AppData/Local/Temp/_gbsbuild/obj/tilemap_35.rel
                                          [ tilemap_35 ]
C:/Users/luisc/AppData/Local/Temp/_gbsbuild/obj/tilemap_36.rel
                                          [ tilemap_36 ]
C:/Users/luisc/AppData/Local/Temp/_gbsbuild/obj/tilemap_37.rel
                                          [ tilemap_37 ]
C:/Users/luisc/AppData/Local/Temp/_gbsbuild/obj/tilemap_38.rel
                                          [ tilemap_38 ]
C:/Users/luisc/AppData/Local/Temp/_gbsbuild/obj/tilemap_39.rel
                                          [ tilemap_39 ]
C:/Users/luisc/AppData/Local/Temp/_gbsbuild/obj/tilemap_4.rel
                                          [ tilemap_4 ]
C:/Users/luisc/AppData/Local/Temp/_gbsbuild/obj/tilemap_40.rel
                                          [ tilemap_40 ]
C:/Users/luisc/AppData/Local/Temp/_gbsbuild/obj/tilemap_41.rel
                                          [ tilemap_41 ]
C:/Users/luisc/AppData/Local/Temp/_gbsbuild/obj/tilemap_42.rel
                                          [ tilemap_42 ]
C:/Users/luisc/AppData/Local/Temp/_gbsbuild/obj/tilemap_43.rel
                                          [ tilemap_43 ]
C:/Users/luisc/AppData/Local/Temp/_gbsbuild/obj/tilemap_5.rel
                                          [ tilemap_5 ]
C:/Users/luisc/AppData/Local/Temp/_gbsbuild/obj/tilemap_6.rel
                                          [ tilemap_6 ]
C:/Users/luisc/AppData/Local/Temp/_gbsbuild/obj/tilemap_7.rel
                                          [ tilemap_7 ]
C:/Users/luisc/AppData/Local/Temp/_gbsbuild/obj/tilemap_8.rel
                                          [ tilemap_8 ]
C:/Users/luisc/AppData/Local/Temp/_gbsbuild/obj/tilemap_9.rel
                                          [ tilemap_9 ]
C:/Users/luisc/AppData/Local/Temp/_gbsbuild/obj/tilemap_attr_0.rel
                                          [ tilemap_attr_0 ]
C:/Users/luisc/AppData/Local/Temp/_gbsbuild/obj/tilemap_attr_1.rel
                                          [ tilemap_attr_1 ]
C:/Users/luisc/AppData/Local/Temp/_gbsbuild/obj/tilemap_attr_10.rel
                                          [ tilemap_attr_10 ]
C:/Users/luisc/AppData/Local/Temp/_gbsbuild/obj/tilemap_attr_11.rel
                                          [ tilemap_attr_11 ]
C:/Users/luisc/AppData/Local/Temp/_gbsbuild/obj/tilemap_attr_12.rel
                                          [ tilemap_attr_12 ]
C:/Users/luisc/AppData/Local/Temp/_gbsbuild/obj/tilemap_attr_13.rel
                                          [ tilemap_attr_13 ]
C:/Users/luisc/AppData/Local/Temp/_gbsbuild/obj/tilemap_attr_14.rel
                                          [ tilemap_attr_14 ]
C:/Users/luisc/AppData/Local/Temp/_gbsbuild/obj/tilemap_attr_15.rel
                                          [ tilemap_attr_15 ]
C:/Users/luisc/AppData/Local/Temp/_gbsbuild/obj/tilemap_attr_16.rel
                                          [ tilemap_attr_16 ]
C:/Users/luisc/AppData/Local/Temp/_gbsbuild/obj/tilemap_attr_17.rel
                                          [ tilemap_attr_17 ]
C:/Users/luisc/AppData/Local/Temp/_gbsbuild/obj/tilemap_attr_18.rel
                                          [ tilemap_attr_18 ]
C:/Users/luisc/AppData/Local/Temp/_gbsbuild/obj/tilemap_attr_19.rel
                                          [ tilemap_attr_19 ]
C:/Users/luisc/AppData/Local/Temp/_gbsbuild/obj/tilemap_attr_2.rel
                                          [ tilemap_attr_2 ]
C:/Users/luisc/AppData/Local/Temp/_gbsbuild/obj/tilemap_attr_20.rel
                                          [ tilemap_attr_20 ]
C:/Users/luisc/AppData/Local/Temp/_gbsbuild/obj/tilemap_attr_21.rel
                                          [ tilemap_attr_21 ]
C:/Users/luisc/AppData/Local/Temp/_gbsbuild/obj/tilemap_attr_22.rel
                                          [ tilemap_attr_22 ]
C:/Users/luisc/AppData/Local/Temp/_gbsbuild/obj/tilemap_attr_23.rel
                                          [ tilemap_attr_23 ]
C:/Users/luisc/AppData/Local/Temp/_gbsbuild/obj/tilemap_attr_24.rel
                                          [ tilemap_attr_24 ]
C:/Users/luisc/AppData/Local/Temp/_gbsbuild/obj/tilemap_attr_25.rel
                                          [ tilemap_attr_25 ]
C:/Users/luisc/AppData/Local/Temp/_gbsbuild/obj/tilemap_attr_3.rel
                                          [ tilemap_attr_3 ]
C:/Users/luisc/AppData/Local/Temp/_gbsbuild/obj/tilemap_attr_4.rel
                                          [ tilemap_attr_4 ]
C:/Users/luisc/AppData/Local/Temp/_gbsbuild/obj/tilemap_attr_5.rel
                                          [ tilemap_attr_5 ]
C:/Users/luisc/AppData/Local/Temp/_gbsbuild/obj/tilemap_attr_6.rel
                                          [ tilemap_attr_6 ]
C:/Users/luisc/AppData/Local/Temp/_gbsbuild/obj/tilemap_attr_7.rel
                                          [ tilemap_attr_7 ]
C:/Users/luisc/AppData/Local/Temp/_gbsbuild/obj/tilemap_attr_8.rel
                                          [ tilemap_attr_8 ]
C:/Users/luisc/AppData/Local/Temp/_gbsbuild/obj/tilemap_attr_9.rel
                                          [ tilemap_attr_9 ]
C:/Users/luisc/AppData/Local/Temp/_gbsbuild/obj/tileset_0.rel
                                          [ tileset_0 ]
C:/Users/luisc/AppData/Local/Temp/_gbsbuild/obj/tileset_1.rel
                                          [ tileset_1 ]
C:/Users/luisc/AppData/Local/Temp/_gbsbuild/obj/tileset_10.rel
                                          [ tileset_10 ]
C:/Users/luisc/AppData/Local/Temp/_gbsbuild/obj/tileset_11.rel
                                          [ tileset_11 ]
C:/Users/luisc/AppData/Local/Temp/_gbsbuild/obj/tileset_12.rel
                                          [ tileset_12 ]
C:/Users/luisc/AppData/Local/Temp/_gbsbuild/obj/tileset_13.rel
                                          [ tileset_13 ]
C:/Users/luisc/AppData/Local/Temp/_gbsbuild/obj/tileset_14.rel
                                          [ tileset_14 ]
C:/Users/luisc/AppData/Local/Temp/_gbsbuild/obj/tileset_15.rel
                                          [ tileset_15 ]
C:/Users/luisc/AppData/Local/Temp/_gbsbuild/obj/tileset_16.rel
                                          [ tileset_16 ]
C:/Users/luisc/AppData/Local/Temp/_gbsbuild/obj/tileset_17.rel
                                          [ tileset_17 ]
C:/Users/luisc/AppData/Local/Temp/_gbsbuild/obj/tileset_18.rel
                                          [ tileset_18 ]
C:/Users/luisc/AppData/Local/Temp/_gbsbuild/obj/tileset_19.rel
                                          [ tileset_19 ]
C:/Users/luisc/AppData/Local/Temp/_gbsbuild/obj/tileset_2.rel
                                          [ tileset_2 ]
C:/Users/luisc/AppData/Local/Temp/_gbsbuild/obj/tileset_20.rel
                                          [ tileset_20 ]
C:/Users/luisc/AppData/Local/Temp/_gbsbuild/obj/tileset_21.rel
                                          [ tileset_21 ]
C:/Users/luisc/AppData/Local/Temp/_gbsbuild/obj/tileset_22.rel
                                          [ tileset_22 ]
C:/Users/luisc/AppData/Local/Temp/_gbsbuild/obj/tileset_23.rel
                                          [ tileset_23 ]
C:/Users/luisc/AppData/Local/Temp/_gbsbuild/obj/tileset_24.rel
                                          [ tileset_24 ]
C:/Users/luisc/AppData/Local/Temp/_gbsbuild/obj/tileset_25.rel
                                          [ tileset_25 ]
C:/Users/luisc/AppData/Local/Temp/_gbsbuild/obj/tileset_26.rel
                                          [ tileset_26 ]
C:/Users/luisc/AppData/Local/Temp/_gbsbuild/obj/tileset_27.rel
                                          [ tileset_27 ]
C:/Users/luisc/AppData/Local/Temp/_gbsbuild/obj/tileset_28.rel
                                          [ tileset_28 ]
C:/Users/luisc/AppData/Local/Temp/_gbsbuild/obj/tileset_29.rel
                                          [ tileset_29 ]
C:/Users/luisc/AppData/Local/Temp/_gbsbuild/obj/tileset_3.rel
                                          [ tileset_3 ]
C:/Users/luisc/AppData/Local/Temp/_gbsbuild/obj/tileset_30.rel
                                          [ tileset_30 ]
C:/Users/luisc/AppData/Local/Temp/_gbsbuild/obj/tileset_31.rel
                                          [ tileset_31 ]
C:/Users/luisc/AppData/Local/Temp/_gbsbuild/obj/tileset_32.rel
                                          [ tileset_32 ]
C:/Users/luisc/AppData/Local/Temp/_gbsbuild/obj/tileset_33.rel
                                          [ tileset_33 ]
C:/Users/luisc/AppData/Local/Temp/_gbsbuild/obj/tileset_34.rel
                                          [ tileset_34 ]
C:/Users/luisc/AppData/Local/Temp/_gbsbuild/obj/tileset_35.rel
                                          [ tileset_35 ]
C:/Users/luisc/AppData/Local/Temp/_gbsbuild/obj/tileset_36.rel
                                          [ tileset_36 ]
C:/Users/luisc/AppData/Local/Temp/_gbsbuild/obj/tileset_37.rel
                                          [ tileset_37 ]
C:/Users/luisc/AppData/Local/Temp/_gbsbuild/obj/tileset_38.rel
                                          [ tileset_38 ]
C:/Users/luisc/AppData/Local/Temp/_gbsbuild/obj/tileset_39.rel
                                          [ tileset_39 ]
C:/Users/luisc/AppData/Local/Temp/_gbsbuild/obj/tileset_4.rel
                                          [ tileset_4 ]
C:/Users/luisc/AppData/Local/Temp/_gbsbuild/obj/tileset_40.rel
                                          [ tileset_40 ]
C:/Users/luisc/AppData/Local/Temp/_gbsbuild/obj/tileset_41.rel
                                          [ tileset_41 ]
C:/Users/luisc/AppData/Local/Temp/_gbsbuild/obj/tileset_42.rel
                                          [ tileset_42 ]
C:/Users/luisc/AppData/Local/Temp/_gbsbuild/obj/tileset_43.rel
                                          [ tileset_43 ]
C:/Users/luisc/AppData/Local/Temp/_gbsbuild/obj/tileset_44.rel
                                          [ tileset_44 ]
C:/Users/luisc/AppData/Local/Temp/_gbsbuild/obj/tileset_45.rel
                                          [ tileset_45 ]
C:/Users/luisc/AppData/Local/Temp/_gbsbuild/obj/tileset_46.rel
                                          [ tileset_46 ]
C:/Users/luisc/AppData/Local/Temp/_gbsbuild/obj/tileset_47.rel
                                          [ tileset_47 ]
C:/Users/luisc/AppData/Local/Temp/_gbsbuild/obj/tileset_48.rel
                                          [ tileset_48 ]
C:/Users/luisc/AppData/Local/Temp/_gbsbuild/obj/tileset_49.rel
                                          [ tileset_49 ]
C:/Users/luisc/AppData/Local/Temp/_gbsbuild/obj/tileset_5.rel
                                          [ tileset_5 ]
C:/Users/luisc/AppData/Local/Temp/_gbsbuild/obj/tileset_50.rel
                                          [ tileset_50 ]
C:/Users/luisc/AppData/Local/Temp/_gbsbuild/obj/tileset_51.rel
                                          [ tileset_51 ]
C:/Users/luisc/AppData/Local/Temp/_gbsbuild/obj/tileset_52.rel
                                          [ tileset_52 ]
C:/Users/luisc/AppData/Local/Temp/_gbsbuild/obj/tileset_53.rel
                                          [ tileset_53 ]
C:/Users/luisc/AppData/Local/Temp/_gbsbuild/obj/tileset_54.rel
                                          [ tileset_54 ]
C:/Users/luisc/AppData/Local/Temp/_gbsbuild/obj/tileset_55.rel
                                          [ tileset_55 ]
C:/Users/luisc/AppData/Local/Temp/_gbsbuild/obj/tileset_56.rel
                                          [ tileset_56 ]
C:/Users/luisc/AppData/Local/Temp/_gbsbuild/obj/tileset_57.rel
                                          [ tileset_57 ]
C:/Users/luisc/AppData/Local/Temp/_gbsbuild/obj/tileset_58.rel
                                          [ tileset_58 ]
C:/Users/luisc/AppData/Local/Temp/_gbsbuild/obj/tileset_59.rel
                                          [ tileset_59 ]
C:/Users/luisc/AppData/Local/Temp/_gbsbuild/obj/tileset_6.rel
                                          [ tileset_6 ]
C:/Users/luisc/AppData/Local/Temp/_gbsbuild/obj/tileset_60.rel
                                          [ tileset_60 ]
C:/Users/luisc/AppData/Local/Temp/_gbsbuild/obj/tileset_61.rel
                                          [ tileset_61 ]
C:/Users/luisc/AppData/Local/Temp/_gbsbuild/obj/tileset_62.rel
                                          [ tileset_62 ]
C:/Users/luisc/AppData/Local/Temp/_gbsbuild/obj/tileset_63.rel
                                          [ tileset_63 ]
C:/Users/luisc/AppData/Local/Temp/_gbsbuild/obj/tileset_64.rel
                                          [ tileset_64 ]
C:/Users/luisc/AppData/Local/Temp/_gbsbuild/obj/tileset_65.rel
                                          [ tileset_65 ]
C:/Users/luisc/AppData/Local/Temp/_gbsbuild/obj/tileset_66.rel
                                          [ tileset_66 ]
C:/Users/luisc/AppData/Local/Temp/_gbsbuild/obj/tileset_67.rel
                                          [ tileset_67 ]
C:/Users/luisc/AppData/Local/Temp/_gbsbuild/obj/tileset_68.rel
                                          [ tileset_68 ]
C:/Users/luisc/AppData/Local/Temp/_gbsbuild/obj/tileset_69.rel
                                          [ tileset_69 ]
C:/Users/luisc/AppData/Local/Temp/_gbsbuild/obj/tileset_7.rel
                                          [ tileset_7 ]
C:/Users/luisc/AppData/Local/Temp/_gbsbuild/obj/tileset_70.rel
                                          [ tileset_70 ]
C:/Users/luisc/AppData/Local/Temp/_gbsbuild/obj/tileset_71.rel
                                          [ tileset_71 ]
C:/Users/luisc/AppData/Local/Temp/_gbsbuild/obj/tileset_72.rel
                                          [ tileset_72 ]
C:/Users/luisc/AppData/Local/Temp/_gbsbuild/obj/tileset_73.rel
                                          [ tileset_73 ]
C:/Users/luisc/AppData/Local/Temp/_gbsbuild/obj/tileset_74.rel
                                          [ tileset_74 ]
C:/Users/luisc/AppData/Local/Temp/_gbsbuild/obj/tileset_75.rel
                                          [ tileset_75 ]
C:/Users/luisc/AppData/Local/Temp/_gbsbuild/obj/tileset_8.rel
                                          [ tileset_8 ]
C:/Users/luisc/AppData/Local/Temp/_gbsbuild/obj/tileset_9.rel
                                          [ tileset_9 ]
C:/Users/luisc/AppData/Local/Temp/_gbsbuild/obj/main.rel
                                          [ main ]
C:/Users/luisc/AppData/Local/Temp/_gbsbuild/obj/miau.rel
                                          [ miau ]
C:/Users/luisc/AppData/Local/Temp/_gbsbuild/obj/adventure.rel
                                          [ adventure ]
C:/Users/luisc/AppData/Local/Temp/_gbsbuild/obj/logo.rel
                                          [ logo ]
C:/Users/luisc/AppData/Local/Temp/_gbsbuild/obj/platform.rel
                                          [ platform ]
C:/Users/luisc/AppData/Local/Temp/_gbsbuild/obj/pointnclick.rel
                                          [ pointnclick ]
C:/Users/luisc/AppData/Local/Temp/_gbsbuild/obj/shmup.rel
                                          [ shmup ]
C:/Users/luisc/AppData/Local/Temp/_gbsbuild/obj/states_ptrs.rel
                                          [  ]
C:/Users/luisc/AppData/Local/Temp/_gbsbuild/obj/topdown.rel
                                          [ topdown ]


Libraries Linked                          [ object file ]

C:\Users\luisc\AppData\Local\Temp/_gbstools/gbdk/lib/small/asxxxx/gb/gb.lib
                                          [ fill_rect_wi.o ]
lib/gbt_player.lib                        [ gbt_player.o ]
C:\Users\luisc\AppData\Local\Temp/_gbstools/gbdk/lib/small/asxxxx/gb/gb.lib
                                          [ sfr.o ]
C:\Users\luisc\AppData\Local\Temp/_gbstools/gbdk/lib/small/asxxxx/gbz80/gbz80.lib
                                          [ rand.o ]
lib/gbt_player.lib                        [ gbt_player_bank1.o ]
C:\Users\luisc\AppData\Local\Temp/_gbstools/gbdk/lib/small/asxxxx/gb/gb.lib
                                          [ cgb_palettes.o ]
C:\Users\luisc\AppData\Local\Temp/_gbstools/gbdk/lib/small/asxxxx/gbz80/gbz80.lib
                                          [ mul.o ]
C:\Users\luisc\AppData\Local\Temp/_gbstools/gbdk/lib/small/asxxxx/gbz80/gbz80.lib
                                          [ abs.o ]
C:\Users\luisc\AppData\Local\Temp/_gbstools/gbdk/lib/small/asxxxx/gb/gb.lib
                                          [ set_wi_t.o ]
C:\Users\luisc\AppData\Local\Temp/_gbstools/gbdk/lib/small/asxxxx/gb/gb.lib
                                          [ set_data.o ]
C:\Users\luisc\AppData\Local\Temp/_gbstools/gbdk/lib/small/asxxxx/gbz80/gbz80.lib
                                          [ reverse.o ]
C:\Users\luisc\AppData\Local\Temp/_gbstools/gbdk/lib/small/asxxxx/gb/gb.lib
                                          [ far_ptr.o ]
C:\Users\luisc\AppData\Local\Temp/_gbstools/gbdk/lib/small/asxxxx/gb/gb.lib
                                          [ sgb.o ]
C:\Users\luisc\AppData\Local\Temp/_gbstools/gbdk/lib/small/asxxxx/gb/gb.lib
                                          [ lcd.o ]
C:\Users\luisc\AppData\Local\Temp/_gbstools/gbdk/lib/small/asxxxx/gb/gb.lib
                                          [ fill_rect.o ]
C:\Users\luisc\AppData\Local\Temp/_gbstools/gbdk/lib/small/asxxxx/gb/gb.lib
                                          [ cpy_data.o ]
C:\Users\luisc\AppData\Local\Temp/_gbstools/gbdk/lib/small/asxxxx/gb/gb.lib
                                          [ fill_rect_bk.o ]
C:\Users\luisc\AppData\Local\Temp/_gbstools/gbdk/lib/small/asxxxx/gb/gb.lib
                                          [ pad.o ]
C:\Users\luisc\AppData\Local\Temp/_gbstools/gbdk/lib/small/asxxxx/gb/gb.lib
                                          [ metasprites.o ]
C:\Users\luisc\AppData\Local\Temp/_gbstools/gbdk/lib/small/asxxxx/gbz80/gbz80.lib
                                          [ __sdcc_call_hl.o ]
C:\Users\luisc\AppData\Local\Temp/_gbstools/gbdk/lib/small/asxxxx/gbz80/gbz80.lib
                                          [ _memcpy.o ]
C:\Users\luisc\AppData\Local\Temp/_gbstools/gbdk/lib/small/asxxxx/gbz80/gbz80.lib
                                          [ _memset.o ]
C:\Users\luisc\AppData\Local\Temp/_gbstools/gbdk/lib/small/asxxxx/gb/gb.lib
                                          [ ___sdcc_bcall_ehl.o ]
C:\Users\luisc\AppData\Local\Temp/_gbstools/gbdk/lib/small/asxxxx/gb/gb.lib
                                          [ cgb.o ]
C:\Users\luisc\AppData\Local\Temp/_gbstools/gbdk/lib/small/asxxxx/gbz80/gbz80.lib
                                          [ div.o ]
C:\Users\luisc\AppData\Local\Temp/_gbstools/gbdk/lib/small/asxxxx/gb/gb.lib
                                          [ set_bk_t.o ]
C:\Users\luisc\AppData\Local\Temp/_gbstools/gbdk/lib/small/asxxxx/gb/gb.lib
                                          [ set_xy_t.o ]

ASxxxx Linker V03.00 + NoICE + sdld,  page 123.

User Base Address Definitions

_DATA=0xC0A0
_CODE=0x0200
ASxxxx Linker V03.00 + NoICE + sdld,  page 124.

User Global Definitions

.STACK=0xDF00
_shadow_OAM=0xC000
.refresh_OAM=0xFF80
__start_save=28

